
> snp-camps@0.1.0 test:e2e
> node e2e/run-local.mjs


> snp-camps@0.1.0 build
> next build

▲ Next.js 16.2.11 (Turbopack)
- Environments: .env.local, .env
- Cache Components enabled
- Experiments (use with caution):
  · optimizePackageImports

  Creating an optimized production build ...
✓ Compiled successfully in 3.0s
  Running TypeScript ...
  Finished TypeScript in 4.7s ...
  Collecting page data using 21 workers ...
  Generating static pages using 21 workers (0/26) ...
  Generating static pages using 21 workers (6/26) 
  Generating static pages using 21 workers (12/26) 
  Generating static pages using 21 workers (19/26) 
✓ Generating static pages using 21 workers (26/26) in 557ms
  Finalizing page optimization ...

Route (app)                    Revalidate  Expire
┌ ◐ /                                  5s      1y
├ ○ /_not-found
├ ◐ /admin
├ ◐ /admin/patients
├ ƒ /api/aadhaar-kyc/initiate
├ ƒ /api/aadhaar-kyc/verify
├ ƒ /api/aadhaar-lookup
├ ƒ /api/admin/staff-detail
├ ƒ /api/admin/staff/[role]
├ ƒ /api/admin/test-sms
├ ƒ /api/cron/reminder-sms
├ ƒ /api/desk/live
├ ƒ /api/desk/section
├ ƒ /api/health
├ ƒ /api/notify/registration
├ ƒ /api/patients/[id]/print
├ ƒ /api/self-registration
├ ◐ /doctor
├ ◐ /login
├ ◐ /p/[id]
│ └ /p/[id]
├ ◐ /print/[id]
│ └ /print/[id]
├ ◐ /print/batch
├ ◐ /register                          5s      1y
├ ◐ /s/[token]
│ └ /s/[token]
├ ○ /self-register                     5s      1y
└ ◐ /volunteer


ƒ Proxy (Middleware)

○  (Static)             prerendered as static content
◐  (Partial Prerender)  prerendered as static HTML with dynamic server-streamed content
ƒ  (Dynamic)            server-rendered on demand

route	initial_raw	initial_gzip	deferred_raw	deferred_gzip
/	676587	202218	0	0
/_global-error	631831	186999	0	0
/_not-found	649506	193140	0	0
/admin	1389505	406129	155102	55010
/admin/patients	1355231	396434	0	0
/doctor	1363886	399283	158129	54776
/login	922480	267121	0	0
/p/[id]	649506	193140	0	0
/print/[id]	698589	209622	0	0
/print/batch	699874	210291	0	0
/register	1383685	405824	0	0
/s/[token]	649506	193140	0	0
/self-register	662868	198219	0	0
/volunteer	1391941	405686	151335	53209
# artifact C:\Users\piyus\Downloads\SNP website\snp-camps\.scratch\remediation-71\route-chunk-map.json

Running 35 tests using 1 worker

[1/35] [chromium] › e2e\a11y-computed.spec.ts:418:5 › volunteer desk: touch targets, scanner contrast, keyboard focus
[2/35] [chromium] › e2e\a11y-computed.spec.ts:520:5 › doctor desk: operational controls meet 48×48 and focus rings
[3/35] [chromium] › e2e\a11y-computed.spec.ts:555:5 › admin desk: filters and staff actions meet touch + contrast
[4/35] [chromium] › e2e\a11y-computed.spec.ts:603:5 › public register + login: touch, focus, 200% text zoom operable
[5/35] [chromium] › e2e\a11y-computed.spec.ts:658:5 › print slip chrome: actions meet touch floor (screen)
[6/35] [chromium] › e2e\a11y-computed.spec.ts:687:5 › lost-slip recovery: keyboard path and touch targets
[7/35] [chromium] › e2e\a11y-computed.spec.ts:715:5 › disabled controls remain distinguishable with readable contrast
[8/35] [chromium] › e2e\a4-batch.spec.ts:80:5 › four sequential A4 registrations → one sheet with four distinct slips
[9/35] [chromium] › e2e\a4-batch.spec.ts:191:5 › partial A4 batch Print now opens sheet with empty cells, no duplicates
[10/35] [chromium] › e2e\a4-batch.spec.ts:230:5 › thermal registration opens one-up print path immediately
[11/35] [chromium] › e2e\a4-batch.spec.ts:299:5 › max-length name and venue wrap without clipping QR (print media + PDF)
[12/35] [chromium] › e2e\a4-batch.spec.ts:379:5 › Start next sheet clears station batch storage
[13/35] [chromium] › e2e\csp.spec.ts:7:5 › served CSP protects scripts and the production page hydrates cleanly
[14/35] [chromium] › e2e\island-split.spec.ts:93:5 › production: jsqr deferred until camera open; scanner is a real split
[15/35] [chromium] › e2e\island-split.spec.ts:190:5 › production: print route may load qrcode; volunteer initial must not
[16/35] [chromium] › e2e\print-passcode.spec.ts:58:5 › desk slip has no passcode; A4 is one distinct slip + empty cells; thermal one-up
[17/35] [chromium] › e2e\print-passcode.spec.ts:121:5 › print media geometry: A4 page, QR inside bounds, no overflow clip
[18/35] [chromium] › e2e\print-passcode.spec.ts:204:5 › thermal print media: 58mm-class width, content not overflow-hidden
[19/35] [chromium] › e2e\register-print.spec.ts:136:5 › delayed success navigates pre-opened print target (no noopener open)
[20/35] [chromium] › e2e\register-print.spec.ts:216:5 › blocked popup: one registration, recovery Print, never claims window opened
[21/35] [chromium] › e2e\register-print.spec.ts:266:5 › closed pre-opened target leaves recovery Print for same patient
[22/35] [chromium] › e2e\register-print.spec.ts:310:5 › exhausted transient failure preserves fields and shows Try Again
[23/35] [chromium] › e2e\register-print.spec.ts:380:5 › terminal business error is not auto-retried and has no connectivity Try Again
[24/35] [chromium] › e2e\roles.spec.ts:54:5 › public entry points and protected-route redirects
[25/35] [chromium] › e2e\roles.spec.ts:88:5 › credential forms never put secrets in the URL before hydration
[26/35] [chromium] › e2e\roles.spec.ts:106:5 › admin can sign in, inspect the patient desk, and sign out
[27/35] [chromium] › e2e\roles.spec.ts:128:5 › volunteer can sign in and safely review a patient
[28/35] [chromium] › e2e\roles.spec.ts:148:5 › volunteer doctor picker is populated (not silently empty)
[29/35] [chromium] › e2e\roles.spec.ts:183:5 › admin doctor create invalidates volunteer picker without hard reload
[30/35] [chromium] › e2e\roles.spec.ts:256:5 › doctor can sign in and review without mutating patient status
[31/35] [chromium] › e2e\roles.spec.ts:278:5 › staff-scan QR never logs a public visitor in
[32/35] [chromium] › e2e\roles.spec.ts:288:5 › invalid QR path shows clear help
[33/35] [chromium] › e2e\roles.spec.ts:294:5 › staff deep-link scan opens lookup-first desk
[34/35] [chromium] › e2e\roles.spec.ts:315:5 › garbage reg/QR text fails closed without crashing desk
[35/35] [chromium] › e2e\roles.spec.ts:337:5 › doctor mark seen returns to scanner with no dismiss screen
  35 passed (1.4m)

(node:24184) [DEP0190] DeprecationWarning: Passing args to a child process with shell option true can lead to security vulnerabilities, as the arguments are not escaped, only concatenated.
(Use `node --trace-deprecation ...` to show where the warning was created)
