
> snp-camps@0.1.0 build
> next build

▲ Next.js 16.2.11 (Turbopack)
- Environments: .env.local, .env
- Cache Components enabled
- Experiments (use with caution):
  · optimizePackageImports

  Creating an optimized production build ...
✓ Compiled successfully in 3.3s
  Running TypeScript ...
  Finished TypeScript in 4.3s ...
  Collecting page data using 21 workers ...
  Generating static pages using 21 workers (0/26) ...
  Generating static pages using 21 workers (6/26) 
  Generating static pages using 21 workers (12/26) 
  Generating static pages using 21 workers (19/26) 
✓ Generating static pages using 21 workers (26/26) in 573ms
  Finalizing page optimization ...

Route (app)                    Revalidate  Expire
┌ ◐ /                                  5s      1y
├ ○ /_not-found
├ ◐ /admin
├ ◐ /admin/patients
├ ƒ /api/aadhaar-kyc/initiate
├ ƒ /api/aadhaar-kyc/verify
├ ƒ /api/aadhaar-lookup
├ ƒ /api/admin/staff-detail
├ ƒ /api/admin/staff/[role]
├ ƒ /api/admin/test-sms
├ ƒ /api/cron/reminder-sms
├ ƒ /api/desk/live
├ ƒ /api/desk/section
├ ƒ /api/health
├ ƒ /api/notify/registration
├ ƒ /api/patients/[id]/print
├ ƒ /api/self-registration
├ ◐ /doctor
├ ◐ /login
├ ◐ /p/[id]
│ └ /p/[id]
├ ◐ /print/[id]
│ └ /print/[id]
├ ◐ /print/batch
├ ◐ /register                          5s      1y
├ ◐ /s/[token]
│ └ /s/[token]
├ ○ /self-register                     5s      1y
└ ◐ /volunteer


ƒ Proxy (Middleware)

○  (Static)             prerendered as static content
◐  (Partial Prerender)  prerendered as static HTML with dynamic server-streamed content
ƒ  (Dynamic)            server-rendered on demand


