
> snp-camps@0.1.0 test
> node --no-warnings --import ./tests/route-loader.mjs --test --test-concurrency=1 tests/*.test.mjs

✔ touch-min is 48px (3rem) (0.7417ms)
✔ focus-visible ring and prefers-reduced-motion stay on (0.1922ms)
✔ skip link + field Input errors use alert role (0.1579ms)
✔ shared Button/Input targets are ≥48px (min-h-12 or 3.25rem) (0.1124ms)
✔ #69 seat-board / freshness / admin controls declare ≥48px classes (0.9504ms)
✔ palette pairs meet AA normal text (≥4.5:1) for body/labels (0.9425ms)
✔ empty queue constants (1.4196ms)
✔ addToA4Batch keeps distinct ids in order up to four (0.4809ms)
✔ duplicate id is rejected without growing the queue (0.1219ms)
✔ invalid uuid is rejected (0.0962ms)
✔ parseA4BatchQueue strips PII-like keys and invalid ids; bounds to 4 (0.3578ms)
✔ clearA4Batch empties (0.2423ms)
✔ parseA4BatchIdsParam de-dupes and bounds (0.3816ms)
✔ batch print paths encode distinct ids only (0.4411ms)
✔ duplicate Aadhaar last-4 + name raises mapped message with reg no (76.3165ms)
✔ staff override inserts second row and records who and when (38.0236ms)
✔ service_role cannot pass aadhaar override (21.5931ms)
✔ session stores only a keyed Aadhaar digest and consumes verified data once (1.6282ms)
✔ initiate is explicitly unavailable without provider or pepper (5.1166ms)
✔ initiate validates Aadhaar before the provider and returns only an opaque handle (1.6466ms)
✔ verify distinguishes rejection and successful verification is not reusable (3.4393ms)
✔ unconfigured or unknown provider selection is explicit and disabled (2.0069ms)
✔ mock provider completes deterministically and maps OTP failures (1.531ms)
✔ Digio validates Verhoeff before HTTP and enforces redirect and timeout bounds (28.4909ms)
✔ provider responses normalize profile fields and never return Aadhaar (1.4111ms)
✔ HTTP failures distinguish rejected, expired, and uncertain outcomes (0.7954ms)
✔ network failures are retryable and sensitive identifiers are redacted (0.29ms)
✔ rejects unknown role with 400 before database access (4.9616ms)
✔ doctor: create provisions profile and invalidates doctors-list (3.8428ms)
✔ doctor: reset password returns temporary password and invalidates cache (2.0192ms)
✔ doctor: deactivate sets disabled_at, bans sign-in, invalidates cache (1.6751ms)
✔ doctor: reactivate clears disabled_at and invalidates cache (1.6722ms)
✔ volunteer: create provisions profile and invalidates doctors-list (1.3827ms)
✔ volunteer: reset password returns temporary password and invalidates cache (2.7733ms)
✔ volunteer: deactivate sets disabled_at, bans sign-in, invalidates cache (0.3762ms)
✔ volunteer: reactivate clears disabled_at and invalidates cache (0.4365ms)
✔ admin cannot deactivate their own account (0.517ms)
✔ GET list returns staff rows for the path role (0.5112ms)
✔ GET test-sms requires admin and reports configuration (7.1978ms)
✔ POST test-sms rejects unconfigured provider (2.5565ms)
✔ doctor assign of registered returns check_in_required and leaves row unchanged (59.4666ms)
✔ volunteer assign of registered returns check_in_required (40.0373ms)
✔ waiting patient transitions to seen once and preserves check-in fields (42.9134ms)
✔ repeat assign on seen is terminal and never reassigns doctor (51.6734ms)
✔ concurrent assign cannot produce different doctors or skip waiting rule (74.3029ms)
[TEST LOG] START test A 2026-07-26T19:22:08.203Z
[TEST LOG] END test A 2026-07-26T19:22:08.506Z
[TEST LOG] START test B 2026-07-26T19:22:08.507Z
▶ camp-day capacity concurrency
  ✔ reg holds day lock while admin lowers limit → edit rejects; limit ≥ count (303.5014ms)
[TEST LOG] END test B 2026-07-26T19:22:08.794Z
[TEST LOG] START test C 2026-07-26T19:22:08.794Z
  ✔ edit locks first then reg follows → capacity preserved (reg full) (287.0344ms)
[TEST LOG] END test C 2026-07-26T19:22:08.863Z
[TEST LOG] START test D 2026-07-26T19:22:08.864Z
  ✔ two concurrent regs at final seat → at most one success (69.5985ms)
[TEST LOG] END test D 2026-07-26T19:22:08.929Z
[TEST LOG] START test E 2026-07-26T19:22:08.930Z
  ✔ edit equal/above count succeeds; below returns SEAT_LIMIT_BELOW_ASSIGNED (65.6759ms)
[TEST LOG] END test E 2026-07-26T19:22:09.000Z
[TEST LOG] START test stress 2026-07-26T19:22:09.000Z
  ✔ smoke: not-found, wrong camp, non-admin permission (70.371ms)
  ✔ stress: repeated edit/reg interleavings complete without deadlock (553.6515ms)
✔ camp-day capacity concurrency (1370.9479ms)
✔ Realtime patient subscription modules are gone (1.398ms)
✔ src has no postgres_changes or supabase channel subscribe for desks (11.9012ms)
✔ public/register SeatBoard call sites never pass live (0.6044ms)
✔ staff desks enable live seat board or live bridge (0.5041ms)
✔ #50 doctor station marks seen without confirm dialog copy (0.5266ms)
✔ #57 doctor registered review has no Mark seen; check-in instruction present (0.5816ms)
✔ #58 scanner uses camera session + decode orchestrator generation guards (0.3696ms)
✔ SeatBoard live defaults false; staff path uses shared desk owner (0.3212ms)
✔ staff queue/seat use shared camp desk live owner (0.426ms)
✔ #56 continuous ~20s poll is the staff freshness owner (0.6309ms)
✔ doctor bridge polls continuously without Realtime (0.4201ms)
✔ #56 no staff copy instructs manual-only refresh on live desks (0.4407ms)
✔ #26 no unstable_cache in src/ (8.3102ms)
✔ #26 doctor list uses use cache + doctors-list tag (0.343ms)
✔ #26 active camp snapshot uses use cache + tag (0.2869ms)
✔ out-of-order: only latest generation applies (152.6165ms)
✔ two subscribers share one owner and one in-flight fetch (0.6576ms)
✔ pending removals are id-keyed and independent (31.3501ms)
✔ failed refresh after client snapshot preserves rows and marks stale-error (61.3447ms)
✔ pre-reg stays registered and is excluded from waiting queue (52.882ms)
✔ check_in is idempotent for waiting and blocks seen (101.6487ms)
✔ queue order is by check-in time not registration time (69.5121ms)
✔ name search returns only registered for active camp (28.0476ms)
✔ name search finds one-character typo via trigram (#61) (22.4979ms)
✔ name search finds simple transposition via trigram (#61) (27.2805ms)
✔ exact prefix ranks before fuzzy matches (#61) (28.0299ms)
✔ name search excludes other camp and seen (#61) (40.3954ms)
✔ name search returns at most 10 deterministic rows (#61) (52.299ms)
✔ search plan uses registered filter and name index path (#61 EXPLAIN) (30.1666ms)
✔ Aadhaar helpers normalize without retaining extra digits (0.8969ms)
✔ Aadhaar checksum rejects malformed and repeated values (0.2263ms)
✔ gender normalization accepts common provider values (0.1196ms)
✔ QR parser accepts staff-scan identifiers only (0.6767ms)
✔ QR parser handles noisy camera reads and length bounds (0.2627ms)
✔ isPatientUuid and resolveOrigin validate inputs (0.1825ms)
✔ Staff excludes doctor; Camp crew includes all three desk roles (0.3229ms)
✔ CSP script-src keeps self and nonce without unsafe-inline or strict-dynamic (0.61ms)
✔ registration number parser rejects overflow and malformed values (0.2612ms)
✔ password policy matches Supabase Auth minimum length (0.2421ms)
✔ patient URLs are staff-scan canonical and staff passwords avoid ambiguous characters (0.6194ms)
✔ sensitive provider URLs require a secure transport (0.3468ms)
✔ admin bootstrap sends its service key only to the exact Supabase project (0.8141ms)
✔ rate limits enforce both client IP and supplied subject (29.1531ms)
✔ rate limits block IP burst and subject rotation independently (1.4567ms)
✔ notification phone normalization accepts common Indian formats (0.3355ms)
✔ only a completed, error-free doctor assignment is successful (0.1826ms)
✔ queue labels and tones map known statuses (0.1541ms)
[reminder-sms] cron called while CRON_SECRET is unconfigured
[reminder-sms] job done {
  tomorrow: '2026-07-28',
  considered: 0,
  sent: 0,
  skipped: 0,
  failed: 0,
  ambiguous: 0,
  ok: true
}
[reminder-sms] list failed relation missing
[sms-failure] {
  template: 'reminder',
  detail: 'relation missing',
  phoneLast4: undefined
}
✔ cron rejects unauthenticated calls (4.8388ms)
✔ cron with valid secret runs job (empty candidates) (2.8514ms)
✔ cron list failure returns non-2xx and ok:false (1.5491ms)
DESK_LIVE_PAYLOAD_100_BYTES 12314
✔ 100-waiting desk-live payload stays small (closing evidence) (1.326ms)
✔ desk-live route source never loads doctors or staff KPIs (0.5561ms)
✔ GET /api/desk/live rejects unauthenticated and non-crew (4.1515ms)
✔ GET /api/desk/live requires campId UUID (0.9888ms)
[db-error] desk-ops.lookup {
  code: '08006',
  message: 'connection_failure',
  details: undefined,
  hint: undefined,
  status: undefined,
  category: 'transient',
  retryable: true
}
[db-error] desk-ops.lookup {
  code: '08006',
  message: 'connection_failure',
  details: undefined,
  hint: undefined,
  status: undefined,
  category: 'transient',
  retryable: true
}
[db-error] desk-ops.lookup {
  code: '08006',
  message: 'connection_failure',
  details: undefined,
  hint: undefined,
  status: undefined,
  category: 'transient',
  retryable: true
}
[db-error] desk-ops.lookup {
  code: '40001',
  message: 'could not serialize access',
  details: undefined,
  hint: undefined,
  status: undefined,
  category: 'transient',
  retryable: true
}
[db-error] desk-ops.lookup {
  code: '42501',
  message: 'permission denied for table patients',
  details: undefined,
  hint: undefined,
  status: undefined,
  category: 'permission',
  retryable: false
}
[db-error] desk-ops.assign {
  code: '57014',
  message: 'canceling statement due to statement timeout',
  details: undefined,
  hint: undefined,
  status: undefined,
  category: 'timeout',
  retryable: true
}
[db-error] desk-ops.assign {
  code: '57014',
  message: 'canceling statement due to statement timeout',
  details: undefined,
  hint: undefined,
  status: undefined,
  category: 'timeout',
  retryable: true
}
[db-error] desk-ops.assign {
  code: '57014',
  message: 'canceling statement due to statement timeout',
  details: undefined,
  hint: undefined,
  status: undefined,
  category: 'timeout',
  retryable: true
}
[db-error] desk-ops.assign {
  code: '08006',
  message: 'connection_failure',
  details: undefined,
  hint: undefined,
  status: undefined,
  category: 'transient',
  retryable: true
}
[db-error] desk-ops.assign {
  code: '08006',
  message: 'connection_failure',
  details: undefined,
  hint: undefined,
  status: undefined,
  category: 'transient',
  retryable: true
}
[db-error] desk-ops.assign {
  code: '08006',
  message: 'connection_failure',
  details: undefined,
  hint: undefined,
  status: undefined,
  category: 'transient',
  retryable: true
}
[db-error] desk-ops.assign {
  code: '57014',
  message: 'canceling statement due to statement timeout',
  details: undefined,
  hint: undefined,
  status: undefined,
  category: 'timeout',
  retryable: true
}
[db-error] desk-ops.change-day {
  code: undefined,
  message: 'Failed to fetch',
  details: undefined,
  hint: undefined,
  status: undefined,
  category: 'transient',
  retryable: true
}
[db-error] desk-ops.change-day {
  code: undefined,
  message: 'Failed to fetch',
  details: undefined,
  hint: undefined,
  status: undefined,
  category: 'transient',
  retryable: true
}
[db-error] desk-ops.change-day {
  code: undefined,
  message: 'Failed to fetch',
  details: undefined,
  hint: undefined,
  status: undefined,
  category: 'transient',
  retryable: true
}
[db-error] desk-ops.change-day {
  code: 'P0001',
  message: 'That day is full (40 seats taken)',
  details: undefined,
  hint: undefined,
  status: undefined,
  category: 'capacity',
  retryable: false
}
[db-error] desk-ops.change-day {
  code: '42501',
  message: 'permission denied for function change_camp_day',
  details: undefined,
  hint: undefined,
  status: undefined,
  category: 'permission',
  retryable: false
}
[db-error] desk-ops.change-day {
  code: '08006',
  message: 'connection_failure',
  details: undefined,
  hint: undefined,
  status: undefined,
  category: 'transient',
  retryable: true
}
[db-error] desk-ops.change-day {
  code: 'XX000',
  message: 'weird internal',
  details: undefined,
  hint: undefined,
  status: undefined,
  category: 'unknown',
  retryable: false
}
[db-error] desk-ops.check-in {
  code: '08006',
  message: 'connection_failure',
  details: undefined,
  hint: undefined,
  status: undefined,
  category: 'transient',
  retryable: true
}
[db-error] desk-ops.check-in {
  code: '08006',
  message: 'connection_failure',
  details: undefined,
  hint: undefined,
  status: undefined,
  category: 'transient',
  retryable: true
}
[db-error] desk-ops.check-in {
  code: '08006',
  message: 'connection_failure',
  details: undefined,
  hint: undefined,
  status: undefined,
  category: 'transient',
  retryable: true
}
[db-error] desk-ops.check-in {
  code: '40001',
  message: 'could not serialize access',
  details: undefined,
  hint: undefined,
  status: undefined,
  category: 'transient',
  retryable: true
}
[db-error] desk-ops.check-in {
  code: '42501',
  message: 'permission denied for function check_in_patient',
  details: undefined,
  hint: undefined,
  status: undefined,
  category: 'permission',
  retryable: false
}
[db-error] desk-ops.search {
  code: '42501',
  message: 'permission denied for function search_registered_patients',
  details: undefined,
  hint: undefined,
  status: undefined,
  category: 'permission',
  retryable: false
}
[db-error] desk-ops.search {
  code: undefined,
  message: 'Failed to fetch',
  details: undefined,
  hint: undefined,
  status: undefined,
  category: 'transient',
  retryable: true
}
[db-error] desk-ops.search {
  code: undefined,
  message: 'Failed to fetch',
  details: undefined,
  hint: undefined,
  status: undefined,
  category: 'transient',
  retryable: true
}
[db-error] desk-ops.search {
  code: undefined,
  message: 'Failed to fetch',
  details: undefined,
  hint: undefined,
  status: undefined,
  category: 'transient',
  retryable: true
}
[db-error] desk-ops.search {
  code: '57014',
  message: 'canceling statement due to statement timeout',
  details: undefined,
  hint: undefined,
  status: undefined,
  category: 'timeout',
  retryable: true
}
[db-error] desk-ops.search {
  code: 'XX000',
  message: 'relation patients exploded',
  details: undefined,
  hint: undefined,
  status: undefined,
  category: 'unknown',
  retryable: false
}
✔ lookup retries twice on 08006 then surfaces exhausted copy (5.0857ms)
✔ lookup success on second attempt after serialization_failure (0.4651ms)
✔ lookup patient-not-found is not retried (0.2729ms)
✔ lookup permission denial 42501 is not retried (0.4831ms)
✔ assign retries twice on timeout then surfaces exhausted copy (0.7011ms)
✔ assign keeps the same doctor id on every retry (no double-assign params) (0.6254ms)
✔ assign already_seen after flaky first call is terminal success (no re-assign) (0.3825ms)
✔ assign doctor_required is not retried (0.2105ms)
✔ assign check_in_required is not retried and uses worker copy (0.2951ms)
✔ change-day retries twice on thrown transport then surfaces exhausted copy (0.6692ms)
✔ change-day business error (day full P0001) is not retried (0.3103ms)
✔ change-day RLS denial is not retried (0.2429ms)
✔ change-day success on second attempt preserves day id arg (0.27ms)
✔ change-day unknown XX000 is terminal (not three internet retries) (0.2246ms)
✔ check-in retries twice on 08006 then surfaces exhausted copy (0.5458ms)
✔ check-in success on second attempt after serialization_failure (0.4036ms)
✔ check-in already_seen is terminal and uses safe copy (0.239ms)
✔ check-in permission denial is not retried and hides raw text (0.2706ms)
✔ check-in already_waiting success is not retried (0.1543ms)
✔ search empty rows is success empty — not an error (#61) (0.3273ms)
✔ search RLS / permission is error not empty match (0.3402ms)
✔ search transport failure retries then exhausted copy (0.4752ms)
✔ search success on second attempt returns rows (0.3903ms)
✔ search unknown XX000 is terminal error not empty (0.4056ms)
[db-error] staff-register.rpc {
  code: 'P0001',
  message: 'This day is full (40 seats). Choose another day.',
  details: undefined,
  hint: undefined,
  status: undefined,
  category: 'capacity',
  retryable: false
}
[db-error] staff-register.rpc {
  code: '42501',
  message: 'permission denied for function register_patient_idempotent',
  details: undefined,
  hint: undefined,
  status: undefined,
  category: 'permission',
  retryable: false
}
[db-error] staff-register.rpc {
  code: '08006',
  message: 'connection_failure',
  details: undefined,
  hint: undefined,
  status: undefined,
  category: 'transient',
  retryable: true
}
[db-error] staff-register.rpc {
  code: '08006',
  message: 'connection_failure',
  details: undefined,
  hint: undefined,
  status: undefined,
  category: 'transient',
  retryable: true
}
[db-error] staff-register.rpc {
  code: '08006',
  message: 'connection_failure',
  details: undefined,
  hint: undefined,
  status: undefined,
  category: 'transient',
  retryable: true
}
[db-error] staff-register.rpc {
  code: '08006',
  message: 'connection_failure',
  details: undefined,
  hint: undefined,
  status: undefined,
  category: 'transient',
  retryable: true
}
[db-error] staff-register.rpc {
  code: '08006',
  message: 'connection_failure',
  details: undefined,
  hint: undefined,
  status: undefined,
  category: 'transient',
  retryable: true
}
[db-error] staff-register.rpc {
  code: '08006',
  message: 'connection_failure',
  details: undefined,
  hint: undefined,
  status: undefined,
  category: 'transient',
  retryable: true
}
[db-error] staff-register.rpc {
  code: '08006',
  message: 'connection_failure',
  details: undefined,
  hint: undefined,
  status: undefined,
  category: 'transient',
  retryable: true
}
✔ patientPrintPath points at auto-print slip route (0.9554ms)
✔ acquireDeskPrintTarget: blocked null is distinct from valid handle (0.2077ms)
✔ acquireDeskPrintTarget: opener severed before any caller await can run (0.6579ms)
✔ acquireDeskPrintTarget: closed handle returns false and abandon closes blank tab (0.3014ms)
✔ aadhaar/likely duplicates and terminal errors are not retryable; transport is (0.1633ms)
✔ retries twice on retryable=true then surfaces the plain failure sentence (0.3109ms)
✔ success on second attempt stops retries (0.1786ms)
✔ aadhaar conflict is not retried (0.1324ms)
✔ likely-duplicate warning is not retried (0.1524ms)
✔ day-full structured error is not retried and keeps capacity copy (2.1053ms)
✔ permission denial is not retried (0.6557ms)
✔ connection-class error is retried then exhausted with showTryAgain (0.9419ms)
✔ runDeskRegisterAndPrint surfaces likelyDuplicateRegNo and abandons target (0.3705ms)
✔ register-then-print: same request id on retries; navigate then onSuccess then rotate/reset (0.8438ms)
✔ blocked popup: registration succeeds once, print=recovery, no false navigate (0.4722ms)
✔ closed target after delay: recovery path, patient still registered (0.3255ms)
✔ failed register never navigates print or resets (1.08ms)
✔ noop openWindow features string never includes noopener in helper contract (0.3098ms)
✔ default format is a4 multi-up (1.1279ms)
✔ parse accepts a4 and thermal58 (case-insensitive) (0.1842ms)
✔ isDeskSlipFormat is strict (0.1623ms)
✔ labels and storage key stay stable for station setting (0.1823ms)
✔ getDoctorsList: service-role present and query succeeds (1.8819ms)
✔ getDoctorsList: service-role present and query errors throws (0.7688ms)
✔ getDoctorsList: service-role key absent throws (0.3485ms)
✔ getDoctorsList: empty result is success (not an error) (0.5286ms)
[db-error] desk-ops.change-day {
  code: 'P0001',
  message: 'That day is full (40 seats taken)',
  details: undefined,
  hint: undefined,
  status: undefined,
  category: 'capacity',
  retryable: false
}
[db-error] desk-ops.lookup {
  code: '08006',
  message: 'connection_failure',
  details: undefined,
  hint: undefined,
  status: undefined,
  category: 'transient',
  retryable: true
}
[db-error] desk-ops.lookup {
  code: '08006',
  message: 'connection_failure',
  details: undefined,
  hint: undefined,
  status: undefined,
  category: 'transient',
  retryable: true
}
[db-error] desk-ops.lookup {
  code: '08006',
  message: 'connection_failure',
  details: undefined,
  hint: undefined,
  status: undefined,
  category: 'transient',
  retryable: true
}
[db-error] staff-register.rpc {
  code: 'P0001',
  message: 'That day is full (40 seats taken)',
  details: undefined,
  hint: undefined,
  status: undefined,
  category: 'capacity',
  retryable: false
}
[db-error] desk-ops.search {
  code: '42501',
  message: 'permission denied for function search_registered_patients',
  details: undefined,
  hint: undefined,
  status: undefined,
  category: 'permission',
  retryable: false
}
✔ STRESS #60: DB Connection drops, timeouts, and transport errors are retryable allow-list (20.3218ms)
✔ STRESS #60: Terminal business, validation, permission, and unknown errors are NEVER retryable (0.299ms)
✔ STRESS #60: Log masking — sensitive internal DB detail is never leaked to public message (0.1424ms)
✔ STRESS #60: Retry loop stops immediately on non-retryable error (0 extra attempts) (0.7401ms)
✔ STRESS #60: Transient failure retries up to max 3 attempts then returns exhausted copy (0.6164ms)
✔ STRESS #62: acquireDeskPrintTarget never uses 'noopener' feature string (0.1709ms)
✔ STRESS #62: Blocked popup window (window.open -> null) completes registration with recovery state (0.462ms)
✔ STRESS #62: Closed target handle returns print='recovery' without crashing or double registration (0.2374ms)
✔ STRESS #62: Registration failure abandons print target tab without form reset or onSuccess callback (0.3216ms)
✔ STRESS #61: Search truthful empty handling vs permission error (0.7737ms)
✔ STRESS #61: Trigram ranking edge cases (typos, exact prefix, case-insensitivity) (57.9248ms)
✔ STRESS #61: Lost-slip patient check-in updates status to waiting with queued_at (27.9647ms)
▶ EMPIRICAL CHALLENGE M3-1: Capacity, Duplicate & SMS Serialization Stress Tests
  ✔ EMPIRICAL #66: 20 concurrent registration workers on seat limit = 5 → exactly 5 succeed, 15 fail, limit ≥ taken invariant holds (150.2968ms)
  ✔ EMPIRICAL #66: Interleaved concurrent seat limit updates & registrations → seat_limit >= count invariant NEVER broken (128.2602ms)
  ✔ EMPIRICAL #67: 10 concurrent registrations with identical soft key (name+age) across DIFFERENT days → soft lock serializes: 1 insert, 9 LIKELY_DUPLICATE warnings (86.423ms)
  ✔ EMPIRICAL #67: Manual staff override (likelyOverride = true) successfully creates second patient and attributes override (64.6358ms)
  ✔ EMPIRICAL #65: 10 concurrent workers claiming same pending SMS delivery → exactly 1 worker wins claim (50.5152ms)
  ✔ EMPIRICAL #68: Applied migration head matches contract & catalog probe satisfies all checks (26.9398ms)
✔ EMPIRICAL CHALLENGE M3-1: Capacity, Duplicate & SMS Serialization Stress Tests (525.3137ms)
✔ STRESS: Rapid start/stop/unmount cycles & delayed acquire out-of-order resolution (39.5767ms)
✔ STRESS: getUserMedia failure / rejection does not crash session or leak state (0.3299ms)
✔ STRESS: Orchestrator high-frequency state flapping & error handling during native detect (1.0757ms)
✔ STRESS: Synchronous decode under invalidation and freeze (0.2636ms)
✔ STRESS: High-concurrency assignment burst across registered vs waiting patients (258.6934ms)
✔ STRESS: Invalid roles, disabled doctor, and inactive camp exception checks (56.0362ms)
▶ Evidence Capture & Validator Tooling (#74)
  ✔ redactSecretsAndPhi redacts JWT, Supabase keys, DB passwords, and Aadhaar (1.4557ms)
  ✔ parseCounts extracts node --test, DB, and Playwright metrics (0.6711ms)
  ✔ validateManifest rejects missing required stages (0.9577ms)
  ✔ validateManifest rejects non-zero exit codes (5.0668ms)
  ✔ validateManifest detects SHA256 tamper/mismatch (1.1075ms)
  ✔ validateManifest rejects handwritten ellipses truncation (1.2375ms)
  ✔ validateManifest flags unredacted secrets in log outputs (1.4349ms)
  ✔ validateClosureDocument enforces required closure sections (0.3502ms)
✔ Evidence Capture & Validator Tooling (#74) (13.6102ms)
✔ formatCampDay anchors YYYY-MM-DD at Asia/Kolkata midnight (0.9545ms)
✔ year-boundary date: IST convention disagrees with UTC-midnight-in-LA (0.4055ms)
✔ formatCampDay is stable for a mid-year date (0.1353ms)
✔ malformed input is returned unchanged (0.1332ms)
✔ formatCampDaySms is compact GSM-7 (no weekday) (0.1898ms)
✔ types re-exports the same formatter (2.9481ms)
✔ old noon-local helper is still the shape we deleted (sanity) (0.2807ms)
✔ thirteenth readiness probe in the window is 429 (6.9036ms)
✔ liveness is never rate-limited across thirty requests (4.3924ms)
✔ ready-ok when fully aligned: 200 with all checks (1.6518ms)
✔ migration-head discovery failure → 503 (never 200) (0.7109ms)
✔ repository/applied head mismatch → 503 (0.5396ms)
✔ missing critical function in catalog → 503 (0.5347ms)
✔ missing sms_deliveries table → 503 on schema and sms_ledger (0.525ms)
✔ patients in Realtime publication → 503 (0.4237ms)
✔ status_token grant to authenticated → 503 on rpc_grants (1.0392ms)
✔ catalog probe RPC failure → 503 (0.6083ms)
✔ database unreachable → 503 (0.6453ms)
✔ probe timeout → 503 within budget (2507.1192ms)
✔ no service-role client → 503 (0.7764ms)
✔ non-critical historical object absent does not fail when not in contract (0.4496ms)
✔ no code path references app_database_contract (17.2634ms)
✔ checkBudgets fails when a route exceeds its gzipped budget (1.3643ms)
✔ checkBudgets fails when a measured route has no budget entry (0.8334ms)
✔ checkBudgets passes when every route is within budget (0.1517ms)
✔ budgetFromMeasured rounds up slightly above the measurement (0.1995ms)
✔ loadBudgets accepts flat map or { routes } wrapper (3.9466ms)
✔ classifyChunkRefs treats Turbopack Promise.all loads as async (0.4996ms)
✔ checkEagerMarkers fails when jsqr library is in an initial chunk (2.7183ms)
✔ checkEagerMarkers detects minified jsqr (BitMatrix+VERSIONS / decimal hex) (2.7821ms)
✔ checkEagerMarkers passes when only property name jsQR appears (2.7451ms)
✔ main exits non-zero when budgets are deliberately too low (152.2869ms)
✔ two connections same name+age: one insert, other LIKELY_DUPLICATE (253.7596ms)
✔ warned request can override once with attribution (67.4383ms)
✔ shared family phone different person remains overridable (69.6068ms)
✔ different duplicate keys proceed without soft-lock serialization (266.0892ms)
✔ two-key inputs stress: no deadlock across concurrent desks (297.7127ms)
✔ phone-only concurrent race serializes like name+age (160.5946ms)
✔ name + age match in same camp raises LIKELY_DUPLICATE with reg no (79.4695ms)
✔ phone match in same camp raises LIKELY_DUPLICATE (39.247ms)
✔ same name+age in a different camp does not warn (48.5627ms)
✔ likely override inserts second row and records who and when; not sticky (41.6957ms)
✔ check-in of soft-match reg creates no new patient (35.7125ms)
✔ soft match query is indexed (name+age plan uses index) (2.8778ms)
✔ sendMsg91TemplateSms posts flow payload with authkey header (26.1354ms)
✔ sendMsg91TemplateSms maps HTTP errors without throwing (0.4297ms)
✔ repo migration head matches EXPECTED_MIGRATION_HEAD constant (21.405ms)
✔ applied ledger head agrees with contract after clean migrations (1.8274ms)
✔ readiness_catalog_probe returns full contract facts on clean DB (25.0784ms)
✔ patients absent from supabase_realtime (catalog fact) (1.4805ms)
✔ probe is not executable by anon or authenticated (1.0509ms)
✔ evaluateCatalogFacts fails closed on missing critical column (0.5492ms)
✔ probe output contains no PHI-looking fields (4.328ms)
✔ catalog: link_patient_phone absent; patients.user_id absent; no role default (44.5927ms)
✔ residual patient-role profile cannot read patients or change day (63.7983ms)
✔ staff can change camp day; disabled staff denied (58.636ms)
✔ explicit staff profile insert works without handle_new_user side effect (11.2319ms)
✔ local config disables public signup (repo source) (1.351ms)
✔ name + age only (no phone, no address) succeeds (1.6006ms)
✔ missing name fails (0.153ms)
✔ missing age fails (0.0974ms)
✔ invalid phone fails; blank phone ok (0.2574ms)
✔ aadhaar last-4 accepted when filled (0.1128ms)
✔ full day rejected (0.2761ms)
✔ doctor cannot select unrelated patient PHI or status_token (76.1621ms)
✔ volunteer can select active-camp desk fields but not status_token (29.0786ms)
✔ admin can select active-camp patients but not status_token via table grant (25.066ms)
✔ disabled volunteer cannot select patients (20.7499ms)
✔ volunteer cannot select patients on inactive camp (20.4247ms)
✔ staff registration notify RPC returns status_token; doctor cannot (39.6816ms)
✔ patients table is absent from supabase_realtime publication (2.3579ms)
[db-error] test {
  code: undefined,
  message: 'day is full — select a camp day with seats',
  details: undefined,
  hint: undefined,
  status: undefined,
  category: 'capacity',
  retryable: false
}
✔ known Postgres unique violation maps to camp-worker copy (2.3611ms)
✔ RLS / permission denial maps to permission copy (0.7783ms)
✔ foreign key violation maps without leaking table names (0.3894ms)
✔ AADHAAR_DUPLICATE keeps structured desk copy (0.6661ms)
✔ registration day-full phrase maps (2.0718ms)
✔ SEAT_LIMIT_BELOW_ASSIGNED maps to capacity copy with count (#66) (0.3524ms)
✔ legacy seats-below-taken phrase still maps (#66) (0.1232ms)
✔ unknown code maps to safe generic and never returns raw text (0.2468ms)
✔ unknown error logs raw text when log is enabled (0.3702ms)
✔ custom fallback is used when nothing matches (0.2047ms)
✔ publicRegistrationError uses registration fallback (0.1496ms)
✔ classify: transport failure flag (0.3196ms)
✔ classify: timedOut flag (0.1325ms)
✔ classify: HTTP 503 (0.0791ms)
✔ classify: connection failure 08006 (0.0458ms)
✔ classify: serialization_failure 40001 (0.084ms)
✔ classify: deadlock 40P01 (0.0907ms)
✔ classify: statement timeout 57014 (0.0485ms)
✔ classify: browser Failed to fetch (legacy message fallback) (0.0459ms)
✔ classify: insufficient privilege 42501 (0.1739ms)
✔ classify: unique violation 23505 (0.045ms)
✔ classify: not found PGRST116 (0.0358ms)
✔ classify: invalid input 22P02 (0.0377ms)
✔ classify: schema cache / missing function PGRST202 (0.035ms)
✔ classify: undefined table 42P01 (0.0303ms)
✔ classify: RPC raise day full (P0001) is terminal (0.0609ms)
✔ classify: SEAT_LIMIT_BELOW_ASSIGNED is terminal capacity (0.0402ms)
✔ classify: inactive camp phrase is terminal (0.056ms)
✔ classify: unknown XX000 is terminal (not retried) (0.0356ms)
✔ classify: AADHAAR_DUPLICATE is terminal (0.0388ms)
✔ classify logs category and retryable without putting raw text in publicMessage (0.139ms)
✔ canUseNativeQrDetector is false without BarcodeDetector (0.9147ms)
✔ canUseNativeQrDetector requires getSupportedFormats to list qr_code (0.3723ms)
✔ decodeQrFromImageData returns null when decoder finds nothing (0.3758ms)
✔ freeze after terminal exhaustion blocks same-code re-arm until unfreeze (#61) (3.1741ms)
✔ stop during pending detect produces no callback (0.3045ms)
✔ unmount-style invalidate after acquire stops tracks and rejects stale stream (0.4053ms)
✔ rapid begin A then B does not keep A's stream (0.2546ms)
✔ pause then delayed detect does not callback; resume allows next (0.3185ms)
✔ freeze blocks auto re-decode until unfreeze (0.2102ms)
✔ debounce ignores same raw QR after mark-seen (0.3571ms)
✔ single in-flight: second detect waits for first to finish (0.243ms)
✔ replay with null camp_day returns the original registration (49.9257ms)
✔ N concurrent registrations against M seats yield exactly M successes (61.0017ms)
✔ concurrent change_camp_day cannot overbook a full day (61.8082ms)
✔ register_patient wrapper is gone from the catalog (1.286ms)
[db-error] staff-register.rpc {
  code: undefined,
  message: 'temporary',
  details: undefined,
  hint: undefined,
  status: undefined,
  category: 'unknown',
  retryable: false
}
[db-error] staff-register.rpc {
  code: undefined,
  message: 'temporary',
  details: undefined,
  hint: undefined,
  status: undefined,
  category: 'unknown',
  retryable: false
}
[db-error] staff-register.rpc {
  code: undefined,
  message: 'temporary',
  details: undefined,
  hint: undefined,
  status: undefined,
  category: 'unknown',
  retryable: false
}
✔ non-staff registration is rejected (desk only) (7.6955ms)
✔ staff registration submit sends a non-empty UUID p_request_id to the RPC (0.4084ms)
✔ requestId is stable across retries of the same submission (1.7758ms)
✔ requestId rotates after success (next walk-in) and after resetForm (0.2404ms)
✔ staff payload builder includes the attempt id (not optional) (0.1378ms)
✔ parseAadhaarDuplicateError extracts reg no and ignores noise (1.0564ms)
✔ staff RPC passes one-shot aadhaar override flag (0.5225ms)
✔ staff outbound surfaces aadhaarDuplicateRegNo from RPC error (0.4811ms)
✔ parseLikelyDuplicateError extracts reg no (0.2409ms)
✔ staff RPC passes one-shot likely-duplicate override flag (0.2897ms)
✔ staff outbound surfaces likelyDuplicateRegNo from RPC error (0.1866ms)
[sms-failure] { template: 'registration', detail: 'MSG91 down', phoneLast4: '3210' }
[sms-failure] { template: 'registration', detail: 'fail-0', phoneLast4: undefined }
[sms-failure] { template: 'registration', detail: 'fail-1', phoneLast4: undefined }
[sms-failure] { template: 'registration', detail: 'fail-2', phoneLast4: undefined }
[sms-failure] { template: 'registration', detail: 'fail-3', phoneLast4: undefined }
[sms-failure] { template: 'registration', detail: 'fail-4', phoneLast4: undefined }
[sms-failure] { template: 'registration', detail: 'fail-5', phoneLast4: undefined }
[sms-failure] { template: 'registration', detail: 'fail-6', phoneLast4: undefined }
[sms-failure] { template: 'registration', detail: 'fail-7', phoneLast4: undefined }
[sms-failure] { template: 'registration', detail: 'fail-8', phoneLast4: undefined }
[sms-failure] { template: 'registration', detail: 'fail-9', phoneLast4: undefined }
[sms-failure] { template: 'registration', detail: 'fail-10', phoneLast4: undefined }
[sms-failure] { template: 'registration', detail: 'fail-11', phoneLast4: undefined }
[sms-failure] { template: 'registration', detail: 'fail-12', phoneLast4: undefined }
[sms-failure] { template: 'registration', detail: 'fail-13', phoneLast4: undefined }
[sms-failure] { template: 'registration', detail: 'fail-14', phoneLast4: undefined }
[sms-failure] { template: 'registration', detail: 'fail-15', phoneLast4: undefined }
[sms-failure] { template: 'registration', detail: 'fail-16', phoneLast4: undefined }
[sms-failure] { template: 'registration', detail: 'fail-17', phoneLast4: undefined }
[sms-failure] { template: 'registration', detail: 'fail-18', phoneLast4: undefined }
[sms-failure] { template: 'registration', detail: 'fail-19', phoneLast4: undefined }
[sms-failure] { template: 'registration', detail: 'fail-20', phoneLast4: undefined }
[sms-failure] { template: 'registration', detail: 'fail-21', phoneLast4: undefined }
[sms-failure] { template: 'registration', detail: 'fail-22', phoneLast4: undefined }
[sms-failure] { template: 'registration', detail: 'fail-23', phoneLast4: undefined }
[sms-failure] { template: 'registration', detail: 'fail-24', phoneLast4: undefined }
[sms-failure] { template: 'registration', detail: 'fail-25', phoneLast4: undefined }
[sms-failure] { template: 'registration', detail: 'fail-26', phoneLast4: undefined }
[sms-failure] { template: 'registration', detail: 'fail-27', phoneLast4: undefined }
[sms-failure] { template: 'registration', detail: 'fail-28', phoneLast4: undefined }
[sms-failure] { template: 'registration', detail: 'fail-29', phoneLast4: undefined }
[sms-failure] { template: 'registration', detail: 'fail-30', phoneLast4: undefined }
[sms-failure] { template: 'registration', detail: 'fail-31', phoneLast4: undefined }
[sms-failure] { template: 'registration', detail: 'fail-32', phoneLast4: undefined }
[sms-failure] { template: 'registration', detail: 'fail-33', phoneLast4: undefined }
[sms-failure] { template: 'registration', detail: 'fail-34', phoneLast4: undefined }
[sms-failure] { template: 'registration', detail: 'fail-35', phoneLast4: undefined }
[sms-failure] { template: 'registration', detail: 'fail-36', phoneLast4: undefined }
[sms-failure] { template: 'registration', detail: 'fail-37', phoneLast4: undefined }
[sms-failure] { template: 'registration', detail: 'fail-38', phoneLast4: undefined }
[sms-failure] { template: 'registration', detail: 'fail-39', phoneLast4: undefined }
[sms-failure] { template: 'registration', detail: 'fail-40', phoneLast4: undefined }
[sms-failure] { template: 'registration', detail: 'fail-41', phoneLast4: undefined }
[sms-failure] { template: 'registration', detail: 'fail-42', phoneLast4: undefined }
[sms-failure] { template: 'registration', detail: 'fail-43', phoneLast4: undefined }
[sms-failure] { template: 'registration', detail: 'fail-44', phoneLast4: undefined }
[sms-failure] { template: 'registration', detail: 'fail-45', phoneLast4: undefined }
[sms-failure] { template: 'registration', detail: 'fail-46', phoneLast4: undefined }
[sms-failure] { template: 'registration', detail: 'fail-47', phoneLast4: undefined }
[sms-failure] { template: 'registration', detail: 'fail-48', phoneLast4: undefined }
[sms-failure] { template: 'registration', detail: 'fail-49', phoneLast4: undefined }
[sms-failure] { template: 'registration', detail: 'fail-50', phoneLast4: undefined }
[sms-failure] { template: 'registration', detail: 'fail-51', phoneLast4: undefined }
[sms-failure] { template: 'registration', detail: 'fail-52', phoneLast4: undefined }
[sms-failure] { template: 'registration', detail: 'fail-53', phoneLast4: undefined }
[sms-failure] { template: 'registration', detail: 'fail-54', phoneLast4: undefined }
[sms-failure] { template: 'registration', detail: 'fail-55', phoneLast4: undefined }
[sms-failure] { template: 'registration', detail: 'fail-56', phoneLast4: undefined }
[sms-failure] { template: 'registration', detail: 'fail-57', phoneLast4: undefined }
[sms-failure] { template: 'registration', detail: 'fail-58', phoneLast4: undefined }
[sms-failure] { template: 'registration', detail: 'fail-59', phoneLast4: undefined }
✔ DLT template is a fixed constant with {#var#} slots in order (1.4126ms)
✔ max-length rendered registration SMS is <=160 GSM-7 chars (0.4285ms)
✔ non-GSM-7 characters cannot enter the message (0.4325ms)
✔ no phone skips send, records no failure (0.4924ms)
✔ unconfigured provider skips without failing (0.5117ms)
✔ provider throw is recorded and does not throw to caller (1.4158ms)
✔ provider failure does not fail desk registration (0.7641ms)
✔ venue is truncated to keep one segment (0.1869ms)
✔ recordSmsFailure keeps a bounded admin-visible log (1.9095ms)
REMINDER_MAX_SMS 104 SNP Camp: Kal aana. Reg #999999. 30 Sep 2026 pe aana, AAAAAAAAAAAAAAAAAAAAAAAAAAAAAAAAAAA. Slip rakhein.
[sms-failure] { template: 'reminder', detail: 'MSG91 down', phoneLast4: '3210' }
[sms-failure] { template: 'reminder', detail: 'provider outage', phoneLast4: '3210' }
[reminder-sms] job done {
  tomorrow: '2026-07-27',
  considered: 1,
  sent: 0,
  skipped: 0,
  failed: 0,
  ambiguous: 1,
  ok: true
}
[reminder-sms] job done {
  tomorrow: '2026-07-27',
  considered: 2,
  sent: 1,
  skipped: 1,
  failed: 0,
  ambiguous: 0,
  ok: true
}
[reminder-sms] job done {
  tomorrow: '2026-07-27',
  considered: 2,
  sent: 0,
  skipped: 2,
  failed: 0,
  ambiguous: 0,
  ok: true
}
[reminder-sms] list failed schema missing
[sms-failure] {
  template: 'reminder',
  detail: 'schema missing',
  phoneLast4: undefined
}
✔ DLT reminder template is fixed with {#var#} slots in order (0.8772ms)
✔ max-length rendered reminder SMS is <=160 GSM-7 chars (0.9873ms)
✔ kolkataDateIso anchors tomorrow in Asia/Kolkata (1.2036ms)
✔ eligibility: only registered + phone + tomorrow + not yet sent (0.5007ms)
✔ no phone skips send and is not an error (0.4368ms)
✔ provider failure does not throw from send or job (2.0667ms)
✔ running the job twice sends exactly once per patient (1.1226ms)
✔ listCandidates failure marks job ok:false (0.5429ms)
✔ isMsg91ReminderConfigured requires reminder template id (0.3514ms)
✔ createRequestId returns a UUID v4-shaped string (5.6632ms)
✔ createRequestId returns unique values across calls (0.2532ms)
✔ createRequestId works when crypto.randomUUID is unavailable (0.5921ms)
✔ fetchDeskSection requests only the named section (queue) (18.8145ms)
✔ fetchDeskSection doctors retry never requests queue or kpis (0.978ms)
✔ fetchDeskSection maps HTTP failure to safe error (no raw body leak) (0.3943ms)
✔ section key catalog is exhaustive for the API seam (0.1972ms)
✔ initial fetch failure with no seed → freshness error (not empty success) (39.2593ms)
✔ seeded waiting known + refresh fail → stale-error preserves rows (46.8428ms)
✔ mapAuthError maps invalid credentials without leaking provider text (0.6975ms)
✔ mapAuthError unknown Auth error is generic and logs raw (0.4205ms)
✔ mapAuthError change-password never returns raw weak-password stack (0.2597ms)
✔ SectionLoadError requires onRetry and does not import useRouter (0.3908ms)
✔ admin page section loaders do not throw inside Suspense children (0.3471ms)
✔ volunteer page always mounts LiveQueue/SeatBoard for camp (no SectionLoadError gate) (0.264ms)
✔ doctor page uses isolated stats/seen islands (no Suspense throw loaders) (0.2379ms)
✔ login and change-password use mapAuthError (0.3852ms)
✔ mapDbError still maps RLS without raw table names (0.3662ms)
✔ service-role key never appears in client components or browser client (15.65ms)
✔ service-role admin client is server-only (0.5431ms)
✔ every public table in the baseline migration has RLS enabled (2.1604ms)
✔ SQL is_staff and is_camp_crew role sets stay aligned (14.9127ms)
✔ today self-registration stays registered with provenance and no queue fields (59.0468ms)
✔ self-service rejects both duplicate overrides (24.6119ms)
✔ same Aadhaar replays within a camp but registers in another camp (41.3251ms)
✔ null-day desk replay remains visible and desk provenance does not collide with self-service (49.7036ms)
✔ patient storage has no full Aadhaar field or twelve-digit value (29.5791ms)
✔ registration with phone enqueues pending delivery in same txn (78.6602ms)
✔ registration without phone creates no delivery (35.9367ms)
✔ two connections claim same delivery: exactly one wins (47.2879ms)
✔ timeout path completes as ambiguous and is not reclaimable (27.3006ms)
✔ known failure is reclaimable; sent stores provider request id (30.3974ms)
✔ stale sending lease is reclaimable (18.6132ms)
✔ authenticated cannot select sms_deliveries table directly (18.6249ms)
✔ ledger stores no full phone or message body columns (6.2594ms)
✔ volunteer_my_counts is dropped from the catalog (25.0539ms)
✔ active camp yields camp-scoped volunteer counts (68.437ms)
✔ null p_camp_id yields zeros (no all-time totals) (49.6159ms)
✔ two waiting different timestamps → positions 1 and 2 (68.4634ms)
✔ identical queued_at ordered by reg_no then id; unique consecutive positions (29.1826ms)
✔ same queued_at and reg_no: id ASC is final tie-break (27.8085ms)
✔ different camps never affect each other (34.1464ms)
✔ seen/registered do not count ahead of waiting (19.8268ms)
✔ waiting → seen loses position (NULL) (23.671ms)
✔ invalid/expired/random tokens return empty (same not-found shape) (29.7809ms)
✔ authenticated cannot execute patient_status_by_token (39.6578ms)
✔ null token input returns empty (not a fabricated number) (4.0714ms)
✔ concurrent waiting peers get distinct ranks in one snapshot (39.1143ms)
✔ least-privilege projection has no phone/token/queued_at columns (3.2934ms)
✔ status page is a Server Component (no use client) (0.9644ms)
✔ status page refreshes every 30 seconds without client JavaScript (0.3028ms)
✔ status page rate-limits by IP before token lookup without an oracle (0.372ms)
✔ status page uses patient_status_by_token RPC only (0.2949ms)
✔ status page treats RPC error as safe retry UI, zero rows as notFound (0.2732ms)
✔ mapStatusRpcRow maps waiting position and nulls non-waiting (1.3293ms)
✔ generateStatusToken is 128-bit hex and unique across samples (2.1711ms)
✔ isStatusTokenFormat rejects UUID, reg numbers, and short tokens (0.2441ms)
✔ retries twice with 250 then 750 ms backoff by default (1.892ms)
✔ stops on first non-retryable result (0.2592ms)
✔ success on second attempt does not take third (0.2374ms)
ℹ tests 393
ℹ suites 3
ℹ pass 393
ℹ fail 0
ℹ cancelled 0
ℹ skipped 0
ℹ todo 0
ℹ duration_ms 25223.7363

