
> snp-camps@0.1.0 verify
> npm run lint && npm test && npm run build && npm run check:js-budget


> snp-camps@0.1.0 lint
> eslint


> snp-camps@0.1.0 test
> node --no-warnings --import ./tests/route-loader.mjs --test --test-concurrency=1 tests/*.test.mjs

Γ£ö touch-min is 48px (3rem) (1.2044ms)
Γ£ö focus-visible ring and prefers-reduced-motion stay on (0.7738ms)
Γ£ö skip link + field Input errors use alert role (0.2827ms)
Γ£ö shared Button/Input targets are ΓëÑ48px (min-h-12 or 3.25rem) (0.4537ms)
Γ£ö palette pairs meet AA normal text (ΓëÑ4.5:1) for body/labels (0.496ms)
Γ£ö duplicate Aadhaar last-4 + name raises mapped message with reg no (107.8018ms)
Γ£ö staff override inserts second row and records who and when (87.0672ms)
Γ£ö service_role cannot pass aadhaar override (28.5897ms)
Γ£ö rejects unknown role with 400 before database access (5.3512ms)
Γ£ö doctor: create provisions profile and invalidates doctors-list (2.6499ms)
Γ£ö doctor: reset password returns temporary password and invalidates cache (1.3683ms)
Γ£ö doctor: deactivate sets disabled_at, bans sign-in, invalidates cache (1.0961ms)
Γ£ö doctor: reactivate clears disabled_at and invalidates cache (1.8229ms)
Γ£ö volunteer: create provisions profile and invalidates doctors-list (0.7694ms)
Γ£ö volunteer: reset password returns temporary password and invalidates cache (1.2904ms)
Γ£ö volunteer: deactivate sets disabled_at, bans sign-in, invalidates cache (0.3953ms)
Γ£ö volunteer: reactivate clears disabled_at and invalidates cache (0.4817ms)
Γ£ö admin cannot deactivate their own account (0.6681ms)
Γ£ö GET list returns staff rows for the path role (0.7608ms)
Γ£ö GET test-sms requires admin and reports configuration (4.1302ms)
Γ£ö POST test-sms rejects unconfigured provider (1.5733ms)
Γ£ö doctor assign of registered returns check_in_required and leaves row unchanged (72.5201ms)
Γ£ö volunteer assign of registered returns check_in_required (36.3589ms)
Γ£ö waiting patient transitions to seen once and preserves check-in fields (70.6588ms)
Γ£ö repeat assign on seen is terminal and never reassigns doctor (65.3533ms)
Γ£ö concurrent assign cannot produce different doctors or skip waiting rule (122.8979ms)
Γ£ö reg holds day lock while admin lowers limit ΓåÆ edit rejects; limit ΓëÑ count (353.6044ms)
Γ£ö edit locks first then reg follows ΓåÆ capacity preserved (reg full) (381.2756ms)
Γ£ö two concurrent regs at final seat ΓåÆ at most one success (179.0957ms)
Γ£ö edit equal/above count succeeds; below returns SEAT_LIMIT_BELOW_ASSIGNED (94.6725ms)
Γ£ö smoke: not-found, wrong camp, non-admin permission (71.1113ms)
Γ£ö stress: repeated edit/reg interleavings complete without deadlock (639.4328ms)
Γ£ö Realtime patient subscription modules are gone (1.1644ms)
Γ£ö src has no postgres_changes or supabase channel subscribe for desks (13.7169ms)
Γ£ö public/register SeatBoard call sites never pass live (0.7441ms)
Γ£ö staff desks enable live seat board or live bridge (0.5921ms)
Γ£ö #50 doctor station marks seen without confirm dialog copy (0.608ms)
Γ£ö #57 doctor registered review has no Mark seen; check-in instruction present (0.5116ms)
Γ£ö #58 scanner uses camera session + decode orchestrator generation guards (0.4244ms)
Γ£ö SeatBoard live defaults false; staff path uses shared desk owner (0.4137ms)
Γ£ö staff queue/seat use shared camp desk live owner (0.5623ms)
Γ£ö #56 continuous ~20s poll is the staff freshness owner (0.3906ms)
Γ£ö doctor bridge polls continuously without Realtime (0.3796ms)
Γ£ö #56 no staff copy instructs manual-only refresh on live desks (0.4887ms)
Γ£ö #26 no unstable_cache in src/ (9.4046ms)
Γ£ö #26 doctor list uses use cache + doctors-list tag (0.2833ms)
Γ£ö #26 active camp snapshot uses use cache + tag (0.2432ms)
Γ£ö out-of-order: only latest generation applies (139.2619ms)
Γ£ö two subscribers share one owner and one in-flight fetch (0.8724ms)
Γ£ö pending removals are id-keyed and independent (30.6103ms)
Γ£ö failed refresh preserves rows and marks stale-error (62.244ms)
Γ£ö pre-reg stays registered and is excluded from waiting queue (90.3363ms)
Γ£ö check_in is idempotent for waiting and blocks seen (155.6036ms)
Γ£ö queue order is by check-in time not registration time (99.9738ms)
Γ£ö name search returns only registered for active camp (32.223ms)
Γ£ö Aadhaar helpers normalize without retaining extra digits (1.0806ms)
Γ£ö Aadhaar checksum rejects malformed and repeated values (0.2565ms)
Γ£ö gender normalization accepts common provider values (0.1418ms)
Γ£ö QR parser accepts staff-scan identifiers only (0.5942ms)
Γ£ö QR parser handles noisy camera reads and length bounds (0.2254ms)
Γ£ö isPatientUuid and resolveOrigin validate inputs (0.1461ms)
Γ£ö Staff excludes doctor; Camp crew includes all three desk roles (0.2616ms)
Γ£ö production CSP script-src uses nonce without unsafe-inline (0.4956ms)
Γ£ö registration number parser rejects overflow and malformed values (0.2354ms)
Γ£ö password policy matches Supabase Auth minimum length (0.2029ms)
Γ£ö patient URLs are staff-scan canonical and staff passwords avoid ambiguous characters (0.4608ms)
Γ£ö sensitive provider URLs require a secure transport (0.2336ms)
Γ£ö admin bootstrap sends its service key only to the exact Supabase project (0.527ms)
Γ£ö rate limits enforce both client IP and supplied subject (22.2589ms)
Γ£ö rate limits block IP burst and subject rotation independently (3.0674ms)
Γ£ö notification phone normalization accepts common Indian formats (0.3183ms)
Γ£ö only a completed, error-free doctor assignment is successful (0.2893ms)
Γ£ö queue labels and tones map known statuses (0.1741ms)
[reminder-sms] job done {
  tomorrow: '2026-07-27',
  considered: 0,
  sent: 0,
  skipped: 0,
  failed: 0,
  ambiguous: 0,
  ok: true
}
[reminder-sms] list failed relation missing
[sms-failure] {
  template: 'reminder',
  detail: 'relation missing',
  phoneLast4: undefined
}
Γ£ö cron rejects unauthenticated calls (3.9563ms)
Γ£ö cron with valid secret runs job (empty candidates) (3.0213ms)
Γ£ö cron list failure returns non-2xx and ok:false (2.5623ms)
DESK_LIVE_PAYLOAD_100_BYTES 12314
Γ£ö 100-waiting desk-live payload stays small (closing evidence) (1.4875ms)
Γ£ö desk-live route source never loads doctors or staff KPIs (0.4722ms)
Γ£ö GET /api/desk/live rejects unauthenticated and non-crew (3.3747ms)
Γ£ö GET /api/desk/live requires campId UUID (0.7915ms)
[db-error] desk-ops.lookup {
  code: '08006',
  message: 'connection_failure',
  details: undefined,
  hint: undefined,
  status: undefined,
  category: 'transient',
  retryable: true
}
[db-error] desk-ops.lookup {
  code: '08006',
  message: 'connection_failure',
  details: undefined,
  hint: undefined,
  status: undefined,
  category: 'transient',
  retryable: true
}
[db-error] desk-ops.lookup {
  code: '08006',
  message: 'connection_failure',
  details: undefined,
  hint: undefined,
  status: undefined,
  category: 'transient',
  retryable: true
}
[db-error] desk-ops.lookup {
  code: '40001',
  message: 'could not serialize access',
  details: undefined,
  hint: undefined,
  status: undefined,
  category: 'transient',
  retryable: true
}
[db-error] desk-ops.lookup {
  code: '42501',
  message: 'permission denied for table patients',
  details: undefined,
  hint: undefined,
  status: undefined,
  category: 'permission',
  retryable: false
}
[db-error] desk-ops.assign {
  code: '57014',
  message: 'canceling statement due to statement timeout',
  details: undefined,
  hint: undefined,
  status: undefined,
  category: 'timeout',
  retryable: true
}
[db-error] desk-ops.assign {
  code: '57014',
  message: 'canceling statement due to statement timeout',
  details: undefined,
  hint: undefined,
  status: undefined,
  category: 'timeout',
  retryable: true
}
[db-error] desk-ops.assign {
  code: '57014',
  message: 'canceling statement due to statement timeout',
  details: undefined,
  hint: undefined,
  status: undefined,
  category: 'timeout',
  retryable: true
}
[db-error] desk-ops.assign {
  code: '08006',
  message: 'connection_failure',
  details: undefined,
  hint: undefined,
  status: undefined,
  category: 'transient',
  retryable: true
}
[db-error] desk-ops.assign {
  code: '08006',
  message: 'connection_failure',
  details: undefined,
  hint: undefined,
  status: undefined,
  category: 'transient',
  retryable: true
}
[db-error] desk-ops.assign {
  code: '08006',
  message: 'connection_failure',
  details: undefined,
  hint: undefined,
  status: undefined,
  category: 'transient',
  retryable: true
}
[db-error] desk-ops.assign {
  code: '57014',
  message: 'canceling statement due to statement timeout',
  details: undefined,
  hint: undefined,
  status: undefined,
  category: 'timeout',
  retryable: true
}
[db-error] desk-ops.change-day {
  code: undefined,
  message: 'Failed to fetch',
  details: undefined,
  hint: undefined,
  status: undefined,
  category: 'transient',
  retryable: true
}
[db-error] desk-ops.change-day {
  code: undefined,
  message: 'Failed to fetch',
  details: undefined,
  hint: undefined,
  status: undefined,
  category: 'transient',
  retryable: true
}
[db-error] desk-ops.change-day {
  code: undefined,
  message: 'Failed to fetch',
  details: undefined,
  hint: undefined,
  status: undefined,
  category: 'transient',
  retryable: true
}
[db-error] desk-ops.change-day {
  code: 'P0001',
  message: 'That day is full (40 seats taken)',
  details: undefined,
  hint: undefined,
  status: undefined,
  category: 'capacity',
  retryable: false
}
[db-error] desk-ops.change-day {
  code: '42501',
  message: 'permission denied for function change_camp_day',
  details: undefined,
  hint: undefined,
  status: undefined,
  category: 'permission',
  retryable: false
}
[db-error] desk-ops.change-day {
  code: '08006',
  message: 'connection_failure',
  details: undefined,
  hint: undefined,
  status: undefined,
  category: 'transient',
  retryable: true
}
[db-error] desk-ops.change-day {
  code: 'XX000',
  message: 'weird internal',
  details: undefined,
  hint: undefined,
  status: undefined,
  category: 'unknown',
  retryable: false
}
Γ£ö lookup retries twice on 08006 then surfaces exhausted copy (4.0792ms)
Γ£ö lookup success on second attempt after serialization_failure (0.4165ms)
Γ£ö lookup patient-not-found is not retried (0.1559ms)
Γ£ö lookup permission denial 42501 is not retried (0.6875ms)
Γ£ö assign retries twice on timeout then surfaces exhausted copy (0.9905ms)
Γ£ö assign keeps the same doctor id on every retry (no double-assign params) (0.4899ms)
Γ£ö assign already_seen after flaky first call is terminal success (no re-assign) (0.2947ms)
Γ£ö assign doctor_required is not retried (0.1581ms)
Γ£ö assign check_in_required is not retried and uses worker copy (0.3035ms)
Γ£ö change-day retries twice on thrown transport then surfaces exhausted copy (0.6252ms)
Γ£ö change-day business error (day full P0001) is not retried (0.3965ms)
Γ£ö change-day RLS denial is not retried (0.2686ms)
Γ£ö change-day success on second attempt preserves day id arg (0.2263ms)
Γ£ö change-day unknown XX000 is terminal (not three internet retries) (0.1939ms)
[db-error] staff-register.rpc {
  code: 'P0001',
  message: 'This day is full (40 seats). Choose another day.',
  details: undefined,
  hint: undefined,
  status: undefined,
  category: 'capacity',
  retryable: false
}
[db-error] staff-register.rpc {
  code: '42501',
  message: 'permission denied for function register_patient_idempotent',
  details: undefined,
  hint: undefined,
  status: undefined,
  category: 'permission',
  retryable: false
}
[db-error] staff-register.rpc {
  code: '08006',
  message: 'connection_failure',
  details: undefined,
  hint: undefined,
  status: undefined,
  category: 'transient',
  retryable: true
}
[db-error] staff-register.rpc {
  code: '08006',
  message: 'connection_failure',
  details: undefined,
  hint: undefined,
  status: undefined,
  category: 'transient',
  retryable: true
}
[db-error] staff-register.rpc {
  code: '08006',
  message: 'connection_failure',
  details: undefined,
  hint: undefined,
  status: undefined,
  category: 'transient',
  retryable: true
}
[db-error] staff-register.rpc {
  code: '08006',
  message: 'connection_failure',
  details: undefined,
  hint: undefined,
  status: undefined,
  category: 'transient',
  retryable: true
}
[db-error] staff-register.rpc {
  code: '08006',
  message: 'connection_failure',
  details: undefined,
  hint: undefined,
  status: undefined,
  category: 'transient',
  retryable: true
}
[db-error] staff-register.rpc {
  code: '08006',
  message: 'connection_failure',
  details: undefined,
  hint: undefined,
  status: undefined,
  category: 'transient',
  retryable: true
}
[db-error] staff-register.rpc {
  code: '08006',
  message: 'connection_failure',
  details: undefined,
  hint: undefined,
  status: undefined,
  category: 'transient',
  retryable: true
}
Γ£ö aadhaar/likely duplicates and terminal errors are not retryable; transport is (1.3242ms)
Γ£ö retries twice on retryable=true then surfaces the plain failure sentence (1.1604ms)
Γ£ö success on second attempt stops retries (0.1877ms)
Γ£ö aadhaar conflict is not retried (0.1605ms)
Γ£ö likely-duplicate warning is not retried (0.1565ms)
Γ£ö day-full structured error is not retried and keeps capacity copy (2.7482ms)
Γ£ö permission denial is not retried (0.4366ms)
Γ£ö connection-class error is retried then exhausted (1.1246ms)
Γ£ö runDeskRegisterAndPrint surfaces likelyDuplicateRegNo (0.3026ms)
Γ£ö register-then-print: same request id on retries; print then reset order (0.6159ms)
Γ£ö failed register never opens print or resets (0.6473ms)
Γ£ö default format is a4 multi-up (0.6973ms)
Γ£ö parse accepts a4 and thermal58 (case-insensitive) (0.1146ms)
Γ£ö isDeskSlipFormat is strict (0.0849ms)
Γ£ö labels and storage key stay stable for station setting (0.0959ms)
Γ£ö getDoctorsList: service-role present and query succeeds (1.3771ms)
Γ£ö getDoctorsList: service-role present and query errors throws (0.6132ms)
Γ£ö getDoctorsList: service-role key absent throws (0.3554ms)
Γ£ö getDoctorsList: empty result is success (not an error) (0.5533ms)
Γ£ö formatCampDay anchors YYYY-MM-DD at Asia/Kolkata midnight (0.7162ms)
Γ£ö year-boundary date: IST convention disagrees with UTC-midnight-in-LA (0.3439ms)
Γ£ö formatCampDay is stable for a mid-year date (0.1097ms)
Γ£ö malformed input is returned unchanged (0.1172ms)
Γ£ö formatCampDaySms is compact GSM-7 (no weekday) (0.1581ms)
Γ£ö types re-exports the same formatter (2.602ms)
Γ£ö old noon-local helper is still the shape we deleted (sanity) (0.2494ms)
Γ£ö thirteenth readiness probe in the window is 429 (6.6723ms)
Γ£ö liveness is never rate-limited across thirty requests (4.543ms)
Γ£ö ready-ok when fully aligned: 200 with all checks (1.5994ms)
Γ£ö migration-head discovery failure ΓåÆ 503 (never 200) (0.7071ms)
Γ£ö repository/applied head mismatch ΓåÆ 503 (0.5419ms)
Γ£ö missing critical function in catalog ΓåÆ 503 (0.4936ms)
Γ£ö missing sms_deliveries table ΓåÆ 503 on schema and sms_ledger (0.6011ms)
Γ£ö patients in Realtime publication ΓåÆ 503 (0.4417ms)
Γ£ö status_token grant to authenticated ΓåÆ 503 on rpc_grants (0.6111ms)
Γ£ö catalog probe RPC failure ΓåÆ 503 (0.3709ms)
Γ£ö database unreachable ΓåÆ 503 (0.3594ms)
Γ£ö probe timeout ΓåÆ 503 within budget (2514.0567ms)
Γ£ö no service-role client ΓåÆ 503 (1.4172ms)
Γ£ö non-critical historical object absent does not fail when not in contract (1.403ms)
Γ£ö no code path references app_database_contract (12.5399ms)
Γ£ö checkBudgets fails when a route exceeds its gzipped budget (0.8025ms)
Γ£ö checkBudgets fails when a measured route has no budget entry (0.5735ms)
Γ£ö checkBudgets passes when every route is within budget (0.1097ms)
Γ£ö budgetFromMeasured rounds up slightly above the measurement (0.4311ms)
Γ£ö loadBudgets accepts flat map or { routes } wrapper (2.403ms)
Γ£ö main exits non-zero when budgets are deliberately too low (85.5152ms)
Γ£ö two connections same name+age: one insert, other LIKELY_DUPLICATE (519.3927ms)
Γ£ö warned request can override once with attribution (99.8205ms)
Γ£ö shared family phone different person remains overridable (150.9837ms)
Γ£ö different duplicate keys proceed without soft-lock serialization (325.5624ms)
Γ£ö two-key inputs stress: no deadlock across concurrent desks (685.3676ms)
Γ£ö phone-only concurrent race serializes like name+age (304.6328ms)
Γ£ö name + age match in same camp raises LIKELY_DUPLICATE with reg no (77.4039ms)
Γ£ö phone match in same camp raises LIKELY_DUPLICATE (43.5576ms)
Γ£ö same name+age in a different camp does not warn (548.0953ms)
Γ£ö likely override inserts second row and records who and when; not sticky (130.767ms)
Γ£ö check-in of soft-match reg creates no new patient (160.1327ms)
Γ£ö soft match query is indexed (name+age plan uses index) (132.7405ms)
Γ£ö sendMsg91TemplateSms posts flow payload with authkey header (21.8218ms)
Γ£ö sendMsg91TemplateSms maps HTTP errors without throwing (0.355ms)
Γ£ö catalog: link_patient_phone absent; patients.user_id absent; no role default (69.4698ms)
Γ£ö residual patient-role profile cannot read patients or change day (184.6703ms)
Γ£ö staff can change camp day; disabled staff denied (345.7603ms)
Γ£ö explicit staff profile insert works without handle_new_user side effect (45.3408ms)
Γ£ö local config disables public signup (repo source) (0.8418ms)
Γ£ö name + age only (no phone, no address) succeeds (1.1847ms)
Γ£ö missing name fails (0.136ms)
Γ£ö missing age fails (0.1012ms)
Γ£ö invalid phone fails; blank phone ok (0.3947ms)
Γ£ö aadhaar last-4 accepted when filled (0.1247ms)
Γ£ö full day rejected (0.102ms)
Γ£ö doctor cannot select unrelated patient PHI or status_token (655.521ms)
Γ£ö volunteer can select active-camp desk fields but not status_token (36.8022ms)
Γ£ö admin can select active-camp patients but not status_token via table grant (73.7078ms)
Γ£ö disabled volunteer cannot select patients (26.7007ms)
Γ£ö volunteer cannot select patients on inactive camp (36.8089ms)
Γ£ö staff registration notify RPC returns status_token; doctor cannot (90.6626ms)
Γ£ö patients table is absent from supabase_realtime publication (2.5707ms)
[db-error] test {
  code: undefined,
  message: 'day is full ΓÇö select a camp day with seats',
  details: undefined,
  hint: undefined,
  status: undefined,
  category: 'capacity',
  retryable: false
}
Γ£ö known Postgres unique violation maps to camp-worker copy (1.0924ms)
Γ£ö RLS / permission denial maps to permission copy (0.2415ms)
Γ£ö foreign key violation maps without leaking table names (0.1576ms)
Γ£ö AADHAAR_DUPLICATE keeps structured desk copy (0.2457ms)
Γ£ö registration day-full phrase maps (0.8301ms)
Γ£ö SEAT_LIMIT_BELOW_ASSIGNED maps to capacity copy with count (#66) (0.2686ms)
Γ£ö legacy seats-below-taken phrase still maps (#66) (0.1082ms)
Γ£ö unknown code maps to safe generic and never returns raw text (0.2323ms)
Γ£ö unknown error logs raw text when log is enabled (0.3268ms)
Γ£ö custom fallback is used when nothing matches (0.2122ms)
Γ£ö publicRegistrationError uses registration fallback (0.1307ms)
Γ£ö classify: transport failure flag (0.202ms)
Γ£ö classify: timedOut flag (0.1073ms)
Γ£ö classify: HTTP 503 (0.06ms)
Γ£ö classify: connection failure 08006 (0.0425ms)
Γ£ö classify: serialization_failure 40001 (0.0807ms)
Γ£ö classify: deadlock 40P01 (0.0593ms)
Γ£ö classify: statement timeout 57014 (0.0364ms)
Γ£ö classify: browser Failed to fetch (legacy message fallback) (0.0416ms)
Γ£ö classify: insufficient privilege 42501 (0.0677ms)
Γ£ö classify: unique violation 23505 (0.0402ms)
Γ£ö classify: not found PGRST116 (0.0324ms)
Γ£ö classify: invalid input 22P02 (0.033ms)
Γ£ö classify: schema cache / missing function PGRST202 (0.0494ms)
Γ£ö classify: undefined table 42P01 (0.0419ms)
Γ£ö classify: RPC raise day full (P0001) is terminal (0.0595ms)
Γ£ö classify: SEAT_LIMIT_BELOW_ASSIGNED is terminal capacity (0.0372ms)
Γ£ö classify: inactive camp phrase is terminal (0.0526ms)
Γ£ö classify: unknown XX000 is terminal (not retried) (0.0385ms)
Γ£ö classify: AADHAAR_DUPLICATE is terminal (0.0365ms)
Γ£ö classify logs category and retryable without putting raw text in publicMessage (0.1289ms)
Γ£ö canUseNativeQrDetector is false without BarcodeDetector (0.6791ms)
Γ£ö canUseNativeQrDetector requires getSupportedFormats to list qr_code (0.16ms)
Γ£ö decodeQrFromImageData returns null when decoder finds nothing (0.1305ms)
Γ£ö stop during pending detect produces no callback (1.5542ms)
Γ£ö unmount-style invalidate after acquire stops tracks and rejects stale stream (1.3218ms)
Γ£ö rapid begin A then B does not keep A's stream (0.6206ms)
Γ£ö pause then delayed detect does not callback; resume allows next (1.1468ms)
Γ£ö freeze blocks auto re-decode until unfreeze (0.5917ms)
Γ£ö debounce ignores same raw QR after mark-seen (0.4489ms)
Γ£ö single in-flight: second detect waits for first to finish (0.1948ms)
Γ£ö repo migration head matches EXPECTED_MIGRATION_HEAD constant (23.552ms)
Γ£ö applied ledger head agrees with contract after clean migrations (18.458ms)
Γ£ö readiness_catalog_probe returns full contract facts on clean DB (23.6361ms)
Γ£ö patients absent from supabase_realtime (catalog fact) (18.6676ms)
Γ£ö probe is not executable by anon or authenticated (3.8659ms)
Γ£ö evaluateCatalogFacts fails closed on missing critical column (0.8486ms)
Γ£ö probe output contains no PHI-looking fields (7.1163ms)
Γ£ö replay with null camp_day returns the original registration (40.7964ms)
Γ£ö N concurrent registrations against M seats yield exactly M successes (124.8122ms)
Γ£ö concurrent change_camp_day cannot overbook a full day (132.4116ms)
Γ£ö register_patient wrapper is gone from the catalog (1.5486ms)
[db-error] staff-register.rpc {
  code: undefined,
  message: 'temporary',
  details: undefined,
  hint: undefined,
  status: undefined,
  category: 'unknown',
  retryable: false
}
[db-error] staff-register.rpc {
  code: undefined,
  message: 'temporary',
  details: undefined,
  hint: undefined,
  status: undefined,
  category: 'unknown',
  retryable: false
}
[db-error] staff-register.rpc {
  code: undefined,
  message: 'temporary',
  details: undefined,
  hint: undefined,
  status: undefined,
  category: 'unknown',
  retryable: false
}
Γ£ö non-staff registration is rejected (desk only) (3.0026ms)
Γ£ö staff registration submit sends a non-empty UUID p_request_id to the RPC (0.3494ms)
Γ£ö requestId is stable across retries of the same submission (1.7087ms)
Γ£ö requestId rotates after success (next walk-in) and after resetForm (0.2394ms)
Γ£ö staff payload builder includes the attempt id (not optional) (0.1374ms)
Γ£ö parseAadhaarDuplicateError extracts reg no and ignores noise (0.5715ms)
Γ£ö staff RPC passes one-shot aadhaar override flag (0.1783ms)
Γ£ö staff outbound surfaces aadhaarDuplicateRegNo from RPC error (0.1434ms)
Γ£ö parseLikelyDuplicateError extracts reg no (0.1108ms)
Γ£ö staff RPC passes one-shot likely-duplicate override flag (0.2042ms)
Γ£ö staff outbound surfaces likelyDuplicateRegNo from RPC error (0.1606ms)
[sms-failure] { template: 'registration', detail: 'MSG91 down', phoneLast4: '3210' }
[sms-failure] { template: 'registration', detail: 'fail-0', phoneLast4: undefined }
[sms-failure] { template: 'registration', detail: 'fail-1', phoneLast4: undefined }
[sms-failure] { template: 'registration', detail: 'fail-2', phoneLast4: undefined }
[sms-failure] { template: 'registration', detail: 'fail-3', phoneLast4: undefined }
[sms-failure] { template: 'registration', detail: 'fail-4', phoneLast4: undefined }
[sms-failure] { template: 'registration', detail: 'fail-5', phoneLast4: undefined }
[sms-failure] { template: 'registration', detail: 'fail-6', phoneLast4: undefined }
[sms-failure] { template: 'registration', detail: 'fail-7', phoneLast4: undefined }
[sms-failure] { template: 'registration', detail: 'fail-8', phoneLast4: undefined }
[sms-failure] { template: 'registration', detail: 'fail-9', phoneLast4: undefined }
[sms-failure] { template: 'registration', detail: 'fail-10', phoneLast4: undefined }
[sms-failure] { template: 'registration', detail: 'fail-11', phoneLast4: undefined }
[sms-failure] { template: 'registration', detail: 'fail-12', phoneLast4: undefined }
[sms-failure] { template: 'registration', detail: 'fail-13', phoneLast4: undefined }
[sms-failure] { template: 'registration', detail: 'fail-14', phoneLast4: undefined }
[sms-failure] { template: 'registration', detail: 'fail-15', phoneLast4: undefined }
[sms-failure] { template: 'registration', detail: 'fail-16', phoneLast4: undefined }
[sms-failure] { template: 'registration', detail: 'fail-17', phoneLast4: undefined }
[sms-failure] { template: 'registration', detail: 'fail-18', phoneLast4: undefined }
[sms-failure] { template: 'registration', detail: 'fail-19', phoneLast4: undefined }
[sms-failure] { template: 'registration', detail: 'fail-20', phoneLast4: undefined }
[sms-failure] { template: 'registration', detail: 'fail-21', phoneLast4: undefined }
[sms-failure] { template: 'registration', detail: 'fail-22', phoneLast4: undefined }
[sms-failure] { template: 'registration', detail: 'fail-23', phoneLast4: undefined }
[sms-failure] { template: 'registration', detail: 'fail-24', phoneLast4: undefined }
[sms-failure] { template: 'registration', detail: 'fail-25', phoneLast4: undefined }
[sms-failure] { template: 'registration', detail: 'fail-26', phoneLast4: undefined }
[sms-failure] { template: 'registration', detail: 'fail-27', phoneLast4: undefined }
[sms-failure] { template: 'registration', detail: 'fail-28', phoneLast4: undefined }
[sms-failure] { template: 'registration', detail: 'fail-29', phoneLast4: undefined }
[sms-failure] { template: 'registration', detail: 'fail-30', phoneLast4: undefined }
[sms-failure] { template: 'registration', detail: 'fail-31', phoneLast4: undefined }
[sms-failure] { template: 'registration', detail: 'fail-32', phoneLast4: undefined }
[sms-failure] { template: 'registration', detail: 'fail-33', phoneLast4: undefined }
[sms-failure] { template: 'registration', detail: 'fail-34', phoneLast4: undefined }
[sms-failure] { template: 'registration', detail: 'fail-35', phoneLast4: undefined }
[sms-failure] { template: 'registration', detail: 'fail-36', phoneLast4: undefined }
[sms-failure] { template: 'registration', detail: 'fail-37', phoneLast4: undefined }
[sms-failure] { template: 'registration', detail: 'fail-38', phoneLast4: undefined }
[sms-failure] { template: 'registration', detail: 'fail-39', phoneLast4: undefined }
[sms-failure] { template: 'registration', detail: 'fail-40', phoneLast4: undefined }
[sms-failure] { template: 'registration', detail: 'fail-41', phoneLast4: undefined }
[sms-failure] { template: 'registration', detail: 'fail-42', phoneLast4: undefined }
[sms-failure] { template: 'registration', detail: 'fail-43', phoneLast4: undefined }
[sms-failure] { template: 'registration', detail: 'fail-44', phoneLast4: undefined }
[sms-failure] { template: 'registration', detail: 'fail-45', phoneLast4: undefined }
[sms-failure] { template: 'registration', detail: 'fail-46', phoneLast4: undefined }
[sms-failure] { template: 'registration', detail: 'fail-47', phoneLast4: undefined }
[sms-failure] { template: 'registration', detail: 'fail-48', phoneLast4: undefined }
[sms-failure] { template: 'registration', detail: 'fail-49', phoneLast4: undefined }
[sms-failure] { template: 'registration', detail: 'fail-50', phoneLast4: undefined }
[sms-failure] { template: 'registration', detail: 'fail-51', phoneLast4: undefined }
[sms-failure] { template: 'registration', detail: 'fail-52', phoneLast4: undefined }
[sms-failure] { template: 'registration', detail: 'fail-53', phoneLast4: undefined }
[sms-failure] { template: 'registration', detail: 'fail-54', phoneLast4: undefined }
[sms-failure] { template: 'registration', detail: 'fail-55', phoneLast4: undefined }
[sms-failure] { template: 'registration', detail: 'fail-56', phoneLast4: undefined }
[sms-failure] { template: 'registration', detail: 'fail-57', phoneLast4: undefined }
[sms-failure] { template: 'registration', detail: 'fail-58', phoneLast4: undefined }
[sms-failure] { template: 'registration', detail: 'fail-59', phoneLast4: undefined }
Γ£ö DLT template is a fixed constant with {#var#} slots in order (0.7991ms)
Γ£ö max-length rendered registration SMS is <=160 GSM-7 chars (0.4728ms)
Γ£ö non-GSM-7 characters cannot enter the message (0.4576ms)
Γ£ö no phone skips send, records no failure (0.3142ms)
Γ£ö unconfigured provider skips without failing (0.3192ms)
Γ£ö provider throw is recorded and does not throw to caller (0.9794ms)
Γ£ö provider failure does not fail desk registration (0.6281ms)
Γ£ö venue is truncated to keep one segment (0.4734ms)
Γ£ö recordSmsFailure keeps a bounded admin-visible log (1.6488ms)
REMINDER_MAX_SMS 104 SNP Camp: Kal aana. Reg #999999. 30 Sep 2026 pe aana, AAAAAAAAAAAAAAAAAAAAAAAAAAAAAAAAAAA. Slip rakhein.
[sms-failure] { template: 'reminder', detail: 'MSG91 down', phoneLast4: '3210' }
[sms-failure] { template: 'reminder', detail: 'provider outage', phoneLast4: '3210' }
[reminder-sms] job done {
  tomorrow: '2026-07-27',
  considered: 1,
  sent: 0,
  skipped: 0,
  failed: 0,
  ambiguous: 1,
  ok: true
}
[reminder-sms] job done {
  tomorrow: '2026-07-27',
  considered: 2,
  sent: 1,
  skipped: 1,
  failed: 0,
  ambiguous: 0,
  ok: true
}
[reminder-sms] job done {
  tomorrow: '2026-07-27',
  considered: 2,
  sent: 0,
  skipped: 2,
  failed: 0,
  ambiguous: 0,
  ok: true
}
[reminder-sms] list failed schema missing
[sms-failure] {
  template: 'reminder',
  detail: 'schema missing',
  phoneLast4: undefined
}
Γ£ö DLT reminder template is fixed with {#var#} slots in order (1.9831ms)
Γ£ö max-length rendered reminder SMS is <=160 GSM-7 chars (2.035ms)
Γ£ö kolkataDateIso anchors tomorrow in Asia/Kolkata (1.1036ms)
Γ£ö eligibility: only registered + phone + tomorrow + not yet sent (0.3599ms)
Γ£ö no phone skips send and is not an error (0.3137ms)
Γ£ö provider failure does not throw from send or job (1.9697ms)
Γ£ö running the job twice sends exactly once per patient (0.9232ms)
Γ£ö listCandidates failure marks job ok:false (0.6005ms)
Γ£ö isMsg91ReminderConfigured requires reminder template id (0.2872ms)
Γ£ö createRequestId returns a UUID v4-shaped string (4.9856ms)
Γ£ö createRequestId returns unique values across calls (0.4201ms)
Γ£ö createRequestId works when crypto.randomUUID is unavailable (1.1252ms)
Γ£ö service-role key never appears in client components or browser client (9.793ms)
Γ£ö service-role admin client is server-only (0.4212ms)
Γ£ö every public table in the baseline migration has RLS enabled (1.4006ms)
Γ£ö SQL is_staff and is_camp_crew role sets stay aligned (3.1093ms)
Γ£ö registration with phone enqueues pending delivery in same txn (80.374ms)
Γ£ö registration without phone creates no delivery (42.3792ms)
Γ£ö two connections claim same delivery: exactly one wins (57.592ms)
Γ£ö timeout path completes as ambiguous and is not reclaimable (51.358ms)
Γ£ö known failure is reclaimable; sent stores provider request id (40.5115ms)
Γ£ö stale sending lease is reclaimable (17.163ms)
Γ£ö authenticated cannot select sms_deliveries table directly (36.4843ms)
Γ£ö ledger stores no full phone or message body columns (4.7709ms)
Γ£ö volunteer_my_counts is dropped from the catalog (22.83ms)
Γ£ö active camp yields camp-scoped volunteer counts (259.5683ms)
Γ£ö null p_camp_id yields zeros (no all-time totals) (210.3071ms)
Γ£ö two waiting different timestamps ΓåÆ positions 1 and 2 (73.8379ms)
Γ£ö identical queued_at ordered by reg_no then id; unique consecutive positions (31.2585ms)
Γ£ö same queued_at and reg_no: id ASC is final tie-break (75.4748ms)
Γ£ö different camps never affect each other (107.1974ms)
Γ£ö seen/registered do not count ahead of waiting (45.1839ms)
Γ£ö waiting ΓåÆ seen loses position (NULL) (21.0358ms)
Γ£ö invalid/expired/random tokens return empty (same not-found shape) (23.7139ms)
Γ£ö authenticated cannot execute patient_status_by_token (38.0375ms)
Γ£ö null token input returns empty (not a fabricated number) (25.097ms)
Γ£ö concurrent waiting peers get distinct ranks in one snapshot (51.8434ms)
Γ£ö least-privilege projection has no phone/token/queued_at columns (4.0282ms)
Γ£ö status page is a Server Component (no use client) (1.0766ms)
Γ£ö status page uses patient_status_by_token RPC only (0.5433ms)
Γ£ö status page treats RPC error as safe retry UI, zero rows as notFound (0.4263ms)
Γ£ö mapStatusRpcRow maps waiting position and nulls non-waiting (1.9385ms)
Γ£ö generateStatusToken is 128-bit hex and unique across samples (1.0913ms)
Γ£ö isStatusTokenFormat rejects UUID, reg numbers, and short tokens (0.1278ms)
Γ£ö retries twice with 250 then 750 ms backoff by default (1.2712ms)
Γ£ö stops on first non-retryable result (0.1511ms)
Γ£ö success on second attempt does not take third (0.1579ms)
Γä╣ tests 292
Γä╣ suites 0
Γä╣ pass 292
Γä╣ fail 0
Γä╣ cancelled 0
Γä╣ skipped 0
Γä╣ todo 0
Γä╣ duration_ms 26134.8356

> snp-camps@0.1.0 build
> next build

Γû▓ Next.js 16.2.11 (Turbopack)
- Environments: .env.local, .env
- Cache Components enabled
- Experiments (use with caution):
  ┬╖ optimizePackageImports

  Creating an optimized production build ...
Γ£ô Compiled successfully in 3.6s
  Running TypeScript ...
  Finished TypeScript in 4.2s ...
  Collecting page data using 21 workers ...
  Generating static pages using 21 workers (0/20) ...
  Generating static pages using 21 workers (5/20) 
  Generating static pages using 21 workers (10/20) 
  Generating static pages using 21 workers (15/20) 
Γ£ô Generating static pages using 21 workers (20/20) in 815ms
  Finalizing page optimization ...

Route (app)                   Revalidate  Expire
Γöî ΓùÉ /                                 5s      1y
Γö£ Γùï /_not-found
Γö£ ΓùÉ /admin
Γö£ ΓùÉ /admin/patients
Γö£ ╞Æ /api/aadhaar-lookup
Γö£ ╞Æ /api/admin/staff-detail
Γö£ ╞Æ /api/admin/staff/[role]
Γö£ ╞Æ /api/admin/test-sms
Γö£ ╞Æ /api/cron/reminder-sms
Γö£ ╞Æ /api/desk/live
Γö£ ╞Æ /api/health
Γö£ ╞Æ /api/notify/registration
Γö£ ╞Æ /api/patients/[id]/print
Γö£ ΓùÉ /doctor
Γö£ Γùï /login
Γö£ ΓùÉ /p/[id]
Γöé Γöö /p/[id]
Γö£ ΓùÉ /print/[id]
Γöé Γöö /print/[id]
Γö£ ΓùÉ /register                         5s      1y
Γö£ ΓùÉ /s/[token]
Γöé Γöö /s/[token]
Γöö ΓùÉ /volunteer


╞Æ Proxy (Middleware)

Γùï  (Static)             prerendered as static content
ΓùÉ  (Partial Prerender)  prerendered as static HTML with dynamic server-streamed content
╞Æ  (Dynamic)            server-rendered on demand


> snp-camps@0.1.0 check:js-budget
> node scripts/check-js-budget.mjs

JS route budgets (gzipped bytes):
  ok        /                            actual=  201766 budget=  274000 raw=673818
  ok        /_global-error               actual=  187009 budget=  193000 raw=631831
  ok        /_not-found                  actual=  192890 budget=  199000 raw=648218
  ok        /admin                       actual=  452637 budget=  462000 raw=1523415
  ok        /admin/patients              actual=  394519 budget=  406000 raw=1346756
  ok        /doctor                      actual=  449201 budget=  461000 raw=1508824
  ok        /login                       actual=  264252 budget=  273000 raw=913774
  ok        /p/[id]                      actual=  192890 budget=  199000 raw=648218
  ok        /print/[id]                  actual=  207353 budget=  212000 raw=690667
  ok        /register                    actual=  399910 budget=  410000 raw=1364434
  ok        /s/[token]                   actual=  192890 budget=  199000 raw=648218
  ok        /volunteer                   actual=  453328 budget=  464000 raw=1525584
All route JS budgets within limits.
