
> snp-camps@0.1.0 verify
> npm run lint && npm test && npm run build && npm run check:js-budget


> snp-camps@0.1.0 lint
> eslint


> snp-camps@0.1.0 test
> node --no-warnings --import ./tests/route-loader.mjs --test --test-concurrency=1 tests/*.test.mjs

Γ£ö touch-min is 48px (3rem) (2.5333ms)
Γ£ö focus-visible ring and prefers-reduced-motion stay on (0.7589ms)
Γ£ö skip link + field Input errors use alert role (0.5802ms)
Γ£ö shared Button/Input targets are ΓëÑ48px (min-h-12 or 3.25rem) (0.3068ms)
Γ£ö palette pairs meet AA normal text (ΓëÑ4.5:1) for body/labels (1.6536ms)
Γ£ö duplicate Aadhaar last-4 + name raises mapped message with reg no (184.6148ms)
Γ£ö staff override inserts second row and records who and when (81.3138ms)
Γ£ö service_role cannot pass aadhaar override (40.2715ms)
Γ£ö rejects unknown role with 400 before database access (13.4071ms)
Γ£ö doctor: create provisions profile and invalidates doctors-list (9.3022ms)
Γ£ö doctor: reset password returns temporary password and invalidates cache (3.5784ms)
Γ£ö doctor: deactivate sets disabled_at, bans sign-in, invalidates cache (3.7469ms)
Γ£ö doctor: reactivate clears disabled_at and invalidates cache (2.5095ms)
Γ£ö volunteer: create provisions profile and invalidates doctors-list (2.1974ms)
Γ£ö volunteer: reset password returns temporary password and invalidates cache (4.128ms)
Γ£ö volunteer: deactivate sets disabled_at, bans sign-in, invalidates cache (1.3081ms)
Γ£ö volunteer: reactivate clears disabled_at and invalidates cache (1.7338ms)
Γ£ö admin cannot deactivate their own account (1.7973ms)
Γ£ö GET list returns staff rows for the path role (1.5412ms)
Γ£ö GET test-sms requires admin and reports configuration (12.9242ms)
Γ£ö POST test-sms rejects unconfigured provider (4.703ms)
Γ£ö doctor assign of registered returns check_in_required and leaves row unchanged (141.6516ms)
Γ£ö volunteer assign of registered returns check_in_required (83.5918ms)
Γ£ö waiting patient transitions to seen once and preserves check-in fields (77.4022ms)
Γ£ö repeat assign on seen is terminal and never reassigns doctor (90.5804ms)
Γ£ö concurrent assign cannot produce different doctors or skip waiting rule (180.985ms)
Γ£ö reg holds day lock while admin lowers limit ΓåÆ edit rejects; limit ΓëÑ count (523.9459ms)
Γ£ö edit locks first then reg follows ΓåÆ capacity preserved (reg full) (404.3183ms)
Γ£ö two concurrent regs at final seat ΓåÆ at most one success (155.3229ms)
Γ£ö edit equal/above count succeeds; below returns SEAT_LIMIT_BELOW_ASSIGNED (170.3196ms)
Γ£ö smoke: not-found, wrong camp, non-admin permission (143.8041ms)
Γ£ö stress: repeated edit/reg interleavings complete without deadlock (887.4794ms)
Γ£ö Realtime patient subscription modules are gone (3.0949ms)
Γ£ö src has no postgres_changes or supabase channel subscribe for desks (27.3803ms)
Γ£ö public/register SeatBoard call sites never pass live (1.7443ms)
Γ£ö staff desks enable live seat board or live bridge (1.1413ms)
Γ£ö #50 doctor station marks seen without confirm dialog copy (1.4553ms)
Γ£ö #57 doctor registered review has no Mark seen; check-in instruction present (1.2313ms)
Γ£ö #58 scanner uses camera session + decode orchestrator generation guards (0.8625ms)
Γ£ö SeatBoard live defaults false; staff path uses shared desk owner (0.9903ms)
Γ£ö staff queue/seat use shared camp desk live owner (1.2016ms)
Γ£ö #56 continuous ~20s poll is the staff freshness owner (0.9877ms)
Γ£ö doctor bridge polls continuously without Realtime (0.8463ms)
Γ£ö #56 no staff copy instructs manual-only refresh on live desks (1.1046ms)
Γ£ö #26 no unstable_cache in src/ (24.0775ms)
Γ£ö #26 doctor list uses use cache + doctors-list tag (0.9017ms)
Γ£ö #26 active camp snapshot uses use cache + tag (1.0199ms)
Γ£ö out-of-order: only latest generation applies (318.6508ms)
Γ£ö two subscribers share one owner and one in-flight fetch (1.784ms)
Γ£ö pending removals are id-keyed and independent (28.0095ms)
Γ£ö failed refresh after client snapshot preserves rows and marks stale-error (61.2068ms)
Γ£ö pre-reg stays registered and is excluded from waiting queue (128.1026ms)
Γ£ö check_in is idempotent for waiting and blocks seen (175.1385ms)
Γ£ö queue order is by check-in time not registration time (137.96ms)
Γ£ö name search returns only registered for active camp (82.5687ms)
Γ£ö name search finds one-character typo via trigram (#61) (63.3565ms)
Γ£ö name search finds simple transposition via trigram (#61) (68.6065ms)
Γ£ö exact prefix ranks before fuzzy matches (#61) (81.6831ms)
Γ£ö name search excludes other camp and seen (#61) (99.5534ms)
Γ£ö name search returns at most 10 deterministic rows (#61) (111.3727ms)
Γ£ö search plan uses registered filter and name index path (#61 EXPLAIN) (53.5689ms)
Γ£ö Aadhaar helpers normalize without retaining extra digits (3.837ms)
Γ£ö Aadhaar checksum rejects malformed and repeated values (0.5714ms)
Γ£ö gender normalization accepts common provider values (0.3635ms)
Γ£ö QR parser accepts staff-scan identifiers only (1.4964ms)
Γ£ö QR parser handles noisy camera reads and length bounds (0.543ms)
Γ£ö isPatientUuid and resolveOrigin validate inputs (0.338ms)
Γ£ö Staff excludes doctor; Camp crew includes all three desk roles (0.5918ms)
Γ£ö production CSP script-src uses nonce without unsafe-inline (1.2725ms)
Γ£ö registration number parser rejects overflow and malformed values (0.5134ms)
Γ£ö password policy matches Supabase Auth minimum length (0.4755ms)
Γ£ö patient URLs are staff-scan canonical and staff passwords avoid ambiguous characters (1.3875ms)
Γ£ö sensitive provider URLs require a secure transport (0.5313ms)
Γ£ö admin bootstrap sends its service key only to the exact Supabase project (1.5083ms)
Γ£ö rate limits enforce both client IP and supplied subject (48.1291ms)
Γ£ö rate limits block IP burst and subject rotation independently (5.4712ms)
Γ£ö notification phone normalization accepts common Indian formats (0.7625ms)
Γ£ö only a completed, error-free doctor assignment is successful (0.693ms)
Γ£ö queue labels and tones map known statuses (0.9465ms)
[reminder-sms] job done {
  tomorrow: '2026-07-27',
  considered: 0,
  sent: 0,
  skipped: 0,
  failed: 0,
  ambiguous: 0,
  ok: true
}
[reminder-sms] list failed relation missing
[sms-failure] {
  template: 'reminder',
  detail: 'relation missing',
  phoneLast4: undefined
}
Γ£ö cron rejects unauthenticated calls (13.6664ms)
Γ£ö cron with valid secret runs job (empty candidates) (11.8367ms)
Γ£ö cron list failure returns non-2xx and ok:false (7.7055ms)
DESK_LIVE_PAYLOAD_100_BYTES 12314
Γ£ö 100-waiting desk-live payload stays small (closing evidence) (3.8942ms)
Γ£ö desk-live route source never loads doctors or staff KPIs (1.4753ms)
Γ£ö GET /api/desk/live rejects unauthenticated and non-crew (10.8919ms)
Γ£ö GET /api/desk/live requires campId UUID (2.5078ms)
[db-error] desk-ops.lookup {
  code: '08006',
  message: 'connection_failure',
  details: undefined,
  hint: undefined,
  status: undefined,
  category: 'transient',
  retryable: true
}
[db-error] desk-ops.lookup {
  code: '08006',
  message: 'connection_failure',
  details: undefined,
  hint: undefined,
  status: undefined,
  category: 'transient',
  retryable: true
}
[db-error] desk-ops.lookup {
  code: '08006',
  message: 'connection_failure',
  details: undefined,
  hint: undefined,
  status: undefined,
  category: 'transient',
  retryable: true
}
[db-error] desk-ops.lookup {
  code: '40001',
  message: 'could not serialize access',
  details: undefined,
  hint: undefined,
  status: undefined,
  category: 'transient',
  retryable: true
}
[db-error] desk-ops.lookup {
  code: '42501',
  message: 'permission denied for table patients',
  details: undefined,
  hint: undefined,
  status: undefined,
  category: 'permission',
  retryable: false
}
[db-error] desk-ops.assign {
  code: '57014',
  message: 'canceling statement due to statement timeout',
  details: undefined,
  hint: undefined,
  status: undefined,
  category: 'timeout',
  retryable: true
}
[db-error] desk-ops.assign {
  code: '57014',
  message: 'canceling statement due to statement timeout',
  details: undefined,
  hint: undefined,
  status: undefined,
  category: 'timeout',
  retryable: true
}
[db-error] desk-ops.assign {
  code: '57014',
  message: 'canceling statement due to statement timeout',
  details: undefined,
  hint: undefined,
  status: undefined,
  category: 'timeout',
  retryable: true
}
[db-error] desk-ops.assign {
  code: '08006',
  message: 'connection_failure',
  details: undefined,
  hint: undefined,
  status: undefined,
  category: 'transient',
  retryable: true
}
[db-error] desk-ops.assign {
  code: '08006',
  message: 'connection_failure',
  details: undefined,
  hint: undefined,
  status: undefined,
  category: 'transient',
  retryable: true
}
[db-error] desk-ops.assign {
  code: '08006',
  message: 'connection_failure',
  details: undefined,
  hint: undefined,
  status: undefined,
  category: 'transient',
  retryable: true
}
[db-error] desk-ops.assign {
  code: '57014',
  message: 'canceling statement due to statement timeout',
  details: undefined,
  hint: undefined,
  status: undefined,
  category: 'timeout',
  retryable: true
}
[db-error] desk-ops.change-day {
  code: undefined,
  message: 'Failed to fetch',
  details: undefined,
  hint: undefined,
  status: undefined,
  category: 'transient',
  retryable: true
}
[db-error] desk-ops.change-day {
  code: undefined,
  message: 'Failed to fetch',
  details: undefined,
  hint: undefined,
  status: undefined,
  category: 'transient',
  retryable: true
}
[db-error] desk-ops.change-day {
  code: undefined,
  message: 'Failed to fetch',
  details: undefined,
  hint: undefined,
  status: undefined,
  category: 'transient',
  retryable: true
}
[db-error] desk-ops.change-day {
  code: 'P0001',
  message: 'That day is full (40 seats taken)',
  details: undefined,
  hint: undefined,
  status: undefined,
  category: 'capacity',
  retryable: false
}
[db-error] desk-ops.change-day {
  code: '42501',
  message: 'permission denied for function change_camp_day',
  details: undefined,
  hint: undefined,
  status: undefined,
  category: 'permission',
  retryable: false
}
[db-error] desk-ops.change-day {
  code: '08006',
  message: 'connection_failure',
  details: undefined,
  hint: undefined,
  status: undefined,
  category: 'transient',
  retryable: true
}
[db-error] desk-ops.change-day {
  code: 'XX000',
  message: 'weird internal',
  details: undefined,
  hint: undefined,
  status: undefined,
  category: 'unknown',
  retryable: false
}
[db-error] desk-ops.check-in {
  code: '08006',
  message: 'connection_failure',
  details: undefined,
  hint: undefined,
  status: undefined,
  category: 'transient',
  retryable: true
}
[db-error] desk-ops.check-in {
  code: '08006',
  message: 'connection_failure',
  details: undefined,
  hint: undefined,
  status: undefined,
  category: 'transient',
  retryable: true
}
[db-error] desk-ops.check-in {
  code: '08006',
  message: 'connection_failure',
  details: undefined,
  hint: undefined,
  status: undefined,
  category: 'transient',
  retryable: true
}
[db-error] desk-ops.check-in {
  code: '40001',
  message: 'could not serialize access',
  details: undefined,
  hint: undefined,
  status: undefined,
  category: 'transient',
  retryable: true
}
[db-error] desk-ops.check-in {
  code: '42501',
  message: 'permission denied for function check_in_patient',
  details: undefined,
  hint: undefined,
  status: undefined,
  category: 'permission',
  retryable: false
}
[db-error] desk-ops.search {
  code: '42501',
  message: 'permission denied for function search_registered_patients',
  details: undefined,
  hint: undefined,
  status: undefined,
  category: 'permission',
  retryable: false
}
[db-error] desk-ops.search {
  code: undefined,
  message: 'Failed to fetch',
  details: undefined,
  hint: undefined,
  status: undefined,
  category: 'transient',
  retryable: true
}
[db-error] desk-ops.search {
  code: undefined,
  message: 'Failed to fetch',
  details: undefined,
  hint: undefined,
  status: undefined,
  category: 'transient',
  retryable: true
}
[db-error] desk-ops.search {
  code: undefined,
  message: 'Failed to fetch',
  details: undefined,
  hint: undefined,
  status: undefined,
  category: 'transient',
  retryable: true
}
[db-error] desk-ops.search {
  code: '57014',
  message: 'canceling statement due to statement timeout',
  details: undefined,
  hint: undefined,
  status: undefined,
  category: 'timeout',
  retryable: true
}
[db-error] desk-ops.search {
  code: 'XX000',
  message: 'relation patients exploded',
  details: undefined,
  hint: undefined,
  status: undefined,
  category: 'unknown',
  retryable: false
}
Γ£ö lookup retries twice on 08006 then surfaces exhausted copy (12.1017ms)
Γ£ö lookup success on second attempt after serialization_failure (0.8554ms)
Γ£ö lookup patient-not-found is not retried (0.4997ms)
Γ£ö lookup permission denial 42501 is not retried (1.3523ms)
Γ£ö assign retries twice on timeout then surfaces exhausted copy (1.9854ms)
Γ£ö assign keeps the same doctor id on every retry (no double-assign params) (3.1478ms)
Γ£ö assign already_seen after flaky first call is terminal success (no re-assign) (1.8573ms)
Γ£ö assign doctor_required is not retried (0.538ms)
Γ£ö assign check_in_required is not retried and uses worker copy (1.3612ms)
Γ£ö change-day retries twice on thrown transport then surfaces exhausted copy (4.2669ms)
Γ£ö change-day business error (day full P0001) is not retried (0.6375ms)
Γ£ö change-day RLS denial is not retried (0.6128ms)
Γ£ö change-day success on second attempt preserves day id arg (0.7408ms)
Γ£ö change-day unknown XX000 is terminal (not three internet retries) (0.5822ms)
Γ£ö check-in retries twice on 08006 then surfaces exhausted copy (1.2792ms)
Γ£ö check-in success on second attempt after serialization_failure (1.2252ms)
Γ£ö check-in already_seen is terminal and uses safe copy (0.9736ms)
Γ£ö check-in permission denial is not retried and hides raw text (0.6949ms)
Γ£ö check-in already_waiting success is not retried (0.347ms)
Γ£ö search empty rows is success empty ΓÇö not an error (#61) (0.6237ms)
Γ£ö search RLS / permission is error not empty match (0.6742ms)
Γ£ö search transport failure retries then exhausted copy (0.9392ms)
Γ£ö search success on second attempt returns rows (0.6038ms)
Γ£ö search unknown XX000 is terminal error not empty (1.2726ms)
[db-error] staff-register.rpc {
  code: 'P0001',
  message: 'This day is full (40 seats). Choose another day.',
  details: undefined,
  hint: undefined,
  status: undefined,
  category: 'capacity',
  retryable: false
}
[db-error] staff-register.rpc {
  code: '42501',
  message: 'permission denied for function register_patient_idempotent',
  details: undefined,
  hint: undefined,
  status: undefined,
  category: 'permission',
  retryable: false
}
[db-error] staff-register.rpc {
  code: '08006',
  message: 'connection_failure',
  details: undefined,
  hint: undefined,
  status: undefined,
  category: 'transient',
  retryable: true
}
[db-error] staff-register.rpc {
  code: '08006',
  message: 'connection_failure',
  details: undefined,
  hint: undefined,
  status: undefined,
  category: 'transient',
  retryable: true
}
[db-error] staff-register.rpc {
  code: '08006',
  message: 'connection_failure',
  details: undefined,
  hint: undefined,
  status: undefined,
  category: 'transient',
  retryable: true
}
[db-error] staff-register.rpc {
  code: '08006',
  message: 'connection_failure',
  details: undefined,
  hint: undefined,
  status: undefined,
  category: 'transient',
  retryable: true
}
[db-error] staff-register.rpc {
  code: '08006',
  message: 'connection_failure',
  details: undefined,
  hint: undefined,
  status: undefined,
  category: 'transient',
  retryable: true
}
[db-error] staff-register.rpc {
  code: '08006',
  message: 'connection_failure',
  details: undefined,
  hint: undefined,
  status: undefined,
  category: 'transient',
  retryable: true
}
[db-error] staff-register.rpc {
  code: '08006',
  message: 'connection_failure',
  details: undefined,
  hint: undefined,
  status: undefined,
  category: 'transient',
  retryable: true
}
Γ£ö patientPrintPath points at auto-print slip route (2.53ms)
Γ£ö acquireDeskPrintTarget: blocked null is distinct from valid handle (2.4199ms)
Γ£ö acquireDeskPrintTarget: opener severed before any caller await can run (2.5208ms)
Γ£ö acquireDeskPrintTarget: closed handle returns false and abandon closes blank tab (0.5143ms)
Γ£ö aadhaar/likely duplicates and terminal errors are not retryable; transport is (0.449ms)
Γ£ö retries twice on retryable=true then surfaces the plain failure sentence (0.8634ms)
Γ£ö success on second attempt stops retries (0.5574ms)
Γ£ö aadhaar conflict is not retried (0.3686ms)
Γ£ö likely-duplicate warning is not retried (0.473ms)
Γ£ö day-full structured error is not retried and keeps capacity copy (6.1785ms)
Γ£ö permission denial is not retried (1.311ms)
Γ£ö connection-class error is retried then exhausted with showTryAgain (2.5063ms)
Γ£ö runDeskRegisterAndPrint surfaces likelyDuplicateRegNo and abandons target (0.4438ms)
Γ£ö register-then-print: same request id on retries; navigate then onSuccess then rotate/reset (1.5033ms)
Γ£ö blocked popup: registration succeeds once, print=recovery, no false navigate (0.8447ms)
Γ£ö closed target after delay: recovery path, patient still registered (0.5505ms)
Γ£ö failed register never navigates print or resets (2.3173ms)
Γ£ö noop openWindow features string never includes noopener in helper contract (0.5213ms)
Γ£ö default format is a4 multi-up (2.6804ms)
Γ£ö parse accepts a4 and thermal58 (case-insensitive) (0.4893ms)
Γ£ö isDeskSlipFormat is strict (0.2687ms)
Γ£ö labels and storage key stay stable for station setting (0.3217ms)
Γ£ö getDoctorsList: service-role present and query succeeds (3.8579ms)
Γ£ö getDoctorsList: service-role present and query errors throws (3.1301ms)
Γ£ö getDoctorsList: service-role key absent throws (1.3091ms)
Γ£ö getDoctorsList: empty result is success (not an error) (2.9717ms)
Γ£ö formatCampDay anchors YYYY-MM-DD at Asia/Kolkata midnight (6.7986ms)
Γ£ö year-boundary date: IST convention disagrees with UTC-midnight-in-LA (1.0409ms)
Γ£ö formatCampDay is stable for a mid-year date (0.3763ms)
Γ£ö malformed input is returned unchanged (0.4169ms)
Γ£ö formatCampDaySms is compact GSM-7 (no weekday) (0.738ms)
Γ£ö types re-exports the same formatter (15.4659ms)
Γ£ö old noon-local helper is still the shape we deleted (sanity) (1.1338ms)
Γ£ö thirteenth readiness probe in the window is 429 (23.1866ms)
Γ£ö liveness is never rate-limited across thirty requests (14.7118ms)
Γ£ö ready-ok when fully aligned: 200 with all checks (5.3292ms)
Γ£ö migration-head discovery failure ΓåÆ 503 (never 200) (2.4774ms)
Γ£ö repository/applied head mismatch ΓåÆ 503 (1.9335ms)
Γ£ö missing critical function in catalog ΓåÆ 503 (2.3522ms)
Γ£ö missing sms_deliveries table ΓåÆ 503 on schema and sms_ledger (2.3361ms)
Γ£ö patients in Realtime publication ΓåÆ 503 (1.5665ms)
Γ£ö status_token grant to authenticated ΓåÆ 503 on rpc_grants (1.6574ms)
Γ£ö catalog probe RPC failure ΓåÆ 503 (1.358ms)
Γ£ö database unreachable ΓåÆ 503 (1.2312ms)
Γ£ö probe timeout ΓåÆ 503 within budget (2514.1406ms)
Γ£ö no service-role client ΓåÆ 503 (2.1747ms)
Γ£ö non-critical historical object absent does not fail when not in contract (2.1734ms)
Γ£ö no code path references app_database_contract (45.9282ms)
Γ£ö checkBudgets fails when a route exceeds its gzipped budget (3.531ms)
Γ£ö checkBudgets fails when a measured route has no budget entry (1.93ms)
Γ£ö checkBudgets passes when every route is within budget (0.4129ms)
Γ£ö budgetFromMeasured rounds up slightly above the measurement (0.6716ms)
Γ£ö loadBudgets accepts flat map or { routes } wrapper (39.1002ms)
Γ£ö main exits non-zero when budgets are deliberately too low (299.3971ms)
Γ£ö two connections same name+age: one insert, other LIKELY_DUPLICATE (398.6558ms)
Γ£ö warned request can override once with attribution (174.449ms)
Γ£ö shared family phone different person remains overridable (174.1101ms)
Γ£ö different duplicate keys proceed without soft-lock serialization (342.5194ms)
Γ£ö two-key inputs stress: no deadlock across concurrent desks (497.6298ms)
Γ£ö phone-only concurrent race serializes like name+age (228.6698ms)
Γ£ö name + age match in same camp raises LIKELY_DUPLICATE with reg no (153.8974ms)
Γ£ö phone match in same camp raises LIKELY_DUPLICATE (66.4238ms)
Γ£ö same name+age in a different camp does not warn (118.5604ms)
Γ£ö likely override inserts second row and records who and when; not sticky (105.7731ms)
Γ£ö check-in of soft-match reg creates no new patient (73.7244ms)
Γ£ö soft match query is indexed (name+age plan uses index) (4.0712ms)
Γ£ö sendMsg91TemplateSms posts flow payload with authkey header (97.2528ms)
Γ£ö sendMsg91TemplateSms maps HTTP errors without throwing (1.5691ms)
Γ£ö catalog: link_patient_phone absent; patients.user_id absent; no role default (83.6724ms)
Γ£ö residual patient-role profile cannot read patients or change day (92.4689ms)
Γ£ö staff can change camp day; disabled staff denied (69.5058ms)
Γ£ö explicit staff profile insert works without handle_new_user side effect (16.7036ms)
Γ£ö local config disables public signup (repo source) (1.668ms)
Γ£ö name + age only (no phone, no address) succeeds (2.5689ms)
Γ£ö missing name fails (0.3655ms)
Γ£ö missing age fails (0.3505ms)
Γ£ö invalid phone fails; blank phone ok (0.6893ms)
Γ£ö aadhaar last-4 accepted when filled (0.3634ms)
Γ£ö full day rejected (0.2633ms)
Γ£ö doctor cannot select unrelated patient PHI or status_token (135.9839ms)
Γ£ö volunteer can select active-camp desk fields but not status_token (54.0127ms)
Γ£ö admin can select active-camp patients but not status_token via table grant (54.5845ms)
Γ£ö disabled volunteer cannot select patients (46.2653ms)
Γ£ö volunteer cannot select patients on inactive camp (33.9991ms)
Γ£ö staff registration notify RPC returns status_token; doctor cannot (71.912ms)
Γ£ö patients table is absent from supabase_realtime publication (3.7628ms)
[db-error] test {
  code: undefined,
  message: 'day is full ΓÇö select a camp day with seats',
  details: undefined,
  hint: undefined,
  status: undefined,
  category: 'capacity',
  retryable: false
}
Γ£ö known Postgres unique violation maps to camp-worker copy (5.9228ms)
Γ£ö RLS / permission denial maps to permission copy (0.8451ms)
Γ£ö foreign key violation maps without leaking table names (0.5547ms)
Γ£ö AADHAAR_DUPLICATE keeps structured desk copy (1.2134ms)
Γ£ö registration day-full phrase maps (5.1159ms)
Γ£ö SEAT_LIMIT_BELOW_ASSIGNED maps to capacity copy with count (#66) (1.1077ms)
Γ£ö legacy seats-below-taken phrase still maps (#66) (0.3698ms)
Γ£ö unknown code maps to safe generic and never returns raw text (1.546ms)
Γ£ö unknown error logs raw text when log is enabled (2.6961ms)
Γ£ö custom fallback is used when nothing matches (1.1989ms)
Γ£ö publicRegistrationError uses registration fallback (0.9077ms)
Γ£ö classify: transport failure flag (0.5798ms)
Γ£ö classify: timedOut flag (0.4336ms)
Γ£ö classify: HTTP 503 (0.2194ms)
Γ£ö classify: connection failure 08006 (0.508ms)
Γ£ö classify: serialization_failure 40001 (0.526ms)
Γ£ö classify: deadlock 40P01 (0.3818ms)
Γ£ö classify: statement timeout 57014 (0.3226ms)
Γ£ö classify: browser Failed to fetch (legacy message fallback) (0.2661ms)
Γ£ö classify: insufficient privilege 42501 (1.2101ms)
Γ£ö classify: unique violation 23505 (0.2667ms)
Γ£ö classify: not found PGRST116 (0.2718ms)
Γ£ö classify: invalid input 22P02 (0.2129ms)
Γ£ö classify: schema cache / missing function PGRST202 (0.6092ms)
Γ£ö classify: undefined table 42P01 (0.284ms)
Γ£ö classify: RPC raise day full (P0001) is terminal (0.4025ms)
Γ£ö classify: SEAT_LIMIT_BELOW_ASSIGNED is terminal capacity (0.1687ms)
Γ£ö classify: inactive camp phrase is terminal (0.2619ms)
Γ£ö classify: unknown XX000 is terminal (not retried) (0.1326ms)
Γ£ö classify: AADHAAR_DUPLICATE is terminal (0.1265ms)
Γ£ö classify logs category and retryable without putting raw text in publicMessage (0.7192ms)
Γ£ö canUseNativeQrDetector is false without BarcodeDetector (3.0935ms)
Γ£ö canUseNativeQrDetector requires getSupportedFormats to list qr_code (0.7199ms)
Γ£ö decodeQrFromImageData returns null when decoder finds nothing (0.6607ms)
Γ£ö freeze after terminal exhaustion blocks same-code re-arm until unfreeze (#61) (5.3983ms)
Γ£ö stop during pending detect produces no callback (3.0305ms)
Γ£ö unmount-style invalidate after acquire stops tracks and rejects stale stream (1.1859ms)
Γ£ö rapid begin A then B does not keep A's stream (0.7923ms)
Γ£ö pause then delayed detect does not callback; resume allows next (0.6376ms)
Γ£ö freeze blocks auto re-decode until unfreeze (0.5759ms)
Γ£ö debounce ignores same raw QR after mark-seen (0.7405ms)
Γ£ö single in-flight: second detect waits for first to finish (0.6145ms)
Γ£ö repo migration head matches EXPECTED_MIGRATION_HEAD constant (47.4846ms)
Γ£ö applied ledger head agrees with contract after clean migrations (5.0508ms)
Γ£ö readiness_catalog_probe returns full contract facts on clean DB (32.066ms)
Γ£ö patients absent from supabase_realtime (catalog fact) (4.7381ms)
Γ£ö probe is not executable by anon or authenticated (2.7645ms)
Γ£ö evaluateCatalogFacts fails closed on missing critical column (2.8725ms)
Γ£ö probe output contains no PHI-looking fields (9.0868ms)
Γ£ö replay with null camp_day returns the original registration (83.9723ms)
Γ£ö N concurrent registrations against M seats yield exactly M successes (125.606ms)
Γ£ö concurrent change_camp_day cannot overbook a full day (103.1616ms)
Γ£ö register_patient wrapper is gone from the catalog (2.1983ms)
[db-error] staff-register.rpc {
  code: undefined,
  message: 'temporary',
  details: undefined,
  hint: undefined,
  status: undefined,
  category: 'unknown',
  retryable: false
}
[db-error] staff-register.rpc {
  code: undefined,
  message: 'temporary',
  details: undefined,
  hint: undefined,
  status: undefined,
  category: 'unknown',
  retryable: false
}
[db-error] staff-register.rpc {
  code: undefined,
  message: 'temporary',
  details: undefined,
  hint: undefined,
  status: undefined,
  category: 'unknown',
  retryable: false
}
Γ£ö non-staff registration is rejected (desk only) (8.872ms)
Γ£ö staff registration submit sends a non-empty UUID p_request_id to the RPC (1.0848ms)
Γ£ö requestId is stable across retries of the same submission (6.1056ms)
Γ£ö requestId rotates after success (next walk-in) and after resetForm (0.7398ms)
Γ£ö staff payload builder includes the attempt id (not optional) (0.4454ms)
Γ£ö parseAadhaarDuplicateError extracts reg no and ignores noise (1.8109ms)
Γ£ö staff RPC passes one-shot aadhaar override flag (0.629ms)
Γ£ö staff outbound surfaces aadhaarDuplicateRegNo from RPC error (0.4661ms)
Γ£ö parseLikelyDuplicateError extracts reg no (0.8252ms)
Γ£ö staff RPC passes one-shot likely-duplicate override flag (0.8165ms)
Γ£ö staff outbound surfaces likelyDuplicateRegNo from RPC error (0.6183ms)
[sms-failure] { template: 'registration', detail: 'MSG91 down', phoneLast4: '3210' }
[sms-failure] { template: 'registration', detail: 'fail-0', phoneLast4: undefined }
[sms-failure] { template: 'registration', detail: 'fail-1', phoneLast4: undefined }
[sms-failure] { template: 'registration', detail: 'fail-2', phoneLast4: undefined }
[sms-failure] { template: 'registration', detail: 'fail-3', phoneLast4: undefined }
[sms-failure] { template: 'registration', detail: 'fail-4', phoneLast4: undefined }
[sms-failure] { template: 'registration', detail: 'fail-5', phoneLast4: undefined }
[sms-failure] { template: 'registration', detail: 'fail-6', phoneLast4: undefined }
[sms-failure] { template: 'registration', detail: 'fail-7', phoneLast4: undefined }
[sms-failure] { template: 'registration', detail: 'fail-8', phoneLast4: undefined }
[sms-failure] { template: 'registration', detail: 'fail-9', phoneLast4: undefined }
[sms-failure] { template: 'registration', detail: 'fail-10', phoneLast4: undefined }
[sms-failure] { template: 'registration', detail: 'fail-11', phoneLast4: undefined }
[sms-failure] { template: 'registration', detail: 'fail-12', phoneLast4: undefined }
[sms-failure] { template: 'registration', detail: 'fail-13', phoneLast4: undefined }
[sms-failure] { template: 'registration', detail: 'fail-14', phoneLast4: undefined }
[sms-failure] { template: 'registration', detail: 'fail-15', phoneLast4: undefined }
[sms-failure] { template: 'registration', detail: 'fail-16', phoneLast4: undefined }
[sms-failure] { template: 'registration', detail: 'fail-17', phoneLast4: undefined }
[sms-failure] { template: 'registration', detail: 'fail-18', phoneLast4: undefined }
[sms-failure] { template: 'registration', detail: 'fail-19', phoneLast4: undefined }
[sms-failure] { template: 'registration', detail: 'fail-20', phoneLast4: undefined }
[sms-failure] { template: 'registration', detail: 'fail-21', phoneLast4: undefined }
[sms-failure] { template: 'registration', detail: 'fail-22', phoneLast4: undefined }
[sms-failure] { template: 'registration', detail: 'fail-23', phoneLast4: undefined }
[sms-failure] { template: 'registration', detail: 'fail-24', phoneLast4: undefined }
[sms-failure] { template: 'registration', detail: 'fail-25', phoneLast4: undefined }
[sms-failure] { template: 'registration', detail: 'fail-26', phoneLast4: undefined }
[sms-failure] { template: 'registration', detail: 'fail-27', phoneLast4: undefined }
[sms-failure] { template: 'registration', detail: 'fail-28', phoneLast4: undefined }
[sms-failure] { template: 'registration', detail: 'fail-29', phoneLast4: undefined }
[sms-failure] { template: 'registration', detail: 'fail-30', phoneLast4: undefined }
[sms-failure] { template: 'registration', detail: 'fail-31', phoneLast4: undefined }
[sms-failure] { template: 'registration', detail: 'fail-32', phoneLast4: undefined }
[sms-failure] { template: 'registration', detail: 'fail-33', phoneLast4: undefined }
[sms-failure] { template: 'registration', detail: 'fail-34', phoneLast4: undefined }
[sms-failure] { template: 'registration', detail: 'fail-35', phoneLast4: undefined }
[sms-failure] { template: 'registration', detail: 'fail-36', phoneLast4: undefined }
[sms-failure] { template: 'registration', detail: 'fail-37', phoneLast4: undefined }
[sms-failure] { template: 'registration', detail: 'fail-38', phoneLast4: undefined }
[sms-failure] { template: 'registration', detail: 'fail-39', phoneLast4: undefined }
[sms-failure] { template: 'registration', detail: 'fail-40', phoneLast4: undefined }
[sms-failure] { template: 'registration', detail: 'fail-41', phoneLast4: undefined }
[sms-failure] { template: 'registration', detail: 'fail-42', phoneLast4: undefined }
[sms-failure] { template: 'registration', detail: 'fail-43', phoneLast4: undefined }
[sms-failure] { template: 'registration', detail: 'fail-44', phoneLast4: undefined }
[sms-failure] { template: 'registration', detail: 'fail-45', phoneLast4: undefined }
[sms-failure] { template: 'registration', detail: 'fail-46', phoneLast4: undefined }
[sms-failure] { template: 'registration', detail: 'fail-47', phoneLast4: undefined }
[sms-failure] { template: 'registration', detail: 'fail-48', phoneLast4: undefined }
[sms-failure] { template: 'registration', detail: 'fail-49', phoneLast4: undefined }
[sms-failure] { template: 'registration', detail: 'fail-50', phoneLast4: undefined }
[sms-failure] { template: 'registration', detail: 'fail-51', phoneLast4: undefined }
[sms-failure] { template: 'registration', detail: 'fail-52', phoneLast4: undefined }
[sms-failure] { template: 'registration', detail: 'fail-53', phoneLast4: undefined }
[sms-failure] { template: 'registration', detail: 'fail-54', phoneLast4: undefined }
[sms-failure] { template: 'registration', detail: 'fail-55', phoneLast4: undefined }
[sms-failure] { template: 'registration', detail: 'fail-56', phoneLast4: undefined }
[sms-failure] { template: 'registration', detail: 'fail-57', phoneLast4: undefined }
[sms-failure] { template: 'registration', detail: 'fail-58', phoneLast4: undefined }
[sms-failure] { template: 'registration', detail: 'fail-59', phoneLast4: undefined }
Γ£ö DLT template is a fixed constant with {#var#} slots in order (2.6844ms)
Γ£ö max-length rendered registration SMS is <=160 GSM-7 chars (1.4044ms)
Γ£ö non-GSM-7 characters cannot enter the message (1.5194ms)
Γ£ö no phone skips send, records no failure (1.0257ms)
Γ£ö unconfigured provider skips without failing (1.3305ms)
Γ£ö provider throw is recorded and does not throw to caller (3.1124ms)
Γ£ö provider failure does not fail desk registration (1.7723ms)
Γ£ö venue is truncated to keep one segment (0.6022ms)
Γ£ö recordSmsFailure keeps a bounded admin-visible log (11.84ms)
REMINDER_MAX_SMS 104 SNP Camp: Kal aana. Reg #999999. 30 Sep 2026 pe aana, AAAAAAAAAAAAAAAAAAAAAAAAAAAAAAAAAAA. Slip rakhein.
[sms-failure] { template: 'reminder', detail: 'MSG91 down', phoneLast4: '3210' }
[sms-failure] { template: 'reminder', detail: 'provider outage', phoneLast4: '3210' }
[reminder-sms] job done {
  tomorrow: '2026-07-27',
  considered: 1,
  sent: 0,
  skipped: 0,
  failed: 0,
  ambiguous: 1,
  ok: true
}
[reminder-sms] job done {
  tomorrow: '2026-07-27',
  considered: 2,
  sent: 1,
  skipped: 1,
  failed: 0,
  ambiguous: 0,
  ok: true
}
[reminder-sms] job done {
  tomorrow: '2026-07-27',
  considered: 2,
  sent: 0,
  skipped: 2,
  failed: 0,
  ambiguous: 0,
  ok: true
}
[reminder-sms] list failed schema missing
[sms-failure] {
  template: 'reminder',
  detail: 'schema missing',
  phoneLast4: undefined
}
Γ£ö DLT reminder template is fixed with {#var#} slots in order (4.4076ms)
Γ£ö max-length rendered reminder SMS is <=160 GSM-7 chars (4.2238ms)
Γ£ö kolkataDateIso anchors tomorrow in Asia/Kolkata (3.4498ms)
Γ£ö eligibility: only registered + phone + tomorrow + not yet sent (1.2232ms)
Γ£ö no phone skips send and is not an error (1.1128ms)
Γ£ö provider failure does not throw from send or job (5.7345ms)
Γ£ö running the job twice sends exactly once per patient (2.9622ms)
Γ£ö listCandidates failure marks job ok:false (2.2556ms)
Γ£ö isMsg91ReminderConfigured requires reminder template id (1.0262ms)
Γ£ö createRequestId returns a UUID v4-shaped string (10.6537ms)
Γ£ö createRequestId returns unique values across calls (0.7966ms)
Γ£ö createRequestId works when crypto.randomUUID is unavailable (1.8123ms)
Γ£ö fetchDeskSection requests only the named section (queue) (64.4957ms)
Γ£ö fetchDeskSection doctors retry never requests queue or kpis (2.0018ms)
Γ£ö fetchDeskSection maps HTTP failure to safe error (no raw body leak) (0.9436ms)
Γ£ö section key catalog is exhaustive for the API seam (0.4967ms)
Γ£ö initial fetch failure with no seed ΓåÆ freshness error (not empty success) (64.7257ms)
Γ£ö seeded waiting known + refresh fail ΓåÆ stale-error preserves rows (47.0181ms)
Γ£ö mapAuthError maps invalid credentials without leaking provider text (1.377ms)
Γ£ö mapAuthError unknown Auth error is generic and logs raw (1.3014ms)
Γ£ö mapAuthError change-password never returns raw weak-password stack (0.8357ms)
Γ£ö SectionLoadError requires onRetry and does not import useRouter (1.3735ms)
Γ£ö admin page section loaders do not throw inside Suspense children (1.2724ms)
Γ£ö volunteer page always mounts LiveQueue/SeatBoard for camp (no SectionLoadError gate) (0.8234ms)
Γ£ö doctor page uses isolated stats/seen islands (no Suspense throw loaders) (0.6994ms)
Γ£ö login and change-password use mapAuthError (1.0158ms)
Γ£ö mapDbError still maps RLS without raw table names (1.6579ms)
Γ£ö service-role key never appears in client components or browser client (21.7291ms)
Γ£ö service-role admin client is server-only (0.8012ms)
Γ£ö every public table in the baseline migration has RLS enabled (3.2272ms)
Γ£ö SQL is_staff and is_camp_crew role sets stay aligned (7.7684ms)
Γ£ö registration with phone enqueues pending delivery in same txn (151.9841ms)
Γ£ö registration without phone creates no delivery (103.6879ms)
Γ£ö two connections claim same delivery: exactly one wins (122.0813ms)
Γ£ö timeout path completes as ambiguous and is not reclaimable (72.544ms)
Γ£ö known failure is reclaimable; sent stores provider request id (70.2877ms)
Γ£ö stale sending lease is reclaimable (64.7261ms)
Γ£ö authenticated cannot select sms_deliveries table directly (34.7751ms)
Γ£ö ledger stores no full phone or message body columns (10.9675ms)
Γ£ö volunteer_my_counts is dropped from the catalog (54.3126ms)
Γ£ö active camp yields camp-scoped volunteer counts (100.8865ms)
Γ£ö null p_camp_id yields zeros (no all-time totals) (83.7509ms)
Γ£ö two waiting different timestamps ΓåÆ positions 1 and 2 (140.8454ms)
Γ£ö identical queued_at ordered by reg_no then id; unique consecutive positions (73.4147ms)
Γ£ö same queued_at and reg_no: id ASC is final tie-break (84.7827ms)
Γ£ö different camps never affect each other (73.9342ms)
Γ£ö seen/registered do not count ahead of waiting (28.9383ms)
Γ£ö waiting ΓåÆ seen loses position (NULL) (38.9402ms)
Γ£ö invalid/expired/random tokens return empty (same not-found shape) (60.701ms)
Γ£ö authenticated cannot execute patient_status_by_token (86.7506ms)
Γ£ö null token input returns empty (not a fabricated number) (9.9581ms)
Γ£ö concurrent waiting peers get distinct ranks in one snapshot (83.9844ms)
Γ£ö least-privilege projection has no phone/token/queued_at columns (5.1708ms)
Γ£ö status page is a Server Component (no use client) (3.2082ms)
Γ£ö status page uses patient_status_by_token RPC only (1.477ms)
Γ£ö status page treats RPC error as safe retry UI, zero rows as notFound (0.9468ms)
Γ£ö mapStatusRpcRow maps waiting position and nulls non-waiting (4.2288ms)
Γ£ö generateStatusToken is 128-bit hex and unique across samples (3.2647ms)
Γ£ö isStatusTokenFormat rejects UUID, reg numbers, and short tokens (0.6063ms)
Γ£ö retries twice with 250 then 750 ms backoff by default (4.0708ms)
Γ£ö stops on first non-retryable result (0.5601ms)
Γ£ö success on second attempt does not take third (0.4675ms)
Γä╣ tests 331
Γä╣ suites 0
Γä╣ pass 331
Γä╣ fail 0
Γä╣ cancelled 0
Γä╣ skipped 0
Γä╣ todo 0
Γä╣ duration_ms 35587.1374

> snp-camps@0.1.0 build
> next build

Γû▓ Next.js 16.2.11 (Turbopack)
- Environments: .env.local, .env
- Cache Components enabled
- Experiments (use with caution):
  ┬╖ optimizePackageImports

  Creating an optimized production build ...
Γ£ô Compiled successfully in 7.4s
  Running TypeScript ...
  Finished TypeScript in 12.2s ...
  Collecting page data using 21 workers ...
  Generating static pages using 21 workers (0/21) ...
  Generating static pages using 21 workers (5/21) 
  Generating static pages using 21 workers (10/21) 
  Generating static pages using 21 workers (15/21) 
Γ£ô Generating static pages using 21 workers (21/21) in 3.4s
  Finalizing page optimization ...

Route (app)                   Revalidate  Expire
Γöî ΓùÉ /                                 5s      1y
Γö£ Γùï /_not-found
Γö£ ΓùÉ /admin
Γö£ ΓùÉ /admin/patients
Γö£ ╞Æ /api/aadhaar-lookup
Γö£ ╞Æ /api/admin/staff-detail
Γö£ ╞Æ /api/admin/staff/[role]
Γö£ ╞Æ /api/admin/test-sms
Γö£ ╞Æ /api/cron/reminder-sms
Γö£ ╞Æ /api/desk/live
Γö£ ╞Æ /api/desk/section
Γö£ ╞Æ /api/health
Γö£ ╞Æ /api/notify/registration
Γö£ ╞Æ /api/patients/[id]/print
Γö£ ΓùÉ /doctor
Γö£ Γùï /login
Γö£ ΓùÉ /p/[id]
Γöé Γöö /p/[id]
Γö£ ΓùÉ /print/[id]
Γöé Γöö /print/[id]
Γö£ ΓùÉ /register                         5s      1y
Γö£ ΓùÉ /s/[token]
Γöé Γöö /s/[token]
Γöö ΓùÉ /volunteer


╞Æ Proxy (Middleware)

Γùï  (Static)             prerendered as static content
ΓùÉ  (Partial Prerender)  prerendered as static HTML with dynamic server-streamed content
╞Æ  (Dynamic)            server-rendered on demand


> snp-camps@0.1.0 check:js-budget
> node scripts/check-js-budget.mjs

JS route budgets (gzipped bytes):
  ok        /                            actual=  202580 budget=  274000 raw=677684
  ok        /_global-error               actual=  187009 budget=  193000 raw=631831
  ok        /_not-found                  actual=  193108 budget=  199000 raw=649354
  ok        /admin                       actual=  459309 budget=  462000 raw=1541862
  ok        /admin/patients              actual=  396635 budget=  406000 raw=1355869
  ok        /doctor                      actual=  451358 budget=  461000 raw=1519357
  ok        /login                       actual=  266929 budget=  273000 raw=922080
  ok        /p/[id]                      actual=  193108 budget=  199000 raw=649354
  ok        /print/[id]                  actual=  207835 budget=  212000 raw=693014
  ok        /register                    actual=  402783 budget=  410000 raw=1376597
  ok        /s/[token]                   actual=  193108 budget=  199000 raw=649354
  ok        /volunteer                   actual=  459704 budget=  464000 raw=1543434
All route JS budgets within limits.
