
> snp-camps@0.1.0 test:db:replay
> npx supabase db reset --yes && npm run test:db

Resetting local database...
Recreating database...
Initialising schema...
Seeding globals from roles.sql...
Applying migration 20260725134338_baseline_current_schema.sql...
Applying migration 20260725193254_split_staff_camp_crew.sql...
Applying migration 20260725201500_passcode_issued_at.sql...
Applying migration 20260725210000_drop_account_provisioning_token.sql...
Applying migration 20260725213000_fix_register_patient_idempotent_replay.sql...
Applying migration 20260725220000_link_patient_phone_household_candidates.sql...
Applying migration 20260725230000_unify_volunteer_kpis.sql...
Applying migration 20260725231000_db_consistency_pass.sql...
Applying migration 20260725232000_retire_app_database_contract.sql...
Applying migration 20260725234000_patients_realtime_desk.sql...
Applying migration 20260726090000_patients_status_token_drop_passcode.sql...
Applying migration 20260726120000_two_round_check_in.sql...
Applying migration 20260726130000_likely_duplicate_warn.sql...
Applying migration 20260726140000_reminder_sms_sent_at.sql...
Applying migration 20260726150000_retire_patient_realtime_least_privilege.sql...
Applying migration 20260726160000_assign_waiting_before_seen.sql...
Applying migration 20260726170000_retire_patient_auth_capabilities.sql...
NOTICE (00000): function public.link_patient_phone(text) does not exist, skipping
NOTICE (00000): retire_patient_auth: patients.user_id non-null before detach = 0
Applying migration 20260726180000_serialize_likely_duplicate_checks.sql...
Applying migration 20260726190000_sms_deliveries_ledger.sql...
Applying migration 20260726200000_status_queue_position_fcfs.sql...
Applying migration 20260726210000_serialize_camp_day_capacity.sql...
Applying migration 20260726220000_readiness_catalog_probe.sql...
WARN: no files matched pattern: supabase/seed.sql
Restarting containers...
Finished supabase db reset on branch fix/gate-a-56-57-58.

> snp-camps@0.1.0 test:db
> node --no-warnings --import ./tests/route-loader.mjs --test --test-concurrency=1 tests/register-patient-idempotent.db.test.mjs tests/staff-person-kpis.db.test.mjs tests/aadhaar-duplicate.db.test.mjs tests/check-in.db.test.mjs tests/likely-duplicate.db.test.mjs tests/likely-duplicate-concurrency.db.test.mjs tests/sms-deliveries.db.test.mjs tests/patient-read-boundary.db.test.mjs tests/assign-waiting-before-seen.db.test.mjs tests/patient-auth-retirement.db.test.mjs tests/status-queue-position.db.test.mjs tests/camp-day-capacity-concurrency.db.test.mjs tests/readiness.db.test.mjs

Γ£ö duplicate Aadhaar last-4 + name raises mapped message with reg no (103.5097ms)
Γ£ö staff override inserts second row and records who and when (47.4545ms)
Γ£ö service_role cannot pass aadhaar override (26.6666ms)
Γ£ö doctor assign of registered returns check_in_required and leaves row unchanged (83.776ms)
Γ£ö volunteer assign of registered returns check_in_required (48.2492ms)
Γ£ö waiting patient transitions to seen once and preserves check-in fields (55.2109ms)
Γ£ö repeat assign on seen is terminal and never reassigns doctor (132.3594ms)
Γ£ö concurrent assign cannot produce different doctors or skip waiting rule (106.0393ms)
Γ£ö reg holds day lock while admin lowers limit ΓåÆ edit rejects; limit ΓëÑ count (470.6882ms)
Γ£ö edit locks first then reg follows ΓåÆ capacity preserved (reg full) (488.8611ms)
Γ£ö two concurrent regs at final seat ΓåÆ at most one success (86.3509ms)
Γ£ö edit equal/above count succeeds; below returns SEAT_LIMIT_BELOW_ASSIGNED (109.5684ms)
Γ£ö smoke: not-found, wrong camp, non-admin permission (150.9376ms)
Γ£ö stress: repeated edit/reg interleavings complete without deadlock (954.6631ms)
Γ£ö pre-reg stays registered and is excluded from waiting queue (69.4029ms)
Γ£ö check_in is idempotent for waiting and blocks seen (433.7892ms)
Γ£ö queue order is by check-in time not registration time (722.1617ms)
Γ£ö name search returns only registered for active camp (67.2478ms)
Γ£ö two connections same name+age: one insert, other LIKELY_DUPLICATE (427.4195ms)
Γ£ö warned request can override once with attribution (595.1734ms)
Γ£ö shared family phone different person remains overridable (267.7816ms)
Γ£ö different duplicate keys proceed without soft-lock serialization (398.5165ms)
Γ£ö two-key inputs stress: no deadlock across concurrent desks (625.2006ms)
Γ£ö phone-only concurrent race serializes like name+age (230.1892ms)
Γ£ö name + age match in same camp raises LIKELY_DUPLICATE with reg no (86.7983ms)
Γ£ö phone match in same camp raises LIKELY_DUPLICATE (479.2947ms)
Γ£ö same name+age in a different camp does not warn (316.0581ms)
Γ£ö likely override inserts second row and records who and when; not sticky (367.7811ms)
Γ£ö check-in of soft-match reg creates no new patient (192.0042ms)
Γ£ö soft match query is indexed (name+age plan uses index) (11.377ms)
Γ£ö catalog: link_patient_phone absent; patients.user_id absent; no role default (31.9297ms)
Γ£ö residual patient-role profile cannot read patients or change day (65.1485ms)
Γ£ö staff can change camp day; disabled staff denied (43.7465ms)
Γ£ö explicit staff profile insert works without handle_new_user side effect (11.9485ms)
Γ£ö local config disables public signup (repo source) (0.6103ms)
Γ£ö doctor cannot select unrelated patient PHI or status_token (130.8837ms)
Γ£ö volunteer can select active-camp desk fields but not status_token (444.6473ms)
Γ£ö admin can select active-camp patients but not status_token via table grant (95.0346ms)
Γ£ö disabled volunteer cannot select patients (29.8522ms)
Γ£ö volunteer cannot select patients on inactive camp (102.0937ms)
Γ£ö staff registration notify RPC returns status_token; doctor cannot (87.0131ms)
Γ£ö patients table is absent from supabase_realtime publication (2.8117ms)
Γ£ö repo migration head matches EXPECTED_MIGRATION_HEAD constant (22.2552ms)
Γ£ö applied ledger head agrees with contract after clean migrations (3.0025ms)
Γ£ö readiness_catalog_probe returns full contract facts on clean DB (26.3241ms)
Γ£ö patients absent from supabase_realtime (catalog fact) (2.1998ms)
Γ£ö probe is not executable by anon or authenticated (4.2717ms)
Γ£ö evaluateCatalogFacts fails closed on missing critical column (1.3559ms)
Γ£ö probe output contains no PHI-looking fields (5.6934ms)
Γ£ö replay with null camp_day returns the original registration (42.3681ms)
Γ£ö N concurrent registrations against M seats yield exactly M successes (71.2205ms)
Γ£ö concurrent change_camp_day cannot overbook a full day (67.1846ms)
Γ£ö register_patient wrapper is gone from the catalog (1.6712ms)
Γ£ö registration with phone enqueues pending delivery in same txn (117.2681ms)
Γ£ö registration without phone creates no delivery (47.2999ms)
Γ£ö two connections claim same delivery: exactly one wins (52.5533ms)
Γ£ö timeout path completes as ambiguous and is not reclaimable (29.3158ms)
Γ£ö known failure is reclaimable; sent stores provider request id (115.06ms)
Γ£ö stale sending lease is reclaimable (34.618ms)
Γ£ö authenticated cannot select sms_deliveries table directly (40.7888ms)
Γ£ö ledger stores no full phone or message body columns (12.092ms)
Γ£ö volunteer_my_counts is dropped from the catalog (55.7609ms)
Γ£ö active camp yields camp-scoped volunteer counts (133.6584ms)
Γ£ö null p_camp_id yields zeros (no all-time totals) (74.3149ms)
Γ£ö two waiting different timestamps ΓåÆ positions 1 and 2 (59.2693ms)
Γ£ö identical queued_at ordered by reg_no then id; unique consecutive positions (27.728ms)
Γ£ö same queued_at and reg_no: id ASC is final tie-break (24.5019ms)
Γ£ö different camps never affect each other (35.4921ms)
Γ£ö seen/registered do not count ahead of waiting (22.1734ms)
Γ£ö waiting ΓåÆ seen loses position (NULL) (50.689ms)
Γ£ö invalid/expired/random tokens return empty (same not-found shape) (28.9469ms)
Γ£ö authenticated cannot execute patient_status_by_token (56.3596ms)
Γ£ö null token input returns empty (not a fabricated number) (6.0482ms)
Γ£ö concurrent waiting peers get distinct ranks in one snapshot (40.2408ms)
Γ£ö least-privilege projection has no phone/token/queued_at columns (3.4996ms)
Γä╣ tests 75
Γä╣ suites 0
Γä╣ pass 75
Γä╣ fail 0
Γä╣ cancelled 0
Γä╣ skipped 0
Γä╣ todo 0
Γä╣ duration_ms 20303.9878
