
> snp-camps@0.1.0 verify
> npm run lint && npm test && npm run build && npm run check:js-budget


> snp-camps@0.1.0 lint
> eslint


> snp-camps@0.1.0 test
> node --no-warnings --import ./tests/route-loader.mjs --test --test-concurrency=1 tests/*.test.mjs

Γ£ö touch-min is 48px (3rem) (1.0438ms)
Γ£ö focus-visible ring and prefers-reduced-motion stay on (0.2359ms)
Γ£ö skip link + field Input errors use alert role (0.2223ms)
Γ£ö shared Button/Input targets are ΓëÑ48px (min-h-12 or 3.25rem) (0.1304ms)
Γ£ö palette pairs meet AA normal text (ΓëÑ4.5:1) for body/labels (0.6434ms)
Γ£ö duplicate Aadhaar last-4 + name raises mapped message with reg no (94.5578ms)
Γ£ö staff override inserts second row and records who and when (46.5411ms)
Γ£ö service_role cannot pass aadhaar override (25.824ms)
Γ£ö rejects unknown role with 400 before database access (5.096ms)
Γ£ö doctor: create provisions profile and invalidates doctors-list (3.247ms)
Γ£ö doctor: reset password returns temporary password and invalidates cache (1.31ms)
Γ£ö doctor: deactivate sets disabled_at, bans sign-in, invalidates cache (1.2956ms)
Γ£ö doctor: reactivate clears disabled_at and invalidates cache (1.9576ms)
Γ£ö volunteer: create provisions profile and invalidates doctors-list (2.0231ms)
Γ£ö volunteer: reset password returns temporary password and invalidates cache (3.0613ms)
Γ£ö volunteer: deactivate sets disabled_at, bans sign-in, invalidates cache (0.8809ms)
Γ£ö volunteer: reactivate clears disabled_at and invalidates cache (2.0679ms)
Γ£ö admin cannot deactivate their own account (0.64ms)
Γ£ö GET list returns staff rows for the path role (0.717ms)
Γ£ö GET test-sms requires admin and reports configuration (6.2222ms)
Γ£ö POST test-sms rejects unconfigured provider (3.3712ms)
Γ£ö doctor assign of registered returns check_in_required and leaves row unchanged (131.9989ms)
Γ£ö volunteer assign of registered returns check_in_required (90.6172ms)
Γ£ö waiting patient transitions to seen once and preserves check-in fields (97.6831ms)
Γ£ö repeat assign on seen is terminal and never reassigns doctor (92.5039ms)
Γ£ö concurrent assign cannot produce different doctors or skip waiting rule (131.3535ms)
Γ£ö reg holds day lock while admin lowers limit ΓåÆ edit rejects; limit ΓëÑ count (358.0539ms)
Γ£ö edit locks first then reg follows ΓåÆ capacity preserved (reg full) (403.6223ms)
Γ£ö two concurrent regs at final seat ΓåÆ at most one success (203.998ms)
Γ£ö edit equal/above count succeeds; below returns SEAT_LIMIT_BELOW_ASSIGNED (149.5663ms)
Γ£ö smoke: not-found, wrong camp, non-admin permission (145.1039ms)
Γ£ö stress: repeated edit/reg interleavings complete without deadlock (766.5071ms)
Γ£ö Realtime patient subscription modules are gone (1.88ms)
Γ£ö src has no postgres_changes or supabase channel subscribe for desks (11.5895ms)
Γ£ö public/register SeatBoard call sites never pass live (0.5463ms)
Γ£ö staff desks enable live seat board or live bridge (0.4657ms)
Γ£ö #50 doctor station marks seen without confirm dialog copy (0.5977ms)
Γ£ö #57 doctor registered review has no Mark seen; check-in instruction present (0.3946ms)
Γ£ö #58 scanner uses camera session + decode orchestrator generation guards (0.3625ms)
Γ£ö SeatBoard live defaults false; staff path uses shared desk owner (0.2807ms)
Γ£ö staff queue/seat use shared camp desk live owner (0.3812ms)
Γ£ö #56 continuous ~20s poll is the staff freshness owner (0.3086ms)
Γ£ö doctor bridge polls continuously without Realtime (0.2752ms)
Γ£ö #56 no staff copy instructs manual-only refresh on live desks (0.3384ms)
Γ£ö #26 no unstable_cache in src/ (9.6933ms)
Γ£ö #26 doctor list uses use cache + doctors-list tag (0.3146ms)
Γ£ö #26 active camp snapshot uses use cache + tag (0.2856ms)
Γ£ö out-of-order: only latest generation applies (139.9678ms)
Γ£ö two subscribers share one owner and one in-flight fetch (0.9751ms)
Γ£ö pending removals are id-keyed and independent (30.3376ms)
Γ£ö failed refresh preserves rows and marks stale-error (63.704ms)
Γ£ö pre-reg stays registered and is excluded from waiting queue (63.395ms)
Γ£ö check_in is idempotent for waiting and blocks seen (164.9615ms)
Γ£ö queue order is by check-in time not registration time (130.6727ms)
Γ£ö name search returns only registered for active camp (96.7013ms)
Γ£ö Aadhaar helpers normalize without retaining extra digits (1.1785ms)
Γ£ö Aadhaar checksum rejects malformed and repeated values (0.3047ms)
Γ£ö gender normalization accepts common provider values (0.1596ms)
Γ£ö QR parser accepts staff-scan identifiers only (0.8176ms)
Γ£ö QR parser handles noisy camera reads and length bounds (0.2199ms)
Γ£ö isPatientUuid and resolveOrigin validate inputs (0.1482ms)
Γ£ö Staff excludes doctor; Camp crew includes all three desk roles (0.2576ms)
Γ£ö production CSP script-src uses nonce without unsafe-inline (0.4946ms)
Γ£ö registration number parser rejects overflow and malformed values (0.2184ms)
Γ£ö password policy matches Supabase Auth minimum length (0.2336ms)
Γ£ö patient URLs are staff-scan canonical and staff passwords avoid ambiguous characters (0.4661ms)
Γ£ö sensitive provider URLs require a secure transport (0.2166ms)
Γ£ö admin bootstrap sends its service key only to the exact Supabase project (0.625ms)
Γ£ö rate limits enforce both client IP and supplied subject (18.1411ms)
Γ£ö rate limits block IP burst and subject rotation independently (1.1855ms)
Γ£ö notification phone normalization accepts common Indian formats (0.2696ms)
Γ£ö only a completed, error-free doctor assignment is successful (0.1476ms)
Γ£ö queue labels and tones map known statuses (0.146ms)
[reminder-sms] job done {
  tomorrow: '2026-07-27',
  considered: 0,
  sent: 0,
  skipped: 0,
  failed: 0,
  ambiguous: 0,
  ok: true
}
[reminder-sms] list failed relation missing
[sms-failure] {
  template: 'reminder',
  detail: 'relation missing',
  phoneLast4: undefined
}
Γ£ö cron rejects unauthenticated calls (4.0435ms)
Γ£ö cron with valid secret runs job (empty candidates) (2.7116ms)
Γ£ö cron list failure returns non-2xx and ok:false (1.3013ms)
DESK_LIVE_PAYLOAD_100_BYTES 12314
Γ£ö 100-waiting desk-live payload stays small (closing evidence) (1.2714ms)
Γ£ö desk-live route source never loads doctors or staff KPIs (0.5451ms)
Γ£ö GET /api/desk/live rejects unauthenticated and non-crew (8.4832ms)
Γ£ö GET /api/desk/live requires campId UUID (1.926ms)
Γ£ö lookup retries twice then surfaces exhausted copy (1.5003ms)
Γ£ö lookup success on second attempt (0.2129ms)
Γ£ö lookup patient-not-found is not retried (0.14ms)
Γ£ö assign retries twice then surfaces exhausted copy (0.336ms)
Γ£ö assign keeps the same doctor id on every retry (no double-assign params) (0.2329ms)
Γ£ö assign already_seen after flaky first call is terminal success (no re-assign) (0.2015ms)
Γ£ö assign doctor_required is not retried (0.2622ms)
Γ£ö assign check_in_required is not retried and uses worker copy (0.5205ms)
Γ£ö change-day retries twice then surfaces exhausted copy (0.4473ms)
Γ£ö change-day business error (full) is not retried (0.3772ms)
Γ£ö change-day success on second attempt preserves day id arg (0.2853ms)
[db-error] staff-register.rpc {
  code: undefined,
  message: 'network',
  details: undefined,
  hint: undefined
}
[db-error] staff-register.rpc {
  code: undefined,
  message: 'down',
  details: undefined,
  hint: undefined
}
[db-error] staff-register.rpc {
  code: undefined,
  message: 'down',
  details: undefined,
  hint: undefined
}
[db-error] staff-register.rpc {
  code: undefined,
  message: 'down',
  details: undefined,
  hint: undefined
}
Γ£ö aadhaar and likely duplicates are not retryable; network errors are (0.7463ms)
Γ£ö retries twice then surfaces the plain failure sentence (0.7657ms)
Γ£ö success on second attempt stops retries (0.2781ms)
Γ£ö aadhaar conflict is not retried (0.1841ms)
Γ£ö likely-duplicate warning is not retried (0.191ms)
Γ£ö runDeskRegisterAndPrint surfaces likelyDuplicateRegNo (0.4792ms)
Γ£ö register-then-print: same request id on retries; print then reset order (1.5912ms)
Γ£ö failed register never opens print or resets (1.3027ms)
Γ£ö default format is a4 multi-up (0.7ms)
Γ£ö parse accepts a4 and thermal58 (case-insensitive) (0.1191ms)
Γ£ö isDeskSlipFormat is strict (0.0854ms)
Γ£ö labels and storage key stay stable for station setting (0.1115ms)
Γ£ö getDoctorsList: service-role present and query succeeds (1.4225ms)
Γ£ö getDoctorsList: service-role present and query errors throws (0.7475ms)
Γ£ö getDoctorsList: service-role key absent throws (0.279ms)
Γ£ö getDoctorsList: empty result is success (not an error) (0.494ms)
Γ£ö formatCampDay anchors YYYY-MM-DD at Asia/Kolkata midnight (0.8648ms)
Γ£ö year-boundary date: IST convention disagrees with UTC-midnight-in-LA (0.3878ms)
Γ£ö formatCampDay is stable for a mid-year date (0.134ms)
Γ£ö malformed input is returned unchanged (0.1503ms)
Γ£ö formatCampDaySms is compact GSM-7 (no weekday) (0.1827ms)
Γ£ö types re-exports the same formatter (3.1474ms)
Γ£ö old noon-local helper is still the shape we deleted (sanity) (0.4061ms)
Γ£ö thirteenth readiness probe in the window is 429 (8.841ms)
Γ£ö liveness is never rate-limited across thirty requests (4.7051ms)
Γ£ö ready-ok when fully aligned: 200 with all checks (1.6703ms)
Γ£ö migration-head discovery failure ΓåÆ 503 (never 200) (0.7307ms)
Γ£ö repository/applied head mismatch ΓåÆ 503 (0.582ms)
Γ£ö missing critical function in catalog ΓåÆ 503 (0.5363ms)
Γ£ö missing sms_deliveries table ΓåÆ 503 on schema and sms_ledger (0.4898ms)
Γ£ö patients in Realtime publication ΓåÆ 503 (0.4028ms)
Γ£ö status_token grant to authenticated ΓåÆ 503 on rpc_grants (0.4768ms)
Γ£ö catalog probe RPC failure ΓåÆ 503 (0.4368ms)
Γ£ö database unreachable ΓåÆ 503 (0.4459ms)
Γ£ö probe timeout ΓåÆ 503 within budget (2504.84ms)
Γ£ö no service-role client ΓåÆ 503 (2.1599ms)
Γ£ö non-critical historical object absent does not fail when not in contract (2.5882ms)
Γ£ö no code path references app_database_contract (27.1709ms)
Γ£ö checkBudgets fails when a route exceeds its gzipped budget (1.3603ms)
Γ£ö checkBudgets fails when a measured route has no budget entry (0.8325ms)
Γ£ö checkBudgets passes when every route is within budget (0.1514ms)
Γ£ö budgetFromMeasured rounds up slightly above the measurement (0.258ms)
Γ£ö loadBudgets accepts flat map or { routes } wrapper (3.63ms)
Γ£ö main exits non-zero when budgets are deliberately too low (97.2785ms)
Γ£ö two connections same name+age: one insert, other LIKELY_DUPLICATE (868.205ms)
Γ£ö warned request can override once with attribution (322.4184ms)
Γ£ö shared family phone different person remains overridable (132.0529ms)
Γ£ö different duplicate keys proceed without soft-lock serialization (433.5699ms)
Γ£ö two-key inputs stress: no deadlock across concurrent desks (367.0905ms)
Γ£ö phone-only concurrent race serializes like name+age (207.8742ms)
Γ£ö name + age match in same camp raises LIKELY_DUPLICATE with reg no (87.6533ms)
Γ£ö phone match in same camp raises LIKELY_DUPLICATE (44.7631ms)
Γ£ö same name+age in a different camp does not warn (138.9546ms)
Γ£ö likely override inserts second row and records who and when; not sticky (87.9034ms)
Γ£ö check-in of soft-match reg creates no new patient (275.6792ms)
Γ£ö soft match query is indexed (name+age plan uses index) (3.613ms)
Γ£ö sendMsg91TemplateSms posts flow payload with authkey header (21.4129ms)
Γ£ö sendMsg91TemplateSms maps HTTP errors without throwing (1.9504ms)
Γ£ö catalog: link_patient_phone absent; patients.user_id absent; no role default (46.0823ms)
Γ£ö residual patient-role profile cannot read patients or change day (85.6424ms)
Γ£ö staff can change camp day; disabled staff denied (46.2196ms)
Γ£ö explicit staff profile insert works without handle_new_user side effect (36.6572ms)
Γ£ö local config disables public signup (repo source) (0.8276ms)
Γ£ö name + age only (no phone, no address) succeeds (2.9726ms)
Γ£ö missing name fails (0.4738ms)
Γ£ö missing age fails (0.3016ms)
Γ£ö invalid phone fails; blank phone ok (0.6777ms)
Γ£ö aadhaar last-4 accepted when filled (0.1555ms)
Γ£ö full day rejected (0.1157ms)
Γ£ö doctor cannot select unrelated patient PHI or status_token (58.8389ms)
Γ£ö volunteer can select active-camp desk fields but not status_token (31.6707ms)
Γ£ö admin can select active-camp patients but not status_token via table grant (33.9656ms)
Γ£ö disabled volunteer cannot select patients (25.0318ms)
Γ£ö volunteer cannot select patients on inactive camp (19.7593ms)
Γ£ö staff registration notify RPC returns status_token; doctor cannot (64.4106ms)
Γ£ö patients table is absent from supabase_realtime publication (2.7226ms)
[db-error] test {
  code: undefined,
  message: 'day is full ΓÇö select a camp day with seats',
  details: undefined,
  hint: undefined
}
Γ£ö known Postgres unique violation maps to camp-worker copy (1.0152ms)
Γ£ö RLS / permission denial maps to permission copy (0.2089ms)
Γ£ö foreign key violation maps without leaking table names (0.142ms)
Γ£ö AADHAAR_DUPLICATE keeps structured desk copy (0.1653ms)
Γ£ö registration day-full phrase maps (1.005ms)
Γ£ö SEAT_LIMIT_BELOW_ASSIGNED maps to capacity copy with count (#66) (0.2942ms)
Γ£ö legacy seats-below-taken phrase still maps (#66) (0.1793ms)
Γ£ö unknown code maps to safe generic and never returns raw text (0.2827ms)
Γ£ö unknown error logs raw text when log is enabled (0.3898ms)
Γ£ö custom fallback is used when nothing matches (0.2071ms)
Γ£ö publicRegistrationError uses registration fallback (0.1514ms)
Γ£ö canUseNativeQrDetector is false without BarcodeDetector (0.8668ms)
Γ£ö canUseNativeQrDetector requires getSupportedFormats to list qr_code (0.2673ms)
Γ£ö decodeQrFromImageData returns null when decoder finds nothing (0.1986ms)
Γ£ö stop during pending detect produces no callback (1.5523ms)
Γ£ö unmount-style invalidate after acquire stops tracks and rejects stale stream (0.2983ms)
Γ£ö rapid begin A then B does not keep A's stream (0.8675ms)
Γ£ö pause then delayed detect does not callback; resume allows next (0.4117ms)
Γ£ö freeze blocks auto re-decode until unfreeze (0.2559ms)
Γ£ö debounce ignores same raw QR after mark-seen (0.2378ms)
Γ£ö single in-flight: second detect waits for first to finish (0.2845ms)
Γ£ö repo migration head matches EXPECTED_MIGRATION_HEAD constant (423.8073ms)
Γ£ö applied ledger head agrees with contract after clean migrations (8.4882ms)
Γ£ö readiness_catalog_probe returns full contract facts on clean DB (40.2281ms)
Γ£ö patients absent from supabase_realtime (catalog fact) (3.2264ms)
Γ£ö probe is not executable by anon or authenticated (1.6931ms)
Γ£ö evaluateCatalogFacts fails closed on missing critical column (0.6812ms)
Γ£ö probe output contains no PHI-looking fields (11.8756ms)
Γ£ö replay with null camp_day returns the original registration (58.4197ms)
Γ£ö N concurrent registrations against M seats yield exactly M successes (108.4847ms)
Γ£ö concurrent change_camp_day cannot overbook a full day (59.606ms)
Γ£ö register_patient wrapper is gone from the catalog (2.4972ms)
[db-error] staff-register.rpc {
  code: undefined,
  message: 'temporary',
  details: undefined,
  hint: undefined
}
[db-error] staff-register.rpc {
  code: undefined,
  message: 'temporary',
  details: undefined,
  hint: undefined
}
[db-error] staff-register.rpc {
  code: undefined,
  message: 'temporary',
  details: undefined,
  hint: undefined
}
Γ£ö non-staff registration is rejected (desk only) (3.1437ms)
Γ£ö staff registration submit sends a non-empty UUID p_request_id to the RPC (0.3667ms)
Γ£ö requestId is stable across retries of the same submission (2.3581ms)
Γ£ö requestId rotates after success (next walk-in) and after resetForm (0.2843ms)
Γ£ö staff payload builder includes the attempt id (not optional) (0.2417ms)
Γ£ö parseAadhaarDuplicateError extracts reg no and ignores noise (0.6003ms)
Γ£ö staff RPC passes one-shot aadhaar override flag (0.3976ms)
Γ£ö staff outbound surfaces aadhaarDuplicateRegNo from RPC error (0.2902ms)
Γ£ö parseLikelyDuplicateError extracts reg no (0.2327ms)
Γ£ö staff RPC passes one-shot likely-duplicate override flag (0.3015ms)
Γ£ö staff outbound surfaces likelyDuplicateRegNo from RPC error (0.2674ms)
[sms-failure] { template: 'registration', detail: 'MSG91 down', phoneLast4: '3210' }
[sms-failure] { template: 'registration', detail: 'fail-0', phoneLast4: undefined }
[sms-failure] { template: 'registration', detail: 'fail-1', phoneLast4: undefined }
[sms-failure] { template: 'registration', detail: 'fail-2', phoneLast4: undefined }
[sms-failure] { template: 'registration', detail: 'fail-3', phoneLast4: undefined }
[sms-failure] { template: 'registration', detail: 'fail-4', phoneLast4: undefined }
[sms-failure] { template: 'registration', detail: 'fail-5', phoneLast4: undefined }
[sms-failure] { template: 'registration', detail: 'fail-6', phoneLast4: undefined }
[sms-failure] { template: 'registration', detail: 'fail-7', phoneLast4: undefined }
[sms-failure] { template: 'registration', detail: 'fail-8', phoneLast4: undefined }
[sms-failure] { template: 'registration', detail: 'fail-9', phoneLast4: undefined }
[sms-failure] { template: 'registration', detail: 'fail-10', phoneLast4: undefined }
[sms-failure] { template: 'registration', detail: 'fail-11', phoneLast4: undefined }
[sms-failure] { template: 'registration', detail: 'fail-12', phoneLast4: undefined }
[sms-failure] { template: 'registration', detail: 'fail-13', phoneLast4: undefined }
[sms-failure] { template: 'registration', detail: 'fail-14', phoneLast4: undefined }
[sms-failure] { template: 'registration', detail: 'fail-15', phoneLast4: undefined }
[sms-failure] { template: 'registration', detail: 'fail-16', phoneLast4: undefined }
[sms-failure] { template: 'registration', detail: 'fail-17', phoneLast4: undefined }
[sms-failure] { template: 'registration', detail: 'fail-18', phoneLast4: undefined }
[sms-failure] { template: 'registration', detail: 'fail-19', phoneLast4: undefined }
[sms-failure] { template: 'registration', detail: 'fail-20', phoneLast4: undefined }
[sms-failure] { template: 'registration', detail: 'fail-21', phoneLast4: undefined }
[sms-failure] { template: 'registration', detail: 'fail-22', phoneLast4: undefined }
[sms-failure] { template: 'registration', detail: 'fail-23', phoneLast4: undefined }
[sms-failure] { template: 'registration', detail: 'fail-24', phoneLast4: undefined }
[sms-failure] { template: 'registration', detail: 'fail-25', phoneLast4: undefined }
[sms-failure] { template: 'registration', detail: 'fail-26', phoneLast4: undefined }
[sms-failure] { template: 'registration', detail: 'fail-27', phoneLast4: undefined }
[sms-failure] { template: 'registration', detail: 'fail-28', phoneLast4: undefined }
[sms-failure] { template: 'registration', detail: 'fail-29', phoneLast4: undefined }
[sms-failure] { template: 'registration', detail: 'fail-30', phoneLast4: undefined }
[sms-failure] { template: 'registration', detail: 'fail-31', phoneLast4: undefined }
[sms-failure] { template: 'registration', detail: 'fail-32', phoneLast4: undefined }
[sms-failure] { template: 'registration', detail: 'fail-33', phoneLast4: undefined }
[sms-failure] { template: 'registration', detail: 'fail-34', phoneLast4: undefined }
[sms-failure] { template: 'registration', detail: 'fail-35', phoneLast4: undefined }
[sms-failure] { template: 'registration', detail: 'fail-36', phoneLast4: undefined }
[sms-failure] { template: 'registration', detail: 'fail-37', phoneLast4: undefined }
[sms-failure] { template: 'registration', detail: 'fail-38', phoneLast4: undefined }
[sms-failure] { template: 'registration', detail: 'fail-39', phoneLast4: undefined }
[sms-failure] { template: 'registration', detail: 'fail-40', phoneLast4: undefined }
[sms-failure] { template: 'registration', detail: 'fail-41', phoneLast4: undefined }
[sms-failure] { template: 'registration', detail: 'fail-42', phoneLast4: undefined }
[sms-failure] { template: 'registration', detail: 'fail-43', phoneLast4: undefined }
[sms-failure] { template: 'registration', detail: 'fail-44', phoneLast4: undefined }
[sms-failure] { template: 'registration', detail: 'fail-45', phoneLast4: undefined }
[sms-failure] { template: 'registration', detail: 'fail-46', phoneLast4: undefined }
[sms-failure] { template: 'registration', detail: 'fail-47', phoneLast4: undefined }
[sms-failure] { template: 'registration', detail: 'fail-48', phoneLast4: undefined }
[sms-failure] { template: 'registration', detail: 'fail-49', phoneLast4: undefined }
[sms-failure] { template: 'registration', detail: 'fail-50', phoneLast4: undefined }
[sms-failure] { template: 'registration', detail: 'fail-51', phoneLast4: undefined }
[sms-failure] { template: 'registration', detail: 'fail-52', phoneLast4: undefined }
[sms-failure] { template: 'registration', detail: 'fail-53', phoneLast4: undefined }
[sms-failure] { template: 'registration', detail: 'fail-54', phoneLast4: undefined }
[sms-failure] { template: 'registration', detail: 'fail-55', phoneLast4: undefined }
[sms-failure] { template: 'registration', detail: 'fail-56', phoneLast4: undefined }
[sms-failure] { template: 'registration', detail: 'fail-57', phoneLast4: undefined }
[sms-failure] { template: 'registration', detail: 'fail-58', phoneLast4: undefined }
[sms-failure] { template: 'registration', detail: 'fail-59', phoneLast4: undefined }
Γ£ö DLT template is a fixed constant with {#var#} slots in order (0.9064ms)
Γ£ö max-length rendered registration SMS is <=160 GSM-7 chars (0.4682ms)
Γ£ö non-GSM-7 characters cannot enter the message (0.5061ms)
Γ£ö no phone skips send, records no failure (0.3561ms)
Γ£ö unconfigured provider skips without failing (0.5375ms)
Γ£ö provider throw is recorded and does not throw to caller (2.8228ms)
Γ£ö provider failure does not fail desk registration (0.6963ms)
Γ£ö venue is truncated to keep one segment (0.1804ms)
Γ£ö recordSmsFailure keeps a bounded admin-visible log (4.2305ms)
REMINDER_MAX_SMS 104 SNP Camp: Kal aana. Reg #999999. 30 Sep 2026 pe aana, AAAAAAAAAAAAAAAAAAAAAAAAAAAAAAAAAAA. Slip rakhein.
[sms-failure] { template: 'reminder', detail: 'MSG91 down', phoneLast4: '3210' }
[sms-failure] { template: 'reminder', detail: 'provider outage', phoneLast4: '3210' }
[reminder-sms] job done {
  tomorrow: '2026-07-27',
  considered: 1,
  sent: 0,
  skipped: 0,
  failed: 0,
  ambiguous: 1,
  ok: true
}
[reminder-sms] job done {
  tomorrow: '2026-07-27',
  considered: 2,
  sent: 1,
  skipped: 1,
  failed: 0,
  ambiguous: 0,
  ok: true
}
[reminder-sms] job done {
  tomorrow: '2026-07-27',
  considered: 2,
  sent: 0,
  skipped: 2,
  failed: 0,
  ambiguous: 0,
  ok: true
}
[reminder-sms] list failed schema missing
[sms-failure] {
  template: 'reminder',
  detail: 'schema missing',
  phoneLast4: undefined
}
Γ£ö DLT reminder template is fixed with {#var#} slots in order (0.7733ms)
Γ£ö max-length rendered reminder SMS is <=160 GSM-7 chars (1.241ms)
Γ£ö kolkataDateIso anchors tomorrow in Asia/Kolkata (1.3052ms)
Γ£ö eligibility: only registered + phone + tomorrow + not yet sent (0.3167ms)
Γ£ö no phone skips send and is not an error (0.2773ms)
Γ£ö provider failure does not throw from send or job (1.5411ms)
Γ£ö running the job twice sends exactly once per patient (0.8354ms)
Γ£ö listCandidates failure marks job ok:false (0.4573ms)
Γ£ö isMsg91ReminderConfigured requires reminder template id (0.2684ms)
Γ£ö createRequestId returns a UUID v4-shaped string (4.713ms)
Γ£ö createRequestId returns unique values across calls (0.2119ms)
Γ£ö createRequestId works when crypto.randomUUID is unavailable (0.564ms)
Γ£ö service-role key never appears in client components or browser client (8.0342ms)
Γ£ö service-role admin client is server-only (0.291ms)
Γ£ö every public table in the baseline migration has RLS enabled (1.235ms)
Γ£ö SQL is_staff and is_camp_crew role sets stay aligned (3.0806ms)
Γ£ö registration with phone enqueues pending delivery in same txn (81.2025ms)
Γ£ö registration without phone creates no delivery (43.7646ms)
Γ£ö two connections claim same delivery: exactly one wins (159.3754ms)
Γ£ö timeout path completes as ambiguous and is not reclaimable (34.0578ms)
Γ£ö known failure is reclaimable; sent stores provider request id (91.1153ms)
Γ£ö stale sending lease is reclaimable (24.2355ms)
Γ£ö authenticated cannot select sms_deliveries table directly (75.4493ms)
Γ£ö ledger stores no full phone or message body columns (6.9306ms)
Γ£ö volunteer_my_counts is dropped from the catalog (26.0173ms)
Γ£ö active camp yields camp-scoped volunteer counts (123.1483ms)
Γ£ö null p_camp_id yields zeros (no all-time totals) (108.3579ms)
Γ£ö two waiting different timestamps ΓåÆ positions 1 and 2 (87.2103ms)
Γ£ö identical queued_at ordered by reg_no then id; unique consecutive positions (205.4704ms)
Γ£ö same queued_at and reg_no: id ASC is final tie-break (125.055ms)
Γ£ö different camps never affect each other (49.6074ms)
Γ£ö seen/registered do not count ahead of waiting (25.1505ms)
Γ£ö waiting ΓåÆ seen loses position (NULL) (33.2363ms)
Γ£ö invalid/expired/random tokens return empty (same not-found shape) (27.9404ms)
Γ£ö authenticated cannot execute patient_status_by_token (47.3677ms)
Γ£ö null token input returns empty (not a fabricated number) (4.7203ms)
Γ£ö concurrent waiting peers get distinct ranks in one snapshot (52.0811ms)
Γ£ö least-privilege projection has no phone/token/queued_at columns (3.2847ms)
Γ£ö status page is a Server Component (no use client) (1.0644ms)
Γ£ö status page uses patient_status_by_token RPC only (0.4628ms)
Γ£ö status page treats RPC error as safe retry UI, zero rows as notFound (0.3308ms)
Γ£ö mapStatusRpcRow maps waiting position and nulls non-waiting (1.4867ms)
Γ£ö generateStatusToken is 128-bit hex and unique across samples (1.1039ms)
Γ£ö isStatusTokenFormat rejects UUID, reg numbers, and short tokens (0.1518ms)
Γ£ö retries twice with 250 then 750 ms backoff by default (1.4681ms)
Γ£ö stops on first non-retryable result (0.1711ms)
Γ£ö success on second attempt does not take third (0.1706ms)
Γä╣ tests 266
Γä╣ suites 0
Γä╣ pass 266
Γä╣ fail 0
Γä╣ cancelled 0
Γä╣ skipped 0
Γä╣ todo 0
Γä╣ duration_ms 26275.1512

> snp-camps@0.1.0 build
> next build

Γû▓ Next.js 16.2.11 (Turbopack)
- Environments: .env.local, .env
- Cache Components enabled
- Experiments (use with caution):
  ┬╖ optimizePackageImports

  Creating an optimized production build ...
Γ£ô Compiled successfully in 4.1s
  Running TypeScript ...
  Finished TypeScript in 4.4s ...
  Collecting page data using 21 workers ...
  Generating static pages using 21 workers (0/20) ...
  Generating static pages using 21 workers (5/20) 
  Generating static pages using 21 workers (10/20) 
  Generating static pages using 21 workers (15/20) 
Γ£ô Generating static pages using 21 workers (20/20) in 2.6s
  Finalizing page optimization ...

Route (app)                   Revalidate  Expire
Γöî ΓùÉ /                                 5s      1y
Γö£ Γùï /_not-found
Γö£ ΓùÉ /admin
Γö£ ΓùÉ /admin/patients
Γö£ ╞Æ /api/aadhaar-lookup
Γö£ ╞Æ /api/admin/staff-detail
Γö£ ╞Æ /api/admin/staff/[role]
Γö£ ╞Æ /api/admin/test-sms
Γö£ ╞Æ /api/cron/reminder-sms
Γö£ ╞Æ /api/desk/live
Γö£ ╞Æ /api/health
Γö£ ╞Æ /api/notify/registration
Γö£ ╞Æ /api/patients/[id]/print
Γö£ ΓùÉ /doctor
Γö£ Γùï /login
Γö£ ΓùÉ /p/[id]
Γöé Γöö /p/[id]
Γö£ ΓùÉ /print/[id]
Γöé Γöö /print/[id]
Γö£ ΓùÉ /register                         5s      1y
Γö£ ΓùÉ /s/[token]
Γöé Γöö /s/[token]
Γöö ΓùÉ /volunteer


╞Æ Proxy (Middleware)

Γùï  (Static)             prerendered as static content
ΓùÉ  (Partial Prerender)  prerendered as static HTML with dynamic server-streamed content
╞Æ  (Dynamic)            server-rendered on demand


> snp-camps@0.1.0 check:js-budget
> node scripts/check-js-budget.mjs

JS route budgets (gzipped bytes):
  ok        /                            actual=  201766 budget=  274000 raw=673818
  ok        /_global-error               actual=  187009 budget=  193000 raw=631831
  ok        /_not-found                  actual=  192890 budget=  199000 raw=648218
  ok        /admin                       actual=  451979 budget=  462000 raw=1521238
  ok        /admin/patients              actual=  393894 budget=  406000 raw=1345190
  ok        /doctor                      actual=  448473 budget=  461000 raw=1506657
  ok        /login                       actual=  264252 budget=  273000 raw=913774
  ok        /p/[id]                      actual=  192890 budget=  199000 raw=648218
  ok        /print/[id]                  actual=  207353 budget=  212000 raw=690667
  ok        /register                    actual=  399083 budget=  410000 raw=1362132
  ok        /s/[token]                   actual=  192890 budget=  199000 raw=648218
  ok        /volunteer                   actual=  452664 budget=  464000 raw=1523407
All route JS budgets within limits.
