
> snp-camps@0.1.0 verify
> npm run lint && npm test && npm run build && npm run check:js-budget


> snp-camps@0.1.0 lint
> eslint


> snp-camps@0.1.0 test
> node --no-warnings --import ./tests/route-loader.mjs --test --test-concurrency=1 tests/*.test.mjs

Γ£ö touch-min is 48px (3rem) (3.2442ms)
Γ£ö focus-visible ring and prefers-reduced-motion stay on (1.0456ms)
Γ£ö skip link + field Input errors use alert role (0.6107ms)
Γ£ö shared Button/Input targets are ΓëÑ48px (min-h-12 or 3.25rem) (0.313ms)
Γ£ö palette pairs meet AA normal text (ΓëÑ4.5:1) for body/labels (1.4715ms)
Γ£ö empty queue constants (5.2589ms)
Γ£ö addToA4Batch keeps distinct ids in order up to four (1.8755ms)
Γ£ö duplicate id is rejected without growing the queue (0.7149ms)
Γ£ö invalid uuid is rejected (0.5364ms)
Γ£ö parseA4BatchQueue strips PII-like keys and invalid ids; bounds to 4 (1.6404ms)
Γ£ö clearA4Batch empties (0.7671ms)
Γ£ö parseA4BatchIdsParam de-dupes and bounds (0.9108ms)
Γ£ö batch print paths encode distinct ids only (0.8574ms)
Γ£ö duplicate Aadhaar last-4 + name raises mapped message with reg no (175.6639ms)
Γ£ö staff override inserts second row and records who and when (112.5694ms)
Γ£ö service_role cannot pass aadhaar override (59.091ms)
Γ£ö rejects unknown role with 400 before database access (14.1402ms)
Γ£ö doctor: create provisions profile and invalidates doctors-list (10.1434ms)
Γ£ö doctor: reset password returns temporary password and invalidates cache (3.6669ms)
Γ£ö doctor: deactivate sets disabled_at, bans sign-in, invalidates cache (3.8607ms)
Γ£ö doctor: reactivate clears disabled_at and invalidates cache (2.6861ms)
Γ£ö volunteer: create provisions profile and invalidates doctors-list (4.5521ms)
Γ£ö volunteer: reset password returns temporary password and invalidates cache (1.4874ms)
Γ£ö volunteer: deactivate sets disabled_at, bans sign-in, invalidates cache (1.0766ms)
Γ£ö volunteer: reactivate clears disabled_at and invalidates cache (1.3154ms)
Γ£ö admin cannot deactivate their own account (1.8145ms)
Γ£ö GET list returns staff rows for the path role (2.2074ms)
Γ£ö GET test-sms requires admin and reports configuration (12.8726ms)
Γ£ö POST test-sms rejects unconfigured provider (5.5027ms)
Γ£ö doctor assign of registered returns check_in_required and leaves row unchanged (148.0237ms)
Γ£ö volunteer assign of registered returns check_in_required (93.5381ms)
Γ£ö waiting patient transitions to seen once and preserves check-in fields (105.9068ms)
Γ£ö repeat assign on seen is terminal and never reassigns doctor (106.6626ms)
Γ£ö concurrent assign cannot produce different doctors or skip waiting rule (180.5862ms)
Γ£ö reg holds day lock while admin lowers limit ΓåÆ edit rejects; limit ΓëÑ count (642.804ms)
Γ£ö edit locks first then reg follows ΓåÆ capacity preserved (reg full) (453.0754ms)
Γ£ö two concurrent regs at final seat ΓåÆ at most one success (152.0827ms)
Γ£ö edit equal/above count succeeds; below returns SEAT_LIMIT_BELOW_ASSIGNED (183.2476ms)
Γ£ö smoke: not-found, wrong camp, non-admin permission (147.2019ms)
Γ£ö stress: repeated edit/reg interleavings complete without deadlock (926.6579ms)
Γ£ö Realtime patient subscription modules are gone (3.9177ms)
Γ£ö src has no postgres_changes or supabase channel subscribe for desks (32.9227ms)
Γ£ö public/register SeatBoard call sites never pass live (1.4885ms)
Γ£ö staff desks enable live seat board or live bridge (1.2507ms)
Γ£ö #50 doctor station marks seen without confirm dialog copy (1.4978ms)
Γ£ö #57 doctor registered review has no Mark seen; check-in instruction present (1.0724ms)
Γ£ö #58 scanner uses camera session + decode orchestrator generation guards (0.8486ms)
Γ£ö SeatBoard live defaults false; staff path uses shared desk owner (0.8237ms)
Γ£ö staff queue/seat use shared camp desk live owner (1.0856ms)
Γ£ö #56 continuous ~20s poll is the staff freshness owner (1.1374ms)
Γ£ö doctor bridge polls continuously without Realtime (0.8571ms)
Γ£ö #56 no staff copy instructs manual-only refresh on live desks (1.981ms)
Γ£ö #26 no unstable_cache in src/ (26.3143ms)
Γ£ö #26 doctor list uses use cache + doctors-list tag (0.8502ms)
Γ£ö #26 active camp snapshot uses use cache + tag (0.8802ms)
Γ£ö out-of-order: only latest generation applies (280.6025ms)
Γ£ö two subscribers share one owner and one in-flight fetch (2.9987ms)
Γ£ö pending removals are id-keyed and independent (25.4052ms)
Γ£ö failed refresh after client snapshot preserves rows and marks stale-error (61.7567ms)
Γ£ö pre-reg stays registered and is excluded from waiting queue (120.5601ms)
Γ£ö check_in is idempotent for waiting and blocks seen (195.2486ms)
Γ£ö queue order is by check-in time not registration time (123.1845ms)
Γ£ö name search returns only registered for active camp (67.0424ms)
Γ£ö name search finds one-character typo via trigram (#61) (46.4257ms)
Γ£ö name search finds simple transposition via trigram (#61) (54.2315ms)
Γ£ö exact prefix ranks before fuzzy matches (#61) (61.8148ms)
Γ£ö name search excludes other camp and seen (#61) (85.5369ms)
Γ£ö name search returns at most 10 deterministic rows (#61) (117.3176ms)
Γ£ö search plan uses registered filter and name index path (#61 EXPLAIN) (73.3598ms)
Γ£ö Aadhaar helpers normalize without retaining extra digits (2.6108ms)
Γ£ö Aadhaar checksum rejects malformed and repeated values (1.0955ms)
Γ£ö gender normalization accepts common provider values (0.4352ms)
Γ£ö QR parser accepts staff-scan identifiers only (1.5458ms)
Γ£ö QR parser handles noisy camera reads and length bounds (0.5837ms)
Γ£ö isPatientUuid and resolveOrigin validate inputs (0.347ms)
Γ£ö Staff excludes doctor; Camp crew includes all three desk roles (0.7371ms)
Γ£ö production CSP script-src uses nonce without unsafe-inline (1.1352ms)
Γ£ö registration number parser rejects overflow and malformed values (0.5383ms)
Γ£ö password policy matches Supabase Auth minimum length (0.5461ms)
Γ£ö patient URLs are staff-scan canonical and staff passwords avoid ambiguous characters (1.2774ms)
Γ£ö sensitive provider URLs require a secure transport (0.5289ms)
Γ£ö admin bootstrap sends its service key only to the exact Supabase project (1.7468ms)
Γ£ö rate limits enforce both client IP and supplied subject (50.9807ms)
Γ£ö rate limits block IP burst and subject rotation independently (2.941ms)
Γ£ö notification phone normalization accepts common Indian formats (0.7197ms)
Γ£ö only a completed, error-free doctor assignment is successful (0.3853ms)
Γ£ö queue labels and tones map known statuses (0.3589ms)
[reminder-sms] job done {
  tomorrow: '2026-07-27',
  considered: 0,
  sent: 0,
  skipped: 0,
  failed: 0,
  ambiguous: 0,
  ok: true
}
[reminder-sms] list failed relation missing
[sms-failure] {
  template: 'reminder',
  detail: 'relation missing',
  phoneLast4: undefined
}
Γ£ö cron rejects unauthenticated calls (13.328ms)
Γ£ö cron with valid secret runs job (empty candidates) (9.2808ms)
Γ£ö cron list failure returns non-2xx and ok:false (4.7376ms)
DESK_LIVE_PAYLOAD_100_BYTES 12314
Γ£ö 100-waiting desk-live payload stays small (closing evidence) (4.3939ms)
Γ£ö desk-live route source never loads doctors or staff KPIs (1.2029ms)
Γ£ö GET /api/desk/live rejects unauthenticated and non-crew (11.6019ms)
Γ£ö GET /api/desk/live requires campId UUID (2.1611ms)
[db-error] desk-ops.lookup {
  code: '08006',
  message: 'connection_failure',
  details: undefined,
  hint: undefined,
  status: undefined,
  category: 'transient',
  retryable: true
}
[db-error] desk-ops.lookup {
  code: '08006',
  message: 'connection_failure',
  details: undefined,
  hint: undefined,
  status: undefined,
  category: 'transient',
  retryable: true
}
[db-error] desk-ops.lookup {
  code: '08006',
  message: 'connection_failure',
  details: undefined,
  hint: undefined,
  status: undefined,
  category: 'transient',
  retryable: true
}
[db-error] desk-ops.lookup {
  code: '40001',
  message: 'could not serialize access',
  details: undefined,
  hint: undefined,
  status: undefined,
  category: 'transient',
  retryable: true
}
[db-error] desk-ops.lookup {
  code: '42501',
  message: 'permission denied for table patients',
  details: undefined,
  hint: undefined,
  status: undefined,
  category: 'permission',
  retryable: false
}
[db-error] desk-ops.assign {
  code: '57014',
  message: 'canceling statement due to statement timeout',
  details: undefined,
  hint: undefined,
  status: undefined,
  category: 'timeout',
  retryable: true
}
[db-error] desk-ops.assign {
  code: '57014',
  message: 'canceling statement due to statement timeout',
  details: undefined,
  hint: undefined,
  status: undefined,
  category: 'timeout',
  retryable: true
}
[db-error] desk-ops.assign {
  code: '57014',
  message: 'canceling statement due to statement timeout',
  details: undefined,
  hint: undefined,
  status: undefined,
  category: 'timeout',
  retryable: true
}
[db-error] desk-ops.assign {
  code: '08006',
  message: 'connection_failure',
  details: undefined,
  hint: undefined,
  status: undefined,
  category: 'transient',
  retryable: true
}
[db-error] desk-ops.assign {
  code: '08006',
  message: 'connection_failure',
  details: undefined,
  hint: undefined,
  status: undefined,
  category: 'transient',
  retryable: true
}
[db-error] desk-ops.assign {
  code: '08006',
  message: 'connection_failure',
  details: undefined,
  hint: undefined,
  status: undefined,
  category: 'transient',
  retryable: true
}
[db-error] desk-ops.assign {
  code: '57014',
  message: 'canceling statement due to statement timeout',
  details: undefined,
  hint: undefined,
  status: undefined,
  category: 'timeout',
  retryable: true
}
[db-error] desk-ops.change-day {
  code: undefined,
  message: 'Failed to fetch',
  details: undefined,
  hint: undefined,
  status: undefined,
  category: 'transient',
  retryable: true
}
[db-error] desk-ops.change-day {
  code: undefined,
  message: 'Failed to fetch',
  details: undefined,
  hint: undefined,
  status: undefined,
  category: 'transient',
  retryable: true
}
[db-error] desk-ops.change-day {
  code: undefined,
  message: 'Failed to fetch',
  details: undefined,
  hint: undefined,
  status: undefined,
  category: 'transient',
  retryable: true
}
[db-error] desk-ops.change-day {
  code: 'P0001',
  message: 'That day is full (40 seats taken)',
  details: undefined,
  hint: undefined,
  status: undefined,
  category: 'capacity',
  retryable: false
}
[db-error] desk-ops.change-day {
  code: '42501',
  message: 'permission denied for function change_camp_day',
  details: undefined,
  hint: undefined,
  status: undefined,
  category: 'permission',
  retryable: false
}
[db-error] desk-ops.change-day {
  code: '08006',
  message: 'connection_failure',
  details: undefined,
  hint: undefined,
  status: undefined,
  category: 'transient',
  retryable: true
}
[db-error] desk-ops.change-day {
  code: 'XX000',
  message: 'weird internal',
  details: undefined,
  hint: undefined,
  status: undefined,
  category: 'unknown',
  retryable: false
}
[db-error] desk-ops.check-in {
  code: '08006',
  message: 'connection_failure',
  details: undefined,
  hint: undefined,
  status: undefined,
  category: 'transient',
  retryable: true
}
[db-error] desk-ops.check-in {
  code: '08006',
  message: 'connection_failure',
  details: undefined,
  hint: undefined,
  status: undefined,
  category: 'transient',
  retryable: true
}
[db-error] desk-ops.check-in {
  code: '08006',
  message: 'connection_failure',
  details: undefined,
  hint: undefined,
  status: undefined,
  category: 'transient',
  retryable: true
}
[db-error] desk-ops.check-in {
  code: '40001',
  message: 'could not serialize access',
  details: undefined,
  hint: undefined,
  status: undefined,
  category: 'transient',
  retryable: true
}
[db-error] desk-ops.check-in {
  code: '42501',
  message: 'permission denied for function check_in_patient',
  details: undefined,
  hint: undefined,
  status: undefined,
  category: 'permission',
  retryable: false
}
[db-error] desk-ops.search {
  code: '42501',
  message: 'permission denied for function search_registered_patients',
  details: undefined,
  hint: undefined,
  status: undefined,
  category: 'permission',
  retryable: false
}
[db-error] desk-ops.search {
  code: undefined,
  message: 'Failed to fetch',
  details: undefined,
  hint: undefined,
  status: undefined,
  category: 'transient',
  retryable: true
}
[db-error] desk-ops.search {
  code: undefined,
  message: 'Failed to fetch',
  details: undefined,
  hint: undefined,
  status: undefined,
  category: 'transient',
  retryable: true
}
[db-error] desk-ops.search {
  code: undefined,
  message: 'Failed to fetch',
  details: undefined,
  hint: undefined,
  status: undefined,
  category: 'transient',
  retryable: true
}
[db-error] desk-ops.search {
  code: '57014',
  message: 'canceling statement due to statement timeout',
  details: undefined,
  hint: undefined,
  status: undefined,
  category: 'timeout',
  retryable: true
}
[db-error] desk-ops.search {
  code: 'XX000',
  message: 'relation patients exploded',
  details: undefined,
  hint: undefined,
  status: undefined,
  category: 'unknown',
  retryable: false
}
Γ£ö lookup retries twice on 08006 then surfaces exhausted copy (13.3468ms)
Γ£ö lookup success on second attempt after serialization_failure (2.5818ms)
Γ£ö lookup patient-not-found is not retried (1.147ms)
Γ£ö lookup permission denial 42501 is not retried (1.3811ms)
Γ£ö assign retries twice on timeout then surfaces exhausted copy (2.4263ms)
Γ£ö assign keeps the same doctor id on every retry (no double-assign params) (2.1652ms)
Γ£ö assign already_seen after flaky first call is terminal success (no re-assign) (1.1335ms)
Γ£ö assign doctor_required is not retried (0.8277ms)
Γ£ö assign check_in_required is not retried and uses worker copy (0.9111ms)
Γ£ö change-day retries twice on thrown transport then surfaces exhausted copy (2.2977ms)
Γ£ö change-day business error (day full P0001) is not retried (1.3523ms)
Γ£ö change-day RLS denial is not retried (0.9424ms)
Γ£ö change-day success on second attempt preserves day id arg (0.3833ms)
Γ£ö change-day unknown XX000 is terminal (not three internet retries) (1.7758ms)
Γ£ö check-in retries twice on 08006 then surfaces exhausted copy (1.3191ms)
Γ£ö check-in success on second attempt after serialization_failure (0.5724ms)
Γ£ö check-in already_seen is terminal and uses safe copy (0.7582ms)
Γ£ö check-in permission denial is not retried and hides raw text (0.7685ms)
Γ£ö check-in already_waiting success is not retried (0.5006ms)
Γ£ö search empty rows is success empty ΓÇö not an error (#61) (0.9661ms)
Γ£ö search RLS / permission is error not empty match (0.9219ms)
Γ£ö search transport failure retries then exhausted copy (1.3403ms)
Γ£ö search success on second attempt returns rows (0.7232ms)
Γ£ö search unknown XX000 is terminal error not empty (0.9376ms)
[db-error] staff-register.rpc {
  code: 'P0001',
  message: 'This day is full (40 seats). Choose another day.',
  details: undefined,
  hint: undefined,
  status: undefined,
  category: 'capacity',
  retryable: false
}
[db-error] staff-register.rpc {
  code: '42501',
  message: 'permission denied for function register_patient_idempotent',
  details: undefined,
  hint: undefined,
  status: undefined,
  category: 'permission',
  retryable: false
}
[db-error] staff-register.rpc {
  code: '08006',
  message: 'connection_failure',
  details: undefined,
  hint: undefined,
  status: undefined,
  category: 'transient',
  retryable: true
}
[db-error] staff-register.rpc {
  code: '08006',
  message: 'connection_failure',
  details: undefined,
  hint: undefined,
  status: undefined,
  category: 'transient',
  retryable: true
}
[db-error] staff-register.rpc {
  code: '08006',
  message: 'connection_failure',
  details: undefined,
  hint: undefined,
  status: undefined,
  category: 'transient',
  retryable: true
}
[db-error] staff-register.rpc {
  code: '08006',
  message: 'connection_failure',
  details: undefined,
  hint: undefined,
  status: undefined,
  category: 'transient',
  retryable: true
}
[db-error] staff-register.rpc {
  code: '08006',
  message: 'connection_failure',
  details: undefined,
  hint: undefined,
  status: undefined,
  category: 'transient',
  retryable: true
}
[db-error] staff-register.rpc {
  code: '08006',
  message: 'connection_failure',
  details: undefined,
  hint: undefined,
  status: undefined,
  category: 'transient',
  retryable: true
}
[db-error] staff-register.rpc {
  code: '08006',
  message: 'connection_failure',
  details: undefined,
  hint: undefined,
  status: undefined,
  category: 'transient',
  retryable: true
}
Γ£ö patientPrintPath points at auto-print slip route (2.9334ms)
Γ£ö acquireDeskPrintTarget: blocked null is distinct from valid handle (0.6083ms)
Γ£ö acquireDeskPrintTarget: opener severed before any caller await can run (2.0737ms)
Γ£ö acquireDeskPrintTarget: closed handle returns false and abandon closes blank tab (0.4371ms)
Γ£ö aadhaar/likely duplicates and terminal errors are not retryable; transport is (0.7005ms)
Γ£ö retries twice on retryable=true then surfaces the plain failure sentence (0.9177ms)
Γ£ö success on second attempt stops retries (0.4367ms)
Γ£ö aadhaar conflict is not retried (0.3497ms)
Γ£ö likely-duplicate warning is not retried (0.648ms)
Γ£ö day-full structured error is not retried and keeps capacity copy (5.6762ms)
Γ£ö permission denial is not retried (1.4234ms)
Γ£ö connection-class error is retried then exhausted with showTryAgain (3.2619ms)
Γ£ö runDeskRegisterAndPrint surfaces likelyDuplicateRegNo and abandons target (1.3999ms)
Γ£ö register-then-print: same request id on retries; navigate then onSuccess then rotate/reset (1.9669ms)
Γ£ö blocked popup: registration succeeds once, print=recovery, no false navigate (0.9665ms)
Γ£ö closed target after delay: recovery path, patient still registered (0.5368ms)
Γ£ö failed register never navigates print or resets (3.1829ms)
Γ£ö noop openWindow features string never includes noopener in helper contract (0.8319ms)
Γ£ö default format is a4 multi-up (2.2916ms)
Γ£ö parse accepts a4 and thermal58 (case-insensitive) (0.3308ms)
Γ£ö isDeskSlipFormat is strict (0.3152ms)
Γ£ö labels and storage key stay stable for station setting (0.3109ms)
Γ£ö getDoctorsList: service-role present and query succeeds (7.4658ms)
Γ£ö getDoctorsList: service-role present and query errors throws (1.8885ms)
Γ£ö getDoctorsList: service-role key absent throws (0.8012ms)
Γ£ö getDoctorsList: empty result is success (not an error) (1.4095ms)
Γ£ö formatCampDay anchors YYYY-MM-DD at Asia/Kolkata midnight (2.6358ms)
Γ£ö year-boundary date: IST convention disagrees with UTC-midnight-in-LA (1.3875ms)
Γ£ö formatCampDay is stable for a mid-year date (0.4631ms)
Γ£ö malformed input is returned unchanged (0.431ms)
Γ£ö formatCampDaySms is compact GSM-7 (no weekday) (0.6773ms)
Γ£ö types re-exports the same formatter (9.222ms)
Γ£ö old noon-local helper is still the shape we deleted (sanity) (1.2423ms)
Γ£ö thirteenth readiness probe in the window is 429 (26.4917ms)
Γ£ö liveness is never rate-limited across thirty requests (14.3113ms)
Γ£ö ready-ok when fully aligned: 200 with all checks (6.2877ms)
Γ£ö migration-head discovery failure ΓåÆ 503 (never 200) (2.5873ms)
Γ£ö repository/applied head mismatch ΓåÆ 503 (1.7476ms)
Γ£ö missing critical function in catalog ΓåÆ 503 (2.1873ms)
Γ£ö missing sms_deliveries table ΓåÆ 503 on schema and sms_ledger (1.9889ms)
Γ£ö patients in Realtime publication ΓåÆ 503 (1.3081ms)
Γ£ö status_token grant to authenticated ΓåÆ 503 on rpc_grants (1.4996ms)
Γ£ö catalog probe RPC failure ΓåÆ 503 (1.4885ms)
Γ£ö database unreachable ΓåÆ 503 (1.5023ms)
Γ£ö probe timeout ΓåÆ 503 within budget (2510.9423ms)
Γ£ö no service-role client ΓåÆ 503 (1.4896ms)
Γ£ö non-critical historical object absent does not fail when not in contract (1.5747ms)
Γ£ö no code path references app_database_contract (31.432ms)
Γ£ö checkBudgets fails when a route exceeds its gzipped budget (3.5767ms)
Γ£ö checkBudgets fails when a measured route has no budget entry (2.2281ms)
Γ£ö checkBudgets passes when every route is within budget (0.4204ms)
Γ£ö budgetFromMeasured rounds up slightly above the measurement (0.622ms)
Γ£ö loadBudgets accepts flat map or { routes } wrapper (8.0538ms)
Γ£ö main exits non-zero when budgets are deliberately too low (240.2962ms)
Γ£ö two connections same name+age: one insert, other LIKELY_DUPLICATE (427.2777ms)
Γ£ö warned request can override once with attribution (174.3697ms)
Γ£ö shared family phone different person remains overridable (161.7743ms)
Γ£ö different duplicate keys proceed without soft-lock serialization (370.0677ms)
Γ£ö two-key inputs stress: no deadlock across concurrent desks (546.3802ms)
Γ£ö phone-only concurrent race serializes like name+age (294.7685ms)
Γ£ö name + age match in same camp raises LIKELY_DUPLICATE with reg no (152.5125ms)
Γ£ö phone match in same camp raises LIKELY_DUPLICATE (69.3179ms)
Γ£ö same name+age in a different camp does not warn (162.358ms)
Γ£ö likely override inserts second row and records who and when; not sticky (92.8632ms)
Γ£ö check-in of soft-match reg creates no new patient (82.8026ms)
Γ£ö soft match query is indexed (name+age plan uses index) (10.7868ms)
Γ£ö sendMsg91TemplateSms posts flow payload with authkey header (82.6624ms)
Γ£ö sendMsg91TemplateSms maps HTTP errors without throwing (1.7864ms)
Γ£ö catalog: link_patient_phone absent; patients.user_id absent; no role default (79.1162ms)
Γ£ö residual patient-role profile cannot read patients or change day (76.6474ms)
Γ£ö staff can change camp day; disabled staff denied (97.435ms)
Γ£ö explicit staff profile insert works without handle_new_user side effect (32.6857ms)
Γ£ö local config disables public signup (repo source) (1.7268ms)
Γ£ö name + age only (no phone, no address) succeeds (2.1405ms)
Γ£ö missing name fails (0.3684ms)
Γ£ö missing age fails (0.3494ms)
Γ£ö invalid phone fails; blank phone ok (0.7856ms)
Γ£ö aadhaar last-4 accepted when filled (0.3373ms)
Γ£ö full day rejected (0.2534ms)
Γ£ö doctor cannot select unrelated patient PHI or status_token (128.9555ms)
Γ£ö volunteer can select active-camp desk fields but not status_token (86.7579ms)
Γ£ö admin can select active-camp patients but not status_token via table grant (85.2358ms)
Γ£ö disabled volunteer cannot select patients (45.1659ms)
Γ£ö volunteer cannot select patients on inactive camp (42.7342ms)
Γ£ö staff registration notify RPC returns status_token; doctor cannot (77.6792ms)
Γ£ö patients table is absent from supabase_realtime publication (3.5857ms)
[db-error] test {
  code: undefined,
  message: 'day is full ΓÇö select a camp day with seats',
  details: undefined,
  hint: undefined,
  status: undefined,
  category: 'capacity',
  retryable: false
}
Γ£ö known Postgres unique violation maps to camp-worker copy (4.0107ms)
Γ£ö RLS / permission denial maps to permission copy (0.7927ms)
Γ£ö foreign key violation maps without leaking table names (0.5592ms)
Γ£ö AADHAAR_DUPLICATE keeps structured desk copy (0.8869ms)
Γ£ö registration day-full phrase maps (2.8897ms)
Γ£ö SEAT_LIMIT_BELOW_ASSIGNED maps to capacity copy with count (#66) (0.9071ms)
Γ£ö legacy seats-below-taken phrase still maps (#66) (0.3443ms)
Γ£ö unknown code maps to safe generic and never returns raw text (0.9767ms)
Γ£ö unknown error logs raw text when log is enabled (1.2651ms)
Γ£ö custom fallback is used when nothing matches (0.6499ms)
Γ£ö publicRegistrationError uses registration fallback (0.4565ms)
Γ£ö classify: transport failure flag (0.5441ms)
Γ£ö classify: timedOut flag (0.8407ms)
Γ£ö classify: HTTP 503 (0.3256ms)
Γ£ö classify: connection failure 08006 (0.137ms)
Γ£ö classify: serialization_failure 40001 (0.169ms)
Γ£ö classify: deadlock 40P01 (0.1409ms)
Γ£ö classify: statement timeout 57014 (0.1196ms)
Γ£ö classify: browser Failed to fetch (legacy message fallback) (0.1462ms)
Γ£ö classify: insufficient privilege 42501 (0.225ms)
Γ£ö classify: unique violation 23505 (0.1338ms)
Γ£ö classify: not found PGRST116 (0.1177ms)
Γ£ö classify: invalid input 22P02 (0.0848ms)
Γ£ö classify: schema cache / missing function PGRST202 (0.1489ms)
Γ£ö classify: undefined table 42P01 (0.1167ms)
Γ£ö classify: RPC raise day full (P0001) is terminal (0.1573ms)
Γ£ö classify: SEAT_LIMIT_BELOW_ASSIGNED is terminal capacity (0.1126ms)
Γ£ö classify: inactive camp phrase is terminal (0.163ms)
Γ£ö classify: unknown XX000 is terminal (not retried) (0.0887ms)
Γ£ö classify: AADHAAR_DUPLICATE is terminal (0.1597ms)
Γ£ö classify logs category and retryable without putting raw text in publicMessage (0.4436ms)
Γ£ö canUseNativeQrDetector is false without BarcodeDetector (2.7838ms)
Γ£ö canUseNativeQrDetector requires getSupportedFormats to list qr_code (0.6832ms)
Γ£ö decodeQrFromImageData returns null when decoder finds nothing (0.5134ms)
Γ£ö freeze after terminal exhaustion blocks same-code re-arm until unfreeze (#61) (5.0107ms)
Γ£ö stop during pending detect produces no callback (2.8326ms)
Γ£ö unmount-style invalidate after acquire stops tracks and rejects stale stream (0.7096ms)
Γ£ö rapid begin A then B does not keep A's stream (0.7101ms)
Γ£ö pause then delayed detect does not callback; resume allows next (0.8534ms)
Γ£ö freeze blocks auto re-decode until unfreeze (0.6987ms)
Γ£ö debounce ignores same raw QR after mark-seen (0.8903ms)
Γ£ö single in-flight: second detect waits for first to finish (0.8176ms)
Γ£ö repo migration head matches EXPECTED_MIGRATION_HEAD constant (42.949ms)
Γ£ö applied ledger head agrees with contract after clean migrations (3.7124ms)
Γ£ö readiness_catalog_probe returns full contract facts on clean DB (42.5253ms)
Γ£ö patients absent from supabase_realtime (catalog fact) (10.8939ms)
Γ£ö probe is not executable by anon or authenticated (14.5633ms)
Γ£ö evaluateCatalogFacts fails closed on missing critical column (1.8947ms)
Γ£ö probe output contains no PHI-looking fields (15.9009ms)
Γ£ö replay with null camp_day returns the original registration (89.6422ms)
Γ£ö N concurrent registrations against M seats yield exactly M successes (135.1993ms)
Γ£ö concurrent change_camp_day cannot overbook a full day (107.4175ms)
Γ£ö register_patient wrapper is gone from the catalog (2.7108ms)
[db-error] staff-register.rpc {
  code: undefined,
  message: 'temporary',
  details: undefined,
  hint: undefined,
  status: undefined,
  category: 'unknown',
  retryable: false
}
[db-error] staff-register.rpc {
  code: undefined,
  message: 'temporary',
  details: undefined,
  hint: undefined,
  status: undefined,
  category: 'unknown',
  retryable: false
}
[db-error] staff-register.rpc {
  code: undefined,
  message: 'temporary',
  details: undefined,
  hint: undefined,
  status: undefined,
  category: 'unknown',
  retryable: false
}
Γ£ö non-staff registration is rejected (desk only) (9.7669ms)
Γ£ö staff registration submit sends a non-empty UUID p_request_id to the RPC (1.1573ms)
Γ£ö requestId is stable across retries of the same submission (6.7249ms)
Γ£ö requestId rotates after success (next walk-in) and after resetForm (0.8973ms)
Γ£ö staff payload builder includes the attempt id (not optional) (0.4133ms)
Γ£ö parseAadhaarDuplicateError extracts reg no and ignores noise (1.857ms)
Γ£ö staff RPC passes one-shot aadhaar override flag (0.636ms)
Γ£ö staff outbound surfaces aadhaarDuplicateRegNo from RPC error (0.4887ms)
Γ£ö parseLikelyDuplicateError extracts reg no (0.351ms)
Γ£ö staff RPC passes one-shot likely-duplicate override flag (0.7073ms)
Γ£ö staff outbound surfaces likelyDuplicateRegNo from RPC error (0.7962ms)
[sms-failure] { template: 'registration', detail: 'MSG91 down', phoneLast4: '3210' }
[sms-failure] { template: 'registration', detail: 'fail-0', phoneLast4: undefined }
[sms-failure] { template: 'registration', detail: 'fail-1', phoneLast4: undefined }
[sms-failure] { template: 'registration', detail: 'fail-2', phoneLast4: undefined }
[sms-failure] { template: 'registration', detail: 'fail-3', phoneLast4: undefined }
[sms-failure] { template: 'registration', detail: 'fail-4', phoneLast4: undefined }
[sms-failure] { template: 'registration', detail: 'fail-5', phoneLast4: undefined }
[sms-failure] { template: 'registration', detail: 'fail-6', phoneLast4: undefined }
[sms-failure] { template: 'registration', detail: 'fail-7', phoneLast4: undefined }
[sms-failure] { template: 'registration', detail: 'fail-8', phoneLast4: undefined }
[sms-failure] { template: 'registration', detail: 'fail-9', phoneLast4: undefined }
[sms-failure] { template: 'registration', detail: 'fail-10', phoneLast4: undefined }
[sms-failure] { template: 'registration', detail: 'fail-11', phoneLast4: undefined }
[sms-failure] { template: 'registration', detail: 'fail-12', phoneLast4: undefined }
[sms-failure] { template: 'registration', detail: 'fail-13', phoneLast4: undefined }
[sms-failure] { template: 'registration', detail: 'fail-14', phoneLast4: undefined }
[sms-failure] { template: 'registration', detail: 'fail-15', phoneLast4: undefined }
[sms-failure] { template: 'registration', detail: 'fail-16', phoneLast4: undefined }
[sms-failure] { template: 'registration', detail: 'fail-17', phoneLast4: undefined }
[sms-failure] { template: 'registration', detail: 'fail-18', phoneLast4: undefined }
[sms-failure] { template: 'registration', detail: 'fail-19', phoneLast4: undefined }
[sms-failure] { template: 'registration', detail: 'fail-20', phoneLast4: undefined }
[sms-failure] { template: 'registration', detail: 'fail-21', phoneLast4: undefined }
[sms-failure] { template: 'registration', detail: 'fail-22', phoneLast4: undefined }
[sms-failure] { template: 'registration', detail: 'fail-23', phoneLast4: undefined }
[sms-failure] { template: 'registration', detail: 'fail-24', phoneLast4: undefined }
[sms-failure] { template: 'registration', detail: 'fail-25', phoneLast4: undefined }
[sms-failure] { template: 'registration', detail: 'fail-26', phoneLast4: undefined }
[sms-failure] { template: 'registration', detail: 'fail-27', phoneLast4: undefined }
[sms-failure] { template: 'registration', detail: 'fail-28', phoneLast4: undefined }
[sms-failure] { template: 'registration', detail: 'fail-29', phoneLast4: undefined }
[sms-failure] { template: 'registration', detail: 'fail-30', phoneLast4: undefined }
[sms-failure] { template: 'registration', detail: 'fail-31', phoneLast4: undefined }
[sms-failure] { template: 'registration', detail: 'fail-32', phoneLast4: undefined }
[sms-failure] { template: 'registration', detail: 'fail-33', phoneLast4: undefined }
[sms-failure] { template: 'registration', detail: 'fail-34', phoneLast4: undefined }
[sms-failure] { template: 'registration', detail: 'fail-35', phoneLast4: undefined }
[sms-failure] { template: 'registration', detail: 'fail-36', phoneLast4: undefined }
[sms-failure] { template: 'registration', detail: 'fail-37', phoneLast4: undefined }
[sms-failure] { template: 'registration', detail: 'fail-38', phoneLast4: undefined }
[sms-failure] { template: 'registration', detail: 'fail-39', phoneLast4: undefined }
[sms-failure] { template: 'registration', detail: 'fail-40', phoneLast4: undefined }
[sms-failure] { template: 'registration', detail: 'fail-41', phoneLast4: undefined }
[sms-failure] { template: 'registration', detail: 'fail-42', phoneLast4: undefined }
[sms-failure] { template: 'registration', detail: 'fail-43', phoneLast4: undefined }
[sms-failure] { template: 'registration', detail: 'fail-44', phoneLast4: undefined }
[sms-failure] { template: 'registration', detail: 'fail-45', phoneLast4: undefined }
[sms-failure] { template: 'registration', detail: 'fail-46', phoneLast4: undefined }
[sms-failure] { template: 'registration', detail: 'fail-47', phoneLast4: undefined }
[sms-failure] { template: 'registration', detail: 'fail-48', phoneLast4: undefined }
[sms-failure] { template: 'registration', detail: 'fail-49', phoneLast4: undefined }
[sms-failure] { template: 'registration', detail: 'fail-50', phoneLast4: undefined }
[sms-failure] { template: 'registration', detail: 'fail-51', phoneLast4: undefined }
[sms-failure] { template: 'registration', detail: 'fail-52', phoneLast4: undefined }
[sms-failure] { template: 'registration', detail: 'fail-53', phoneLast4: undefined }
[sms-failure] { template: 'registration', detail: 'fail-54', phoneLast4: undefined }
[sms-failure] { template: 'registration', detail: 'fail-55', phoneLast4: undefined }
[sms-failure] { template: 'registration', detail: 'fail-56', phoneLast4: undefined }
[sms-failure] { template: 'registration', detail: 'fail-57', phoneLast4: undefined }
[sms-failure] { template: 'registration', detail: 'fail-58', phoneLast4: undefined }
[sms-failure] { template: 'registration', detail: 'fail-59', phoneLast4: undefined }
Γ£ö DLT template is a fixed constant with {#var#} slots in order (2.6835ms)
Γ£ö max-length rendered registration SMS is <=160 GSM-7 chars (1.4837ms)
Γ£ö non-GSM-7 characters cannot enter the message (1.8098ms)
Γ£ö no phone skips send, records no failure (0.9344ms)
Γ£ö unconfigured provider skips without failing (1.1896ms)
Γ£ö provider throw is recorded and does not throw to caller (3.0533ms)
Γ£ö provider failure does not fail desk registration (1.7722ms)
Γ£ö venue is truncated to keep one segment (0.5454ms)
Γ£ö recordSmsFailure keeps a bounded admin-visible log (5.3954ms)
REMINDER_MAX_SMS 104 SNP Camp: Kal aana. Reg #999999. 30 Sep 2026 pe aana, AAAAAAAAAAAAAAAAAAAAAAAAAAAAAAAAAAA. Slip rakhein.
[sms-failure] { template: 'reminder', detail: 'MSG91 down', phoneLast4: '3210' }
[sms-failure] { template: 'reminder', detail: 'provider outage', phoneLast4: '3210' }
[reminder-sms] job done {
  tomorrow: '2026-07-27',
  considered: 1,
  sent: 0,
  skipped: 0,
  failed: 0,
  ambiguous: 1,
  ok: true
}
[reminder-sms] job done {
  tomorrow: '2026-07-27',
  considered: 2,
  sent: 1,
  skipped: 1,
  failed: 0,
  ambiguous: 0,
  ok: true
}
[reminder-sms] job done {
  tomorrow: '2026-07-27',
  considered: 2,
  sent: 0,
  skipped: 2,
  failed: 0,
  ambiguous: 0,
  ok: true
}
[reminder-sms] list failed schema missing
[sms-failure] {
  template: 'reminder',
  detail: 'schema missing',
  phoneLast4: undefined
}
Γ£ö DLT reminder template is fixed with {#var#} slots in order (3.2121ms)
Γ£ö max-length rendered reminder SMS is <=160 GSM-7 chars (5.1122ms)
Γ£ö kolkataDateIso anchors tomorrow in Asia/Kolkata (5.5181ms)
Γ£ö eligibility: only registered + phone + tomorrow + not yet sent (1.694ms)
Γ£ö no phone skips send and is not an error (1.1292ms)
Γ£ö provider failure does not throw from send or job (4.401ms)
Γ£ö running the job twice sends exactly once per patient (2.7158ms)
Γ£ö listCandidates failure marks job ok:false (1.1268ms)
Γ£ö isMsg91ReminderConfigured requires reminder template id (0.4752ms)
Γ£ö createRequestId returns a UUID v4-shaped string (12.6063ms)
Γ£ö createRequestId returns unique values across calls (0.7819ms)
Γ£ö createRequestId works when crypto.randomUUID is unavailable (1.8285ms)
Γ£ö fetchDeskSection requests only the named section (queue) (59.4452ms)
Γ£ö fetchDeskSection doctors retry never requests queue or kpis (1.9188ms)
Γ£ö fetchDeskSection maps HTTP failure to safe error (no raw body leak) (0.9173ms)
Γ£ö section key catalog is exhaustive for the API seam (0.4864ms)
Γ£ö initial fetch failure with no seed ΓåÆ freshness error (not empty success) (71.2855ms)
Γ£ö seeded waiting known + refresh fail ΓåÆ stale-error preserves rows (47.4567ms)
Γ£ö mapAuthError maps invalid credentials without leaking provider text (1.4203ms)
Γ£ö mapAuthError unknown Auth error is generic and logs raw (1.3177ms)
Γ£ö mapAuthError change-password never returns raw weak-password stack (0.7783ms)
Γ£ö SectionLoadError requires onRetry and does not import useRouter (1.2384ms)
Γ£ö admin page section loaders do not throw inside Suspense children (0.9479ms)
Γ£ö volunteer page always mounts LiveQueue/SeatBoard for camp (no SectionLoadError gate) (0.7839ms)
Γ£ö doctor page uses isolated stats/seen islands (no Suspense throw loaders) (0.6585ms)
Γ£ö login and change-password use mapAuthError (0.8572ms)
Γ£ö mapDbError still maps RLS without raw table names (1.2714ms)
Γ£ö service-role key never appears in client components or browser client (25.4811ms)
Γ£ö service-role admin client is server-only (1.0032ms)
Γ£ö every public table in the baseline migration has RLS enabled (3.8652ms)
Γ£ö SQL is_staff and is_camp_crew role sets stay aligned (9.756ms)
Γ£ö registration with phone enqueues pending delivery in same txn (280.0392ms)
Γ£ö registration without phone creates no delivery (86.0732ms)
Γ£ö two connections claim same delivery: exactly one wins (123.5299ms)
Γ£ö timeout path completes as ambiguous and is not reclaimable (57.3765ms)
Γ£ö known failure is reclaimable; sent stores provider request id (99.7115ms)
Γ£ö stale sending lease is reclaimable (53.0116ms)
Γ£ö authenticated cannot select sms_deliveries table directly (57.6975ms)
Γ£ö ledger stores no full phone or message body columns (13.882ms)
Γ£ö volunteer_my_counts is dropped from the catalog (60.1579ms)
Γ£ö active camp yields camp-scoped volunteer counts (142.9404ms)
Γ£ö null p_camp_id yields zeros (no all-time totals) (103.3825ms)
Γ£ö two waiting different timestamps ΓåÆ positions 1 and 2 (117.1342ms)
Γ£ö identical queued_at ordered by reg_no then id; unique consecutive positions (76.4917ms)
Γ£ö same queued_at and reg_no: id ASC is final tie-break (51.9178ms)
Γ£ö different camps never affect each other (91.8139ms)
Γ£ö seen/registered do not count ahead of waiting (52.926ms)
Γ£ö waiting ΓåÆ seen loses position (NULL) (50.2117ms)
Γ£ö invalid/expired/random tokens return empty (same not-found shape) (61.255ms)
Γ£ö authenticated cannot execute patient_status_by_token (69.7981ms)
Γ£ö null token input returns empty (not a fabricated number) (10.7054ms)
Γ£ö concurrent waiting peers get distinct ranks in one snapshot (64.4078ms)
Γ£ö least-privilege projection has no phone/token/queued_at columns (5.835ms)
Γ£ö status page is a Server Component (no use client) (2.886ms)
Γ£ö status page uses patient_status_by_token RPC only (1.2377ms)
Γ£ö status page treats RPC error as safe retry UI, zero rows as notFound (0.9562ms)
Γ£ö mapStatusRpcRow maps waiting position and nulls non-waiting (4.5797ms)
Γ£ö generateStatusToken is 128-bit hex and unique across samples (3.1514ms)
Γ£ö isStatusTokenFormat rejects UUID, reg numbers, and short tokens (0.2495ms)
Γ£ö retries twice with 250 then 750 ms backoff by default (7.583ms)
Γ£ö stops on first non-retryable result (1.0877ms)
Γ£ö success on second attempt does not take third (0.9704ms)
Γä╣ tests 339
Γä╣ suites 0
Γä╣ pass 339
Γä╣ fail 0
Γä╣ cancelled 0
Γä╣ skipped 0
Γä╣ todo 0
Γä╣ duration_ms 36672.2566

> snp-camps@0.1.0 build
> next build

Γû▓ Next.js 16.2.11 (Turbopack)
- Environments: .env.local, .env
- Cache Components enabled
- Experiments (use with caution):
  ┬╖ optimizePackageImports

  Creating an optimized production build ...
Γ£ô Compiled successfully in 7.3s
  Running TypeScript ...
  Finished TypeScript in 12.5s ...
  Collecting page data using 21 workers ...
  Generating static pages using 21 workers (0/22) ...
  Generating static pages using 21 workers (5/22) 
  Generating static pages using 21 workers (10/22) 
  Generating static pages using 21 workers (16/22) 
Γ£ô Generating static pages using 21 workers (22/22) in 2.1s
  Finalizing page optimization ...

Route (app)                   Revalidate  Expire
Γöî ΓùÉ /                                 5s      1y
Γö£ Γùï /_not-found
Γö£ ΓùÉ /admin
Γö£ ΓùÉ /admin/patients
Γö£ ╞Æ /api/aadhaar-lookup
Γö£ ╞Æ /api/admin/staff-detail
Γö£ ╞Æ /api/admin/staff/[role]
Γö£ ╞Æ /api/admin/test-sms
Γö£ ╞Æ /api/cron/reminder-sms
Γö£ ╞Æ /api/desk/live
Γö£ ╞Æ /api/desk/section
Γö£ ╞Æ /api/health
Γö£ ╞Æ /api/notify/registration
Γö£ ╞Æ /api/patients/[id]/print
Γö£ ΓùÉ /doctor
Γö£ Γùï /login
Γö£ ΓùÉ /p/[id]
Γöé Γöö /p/[id]
Γö£ ΓùÉ /print/[id]
Γöé Γöö /print/[id]
Γö£ ΓùÉ /print/batch
Γö£ ΓùÉ /register                         5s      1y
Γö£ ΓùÉ /s/[token]
Γöé Γöö /s/[token]
Γöö ΓùÉ /volunteer


╞Æ Proxy (Middleware)

Γùï  (Static)             prerendered as static content
ΓùÉ  (Partial Prerender)  prerendered as static HTML with dynamic server-streamed content
╞Æ  (Dynamic)            server-rendered on demand


> snp-camps@0.1.0 check:js-budget
> node scripts/check-js-budget.mjs

JS route budgets (gzipped bytes):
  ok        /                            actual=  202580 budget=  274000 raw=677684
  ok        /_global-error               actual=  187009 budget=  193000 raw=631831
  ok        /_not-found                  actual=  193108 budget=  199000 raw=649354
  ok        /admin                       actual=  459358 budget=  462000 raw=1542007
  ok        /admin/patients              actual=  396656 budget=  406000 raw=1356014
  ok        /doctor                      actual=  451330 budget=  461000 raw=1519502
  ok        /login                       actual=  266929 budget=  273000 raw=922080
  ok        /p/[id]                      actual=  193108 budget=  199000 raw=649354
  ok        /print/[id]                  actual=  209975 budget=  212000 raw=699731
  ok        /print/batch                 actual=  210226 budget=  217000 raw=700902
  ok        /register                    actual=  404879 budget=  410000 raw=1384198
  ok        /s/[token]                   actual=  193108 budget=  199000 raw=649354
  ok        /volunteer                   actual=  459737 budget=  464000 raw=1543579
All route JS budgets within limits.
