
> snp-camps@0.1.0 verify
> npm run lint && npm test && npm run build && npm run check:js-budget


> snp-camps@0.1.0 lint
> eslint


> snp-camps@0.1.0 test
> node --no-warnings --import ./tests/route-loader.mjs --test --test-concurrency=1 tests/*.test.mjs

✔ touch-min is 48px (3rem) (0.7987ms)
✔ focus-visible ring and prefers-reduced-motion stay on (0.2047ms)
✔ skip link + field Input errors use alert role (0.1816ms)
✔ shared Button/Input targets are ≥48px (min-h-12 or 3.25rem) (0.1059ms)
✔ palette pairs meet AA normal text (≥4.5:1) for body/labels (0.5234ms)
✔ duplicate Aadhaar last-4 + name raises mapped message with reg no (103.2711ms)
✔ staff override inserts second row and records who and when (61.3655ms)
✔ service_role cannot pass aadhaar override (28.589ms)
✔ rejects unknown role with 400 before database access (5.5081ms)
✔ doctor: create provisions profile and invalidates doctors-list (2.9006ms)
✔ doctor: reset password returns temporary password and invalidates cache (1.2062ms)
✔ doctor: deactivate sets disabled_at, bans sign-in, invalidates cache (0.9654ms)
✔ doctor: reactivate clears disabled_at and invalidates cache (0.9094ms)
✔ volunteer: create provisions profile and invalidates doctors-list (1.0125ms)
✔ volunteer: reset password returns temporary password and invalidates cache (0.6371ms)
✔ volunteer: deactivate sets disabled_at, bans sign-in, invalidates cache (0.5901ms)
✔ volunteer: reactivate clears disabled_at and invalidates cache (1.3734ms)
✔ admin cannot deactivate their own account (0.5608ms)
✔ GET list returns staff rows for the path role (0.5592ms)
✔ GET test-sms requires admin and reports configuration (5.1863ms)
✔ POST test-sms rejects unconfigured provider (1.9943ms)
✔ public/register SeatBoard call sites never pass live (1.2178ms)
✔ staff desks enable live seat board or live bridge (0.4941ms)
✔ #50 doctor station marks seen without confirm dialog copy (0.473ms)
✔ SeatBoard live defaults false so patient poll path is unchanged (0.2844ms)
✔ poll module still exists for patient + reconnect fallback (0.463ms)
✔ #53 staff queue/seat catch-up uses minimal desk-live endpoint (1.1057ms)
✔ #26 staff continuous poll retired — poll only while reconnecting (0.4389ms)
✔ #26 no staff copy instructs manual-only refresh on Realtime desks (0.357ms)
✔ #26 no unstable_cache in src/ (7.4927ms)
✔ #26 doctor list uses use cache + doctors-list tag (0.3853ms)
✔ #26 active camp snapshot uses use cache + tag (0.2566ms)
✔ RECONNECTING_INDICATOR is the specified desk copy (0.9161ms)
✔ subscribe: opens camp-scoped unique topic and postgres filter (0.4648ms)
✔ two subscribers for the same camp get distinct topics (0.9842ms)
✔ subscribe: message applies onRefresh (0.2329ms)
✔ unmount teardown closes the channel (0.7407ms)
✔ camp-change: ten navigations leave no open channels (0.4081ms)
✔ disconnect falls back to reconnecting status (1.0743ms)
✔ reconnect refetches once before live, hides reconnecting (0.1814ms)
✔ empty campId is a no-op teardown (0.299ms)
✔ events after teardown are ignored (0.2146ms)
✔ pre-reg stays registered and is excluded from waiting queue (64.2629ms)
✔ check_in is idempotent for waiting and blocks seen (125.7481ms)
✔ queue order is by check-in time not registration time (91.6794ms)
✔ name search returns only registered for active camp (25.741ms)
✔ Aadhaar helpers normalize without retaining extra digits (1.4473ms)
✔ Aadhaar checksum rejects malformed and repeated values (0.2967ms)
✔ gender normalization accepts common provider values (0.1643ms)
✔ QR parser accepts staff-scan identifiers only (0.704ms)
✔ QR parser handles noisy camera reads and length bounds (0.2403ms)
✔ isPatientUuid and resolveOrigin validate inputs (0.1505ms)
✔ Staff excludes doctor; Camp crew includes all three desk roles (0.2658ms)
✔ production CSP script-src uses nonce without unsafe-inline (0.4497ms)
✔ registration number parser rejects overflow and malformed values (0.2042ms)
✔ password policy matches Supabase Auth minimum length (0.1954ms)
✔ patient URLs are staff-scan canonical and staff passwords avoid ambiguous characters (0.7456ms)
✔ sensitive provider URLs require a secure transport (0.3693ms)
✔ admin bootstrap sends its service key only to the exact Supabase project (0.8174ms)
✔ rate limits enforce both client IP and supplied subject (25.7264ms)
✔ rate limits block IP burst and subject rotation independently (6.0549ms)
✔ notification phone normalization accepts common Indian formats (0.9947ms)
✔ only a completed, error-free doctor assignment is successful (0.4029ms)
✔ queue labels and tones map known statuses (0.3194ms)
[reminder-sms] job done {
  tomorrow: '2026-07-27',
  considered: 0,
  sent: 0,
  skipped: 0,
  failed: 0,
  ok: true
}
✔ cron rejects unauthenticated calls (4.5613ms)
✔ cron with valid secret runs job (empty candidates) (12.704ms)
DESK_LIVE_PAYLOAD_100_BYTES 12314
✔ 100-waiting desk-live payload stays small (closing evidence) (1.3372ms)
✔ desk-live route source never loads doctors or staff KPIs (0.6289ms)
✔ GET /api/desk/live rejects unauthenticated and non-crew (4.371ms)
✔ GET /api/desk/live requires campId UUID (0.8744ms)
✔ lookup retries twice then surfaces exhausted copy (1.6783ms)
✔ lookup success on second attempt (0.2403ms)
✔ lookup patient-not-found is not retried (0.1492ms)
✔ assign retries twice then surfaces exhausted copy (0.2792ms)
✔ assign keeps the same doctor id on every retry (no double-assign params) (0.2572ms)
✔ assign already_seen after flaky first call is terminal success (no re-assign) (0.2216ms)
✔ assign doctor_required is not retried (0.1701ms)
✔ change-day retries twice then surfaces exhausted copy (0.3435ms)
✔ change-day business error (full) is not retried (0.3651ms)
✔ change-day success on second attempt preserves day id arg (0.3458ms)
[db-error] staff-register.rpc {
  code: undefined,
  message: 'network',
  details: undefined,
  hint: undefined
}
[db-error] staff-register.rpc {
  code: undefined,
  message: 'down',
  details: undefined,
  hint: undefined
}
[db-error] staff-register.rpc {
  code: undefined,
  message: 'down',
  details: undefined,
  hint: undefined
}
[db-error] staff-register.rpc {
  code: undefined,
  message: 'down',
  details: undefined,
  hint: undefined
}
✔ aadhaar and likely duplicates are not retryable; network errors are (0.7886ms)
✔ retries twice then surfaces the plain failure sentence (0.841ms)
✔ success on second attempt stops retries (0.1603ms)
✔ aadhaar conflict is not retried (0.1229ms)
✔ likely-duplicate warning is not retried (0.1504ms)
✔ runDeskRegisterAndPrint surfaces likelyDuplicateRegNo (0.4852ms)
✔ register-then-print: same request id on retries; print then reset order (4.062ms)
✔ failed register never opens print or resets (1.5668ms)
✔ default format is a4 multi-up (0.6345ms)
✔ parse accepts a4 and thermal58 (case-insensitive) (0.1124ms)
✔ isDeskSlipFormat is strict (0.0947ms)
✔ labels and storage key stay stable for station setting (0.1025ms)
✔ getDoctorsList: service-role present and query succeeds (1.536ms)
✔ getDoctorsList: service-role present and query errors throws (1.232ms)
✔ getDoctorsList: service-role key absent throws (0.2491ms)
✔ getDoctorsList: empty result is success (not an error) (0.4049ms)
✔ formatCampDay anchors YYYY-MM-DD at Asia/Kolkata midnight (0.8202ms)
✔ year-boundary date: IST convention disagrees with UTC-midnight-in-LA (0.4516ms)
✔ formatCampDay is stable for a mid-year date (0.1439ms)
✔ malformed input is returned unchanged (0.1333ms)
✔ formatCampDaySms is compact GSM-7 (no weekday) (0.2006ms)
✔ types re-exports the same formatter (3.1157ms)
✔ old noon-local helper is still the shape we deleted (sanity) (0.3654ms)
✔ thirteenth readiness probe in the window is 429 (11.8534ms)
✔ liveness is never rate-limited across thirty requests (3.824ms)
✔ ready-ok reports migrationVersion from the ledger (0.6737ms)
✔ ready-db-fail when a table-shape probe errors (503) (0.4789ms)
✔ no code path references app_database_contract (8.0574ms)
✔ checkBudgets fails when a route exceeds its gzipped budget (2.3767ms)
✔ checkBudgets fails when a measured route has no budget entry (2.2672ms)
✔ checkBudgets passes when every route is within budget (0.5369ms)
✔ budgetFromMeasured rounds up slightly above the measurement (0.4129ms)
✔ loadBudgets accepts flat map or { routes } wrapper (4.5964ms)
✔ main exits non-zero when budgets are deliberately too low (128.9534ms)
✔ name + age match in same camp raises LIKELY_DUPLICATE with reg no (96.1198ms)
✔ phone match in same camp raises LIKELY_DUPLICATE (51.2789ms)
✔ same name+age in a different camp does not warn (72.9076ms)
✔ likely override inserts second row and records who and when; not sticky (49.7494ms)
✔ check-in of soft-match reg creates no new patient (42.9764ms)
✔ soft match query is indexed (name+age plan uses index) (3.2227ms)
✔ sendMsg91TemplateSms posts flow payload with authkey header (18.7322ms)
✔ sendMsg91TemplateSms maps HTTP errors without throwing (0.3473ms)
✔ name + age only (no phone, no address) succeeds (0.7946ms)
✔ missing name fails (0.1191ms)
✔ missing age fails (0.7891ms)
✔ invalid phone fails; blank phone ok (0.251ms)
✔ aadhaar last-4 accepted when filled (0.11ms)
✔ full day rejected (0.0873ms)
[db-error] test {
  code: undefined,
  message: 'day is full — select a camp day with seats',
  details: undefined,
  hint: undefined
}
✔ known Postgres unique violation maps to camp-worker copy (0.9225ms)
✔ RLS / permission denial maps to permission copy (0.209ms)
✔ foreign key violation maps without leaking table names (0.1373ms)
✔ AADHAAR_DUPLICATE keeps structured desk copy (0.1376ms)
✔ registration day-full phrase maps (0.7695ms)
✔ unknown code maps to safe generic and never returns raw text (0.2771ms)
✔ unknown error logs raw text when log is enabled (0.2706ms)
✔ custom fallback is used when nothing matches (0.1053ms)
✔ publicRegistrationError uses registration fallback (0.128ms)
✔ canUseNativeQrDetector is false without BarcodeDetector (0.692ms)
✔ canUseNativeQrDetector requires getSupportedFormats to list qr_code (0.1801ms)
✔ decodeQrFromImageData returns null when decoder finds nothing (0.1305ms)
✔ replay with null camp_day returns the original registration (46.8998ms)
✔ N concurrent registrations against M seats yield exactly M successes (84.3848ms)
✔ concurrent change_camp_day cannot overbook a full day (75.1022ms)
✔ register_patient wrapper is gone from the catalog (1.3618ms)
[db-error] staff-register.rpc {
  code: undefined,
  message: 'temporary',
  details: undefined,
  hint: undefined
}
[db-error] staff-register.rpc {
  code: undefined,
  message: 'temporary',
  details: undefined,
  hint: undefined
}
[db-error] staff-register.rpc {
  code: undefined,
  message: 'temporary',
  details: undefined,
  hint: undefined
}
✔ non-staff registration is rejected (desk only) (3.1579ms)
✔ staff registration submit sends a non-empty UUID p_request_id to the RPC (0.3871ms)
✔ requestId is stable across retries of the same submission (1.5783ms)
✔ requestId rotates after success (next walk-in) and after resetForm (0.2984ms)
✔ staff payload builder includes the attempt id (not optional) (0.1491ms)
✔ parseAadhaarDuplicateError extracts reg no and ignores noise (0.6511ms)
✔ staff RPC passes one-shot aadhaar override flag (0.3079ms)
✔ staff outbound surfaces aadhaarDuplicateRegNo from RPC error (0.5567ms)
✔ parseLikelyDuplicateError extracts reg no (0.3324ms)
✔ staff RPC passes one-shot likely-duplicate override flag (0.5696ms)
✔ staff outbound surfaces likelyDuplicateRegNo from RPC error (0.3589ms)
[sms-failure] { template: 'registration', detail: 'MSG91 down', phoneLast4: '3210' }
[sms-failure] { template: 'registration', detail: 'fail-0', phoneLast4: undefined }
[sms-failure] { template: 'registration', detail: 'fail-1', phoneLast4: undefined }
[sms-failure] { template: 'registration', detail: 'fail-2', phoneLast4: undefined }
[sms-failure] { template: 'registration', detail: 'fail-3', phoneLast4: undefined }
[sms-failure] { template: 'registration', detail: 'fail-4', phoneLast4: undefined }
[sms-failure] { template: 'registration', detail: 'fail-5', phoneLast4: undefined }
[sms-failure] { template: 'registration', detail: 'fail-6', phoneLast4: undefined }
[sms-failure] { template: 'registration', detail: 'fail-7', phoneLast4: undefined }
[sms-failure] { template: 'registration', detail: 'fail-8', phoneLast4: undefined }
[sms-failure] { template: 'registration', detail: 'fail-9', phoneLast4: undefined }
[sms-failure] { template: 'registration', detail: 'fail-10', phoneLast4: undefined }
[sms-failure] { template: 'registration', detail: 'fail-11', phoneLast4: undefined }
[sms-failure] { template: 'registration', detail: 'fail-12', phoneLast4: undefined }
[sms-failure] { template: 'registration', detail: 'fail-13', phoneLast4: undefined }
[sms-failure] { template: 'registration', detail: 'fail-14', phoneLast4: undefined }
[sms-failure] { template: 'registration', detail: 'fail-15', phoneLast4: undefined }
[sms-failure] { template: 'registration', detail: 'fail-16', phoneLast4: undefined }
[sms-failure] { template: 'registration', detail: 'fail-17', phoneLast4: undefined }
[sms-failure] { template: 'registration', detail: 'fail-18', phoneLast4: undefined }
[sms-failure] { template: 'registration', detail: 'fail-19', phoneLast4: undefined }
[sms-failure] { template: 'registration', detail: 'fail-20', phoneLast4: undefined }
[sms-failure] { template: 'registration', detail: 'fail-21', phoneLast4: undefined }
[sms-failure] { template: 'registration', detail: 'fail-22', phoneLast4: undefined }
[sms-failure] { template: 'registration', detail: 'fail-23', phoneLast4: undefined }
[sms-failure] { template: 'registration', detail: 'fail-24', phoneLast4: undefined }
[sms-failure] { template: 'registration', detail: 'fail-25', phoneLast4: undefined }
[sms-failure] { template: 'registration', detail: 'fail-26', phoneLast4: undefined }
[sms-failure] { template: 'registration', detail: 'fail-27', phoneLast4: undefined }
[sms-failure] { template: 'registration', detail: 'fail-28', phoneLast4: undefined }
[sms-failure] { template: 'registration', detail: 'fail-29', phoneLast4: undefined }
[sms-failure] { template: 'registration', detail: 'fail-30', phoneLast4: undefined }
[sms-failure] { template: 'registration', detail: 'fail-31', phoneLast4: undefined }
[sms-failure] { template: 'registration', detail: 'fail-32', phoneLast4: undefined }
[sms-failure] { template: 'registration', detail: 'fail-33', phoneLast4: undefined }
[sms-failure] { template: 'registration', detail: 'fail-34', phoneLast4: undefined }
[sms-failure] { template: 'registration', detail: 'fail-35', phoneLast4: undefined }
[sms-failure] { template: 'registration', detail: 'fail-36', phoneLast4: undefined }
[sms-failure] { template: 'registration', detail: 'fail-37', phoneLast4: undefined }
[sms-failure] { template: 'registration', detail: 'fail-38', phoneLast4: undefined }
[sms-failure] { template: 'registration', detail: 'fail-39', phoneLast4: undefined }
[sms-failure] { template: 'registration', detail: 'fail-40', phoneLast4: undefined }
[sms-failure] { template: 'registration', detail: 'fail-41', phoneLast4: undefined }
[sms-failure] { template: 'registration', detail: 'fail-42', phoneLast4: undefined }
[sms-failure] { template: 'registration', detail: 'fail-43', phoneLast4: undefined }
[sms-failure] { template: 'registration', detail: 'fail-44', phoneLast4: undefined }
[sms-failure] { template: 'registration', detail: 'fail-45', phoneLast4: undefined }
[sms-failure] { template: 'registration', detail: 'fail-46', phoneLast4: undefined }
[sms-failure] { template: 'registration', detail: 'fail-47', phoneLast4: undefined }
[sms-failure] { template: 'registration', detail: 'fail-48', phoneLast4: undefined }
[sms-failure] { template: 'registration', detail: 'fail-49', phoneLast4: undefined }
[sms-failure] { template: 'registration', detail: 'fail-50', phoneLast4: undefined }
[sms-failure] { template: 'registration', detail: 'fail-51', phoneLast4: undefined }
[sms-failure] { template: 'registration', detail: 'fail-52', phoneLast4: undefined }
[sms-failure] { template: 'registration', detail: 'fail-53', phoneLast4: undefined }
[sms-failure] { template: 'registration', detail: 'fail-54', phoneLast4: undefined }
[sms-failure] { template: 'registration', detail: 'fail-55', phoneLast4: undefined }
[sms-failure] { template: 'registration', detail: 'fail-56', phoneLast4: undefined }
[sms-failure] { template: 'registration', detail: 'fail-57', phoneLast4: undefined }
[sms-failure] { template: 'registration', detail: 'fail-58', phoneLast4: undefined }
[sms-failure] { template: 'registration', detail: 'fail-59', phoneLast4: undefined }
✔ DLT template is a fixed constant with {#var#} slots in order (1.0526ms)
✔ max-length rendered registration SMS is <=160 GSM-7 chars (0.6394ms)
✔ non-GSM-7 characters cannot enter the message (0.5721ms)
✔ no phone skips send, records no failure (0.2487ms)
✔ unconfigured provider skips without failing (0.3547ms)
✔ provider throw is recorded and does not throw to caller (1.0842ms)
✔ provider failure does not fail desk registration (0.5479ms)
✔ venue is truncated to keep one segment (0.1609ms)
✔ recordSmsFailure keeps a bounded admin-visible log (2.1383ms)
REMINDER_MAX_SMS 104 SNP Camp: Kal aana. Reg #999999. 30 Sep 2026 pe aana, AAAAAAAAAAAAAAAAAAAAAAAAAAAAAAAAAAA. Slip rakhein.
[sms-failure] { template: 'reminder', detail: 'MSG91 down', phoneLast4: '3210' }
[sms-failure] { template: 'reminder', detail: 'provider outage', phoneLast4: '3210' }
[reminder-sms] job done {
  tomorrow: '2026-07-27',
  considered: 1,
  sent: 0,
  skipped: 0,
  failed: 1,
  ok: true
}
[reminder-sms] job done {
  tomorrow: '2026-07-27',
  considered: 2,
  sent: 1,
  skipped: 1,
  failed: 0,
  ok: true
}
[reminder-sms] job done {
  tomorrow: '2026-07-27',
  considered: 2,
  sent: 0,
  skipped: 2,
  failed: 0,
  ok: true
}
✔ DLT reminder template is fixed with {#var#} slots in order (1.4307ms)
✔ max-length rendered reminder SMS is <=160 GSM-7 chars (1.3495ms)
✔ kolkataDateIso anchors tomorrow in Asia/Kolkata (1.5112ms)
✔ eligibility: only registered + phone + tomorrow + not yet sent (0.3458ms)
✔ no phone skips send and is not an error (0.3152ms)
✔ provider failure does not throw from send or job (1.4097ms)
✔ running the job twice sends exactly once per patient (0.7792ms)
✔ isMsg91ReminderConfigured requires reminder template id (0.2706ms)
✔ createRequestId returns a UUID v4-shaped string (3.7743ms)
✔ createRequestId returns unique values across calls (0.2441ms)
✔ createRequestId works when crypto.randomUUID is unavailable (0.5855ms)
✔ service-role key never appears in client components or browser client (11.7151ms)
✔ service-role admin client is server-only (0.5284ms)
✔ every public table in the baseline migration has RLS enabled (1.7305ms)
✔ SQL is_staff and is_camp_crew role sets stay aligned (4.9948ms)
✔ volunteer_my_counts is dropped from the catalog (37.6836ms)
✔ active camp yields camp-scoped volunteer counts (53.3443ms)
✔ null p_camp_id yields zeros (no all-time totals) (65.5669ms)
✔ generateStatusToken is 128-bit hex and unique across samples (1.4517ms)
✔ isStatusTokenFormat rejects UUID, reg numbers, and short tokens (0.1521ms)
✔ retries twice with 250 then 750 ms backoff by default (2.7783ms)
✔ stops on first non-retryable result (0.3484ms)
✔ success on second attempt does not take third (0.3515ms)
ℹ tests 187
ℹ suites 0
ℹ pass 187
ℹ fail 0
ℹ cancelled 0
ℹ skipped 0
ℹ todo 0
ℹ duration_ms 6335.663

> snp-camps@0.1.0 build
> next build

▲ Next.js 16.2.11 (Turbopack)
- Environments: .env.local, .env
- Cache Components enabled
- Experiments (use with caution):
  · optimizePackageImports

  Creating an optimized production build ...
✓ Compiled successfully in 4.7s
  Running TypeScript ...
  Finished TypeScript in 5.8s ...
  Collecting page data using 21 workers ...
  Generating static pages using 21 workers (0/20) ...
  Generating static pages using 21 workers (5/20) 
  Generating static pages using 21 workers (10/20) 
  Generating static pages using 21 workers (15/20) 
✓ Generating static pages using 21 workers (20/20) in 2.1s
  Finalizing page optimization ...

Route (app)                   Revalidate  Expire
┌ ◐ /                                 5s      1y
├ ○ /_not-found
├ ◐ /admin
├ ◐ /admin/patients
├ ƒ /api/aadhaar-lookup
├ ƒ /api/admin/staff-detail
├ ƒ /api/admin/staff/[role]
├ ƒ /api/admin/test-sms
├ ƒ /api/cron/reminder-sms
├ ƒ /api/desk/live
├ ƒ /api/health
├ ƒ /api/notify/registration
├ ƒ /api/patients/[id]/print
├ ◐ /doctor
├ ○ /login
├ ◐ /p/[id]
│ └ /p/[id]
├ ◐ /print/[id]
│ └ /print/[id]
├ ◐ /register                         5s      1y
├ ◐ /s/[token]
│ └ /s/[token]
└ ◐ /volunteer


ƒ Proxy (Middleware)

○  (Static)             prerendered as static content
◐  (Partial Prerender)  prerendered as static HTML with dynamic server-streamed content
ƒ  (Dynamic)            server-rendered on demand


> snp-camps@0.1.0 check:js-budget
> node scripts/check-js-budget.mjs

JS route budgets (gzipped bytes):
  ok        /                            actual=  265861 budget=  274000 raw=918401
  ok        /_global-error               actual=  187009 budget=  193000 raw=631831
  ok        /_not-found                  actual=  192890 budget=  199000 raw=648218
  ok        /admin                       actual=  450274 budget=  462000 raw=1514640
  ok        /admin/patients              actual=  393793 budget=  406000 raw=1344967
  ok        /doctor                      actual=  447863 budget=  461000 raw=1503697
  ok        /login                       actual=  264259 budget=  273000 raw=913783
  ok        /p/[id]                      actual=  192890 budget=  199000 raw=648218
  ok        /print/[id]                  actual=  207353 budget=  212000 raw=690667
  ok        /register                    actual=  398285 budget=  410000 raw=1359113
  ok        /s/[token]                   actual=  192890 budget=  199000 raw=648218
  ok        /volunteer                   actual=  450937 budget=  464000 raw=1516825
All route JS budgets within limits.
