
> snp-camps@0.1.0 verify
> npm run lint && npm test && npm run build && npm run check:js-budget


> snp-camps@0.1.0 lint
> eslint


> snp-camps@0.1.0 test
> node --no-warnings --import ./tests/route-loader.mjs --test --test-concurrency=1 tests/*.test.mjs

Γ£ö touch-min is 48px (3rem) (3.7881ms)
Γ£ö focus-visible ring and prefers-reduced-motion stay on (0.7376ms)
Γ£ö skip link + field Input errors use alert role (0.521ms)
Γ£ö shared Button/Input targets are ΓëÑ48px (min-h-12 or 3.25rem) (0.3114ms)
Γ£ö #69 seat-board / freshness / admin controls declare ΓëÑ48px classes (2.5185ms)
Γ£ö palette pairs meet AA normal text (ΓëÑ4.5:1) for body/labels (3.0852ms)
Γ£ö empty queue constants (5.5841ms)
Γ£ö addToA4Batch keeps distinct ids in order up to four (1.3554ms)
Γ£ö duplicate id is rejected without growing the queue (0.318ms)
Γ£ö invalid uuid is rejected (0.2614ms)
Γ£ö parseA4BatchQueue strips PII-like keys and invalid ids; bounds to 4 (0.7701ms)
Γ£ö clearA4Batch empties (1.0292ms)
Γ£ö parseA4BatchIdsParam de-dupes and bounds (0.5652ms)
Γ£ö batch print paths encode distinct ids only (0.9221ms)
Γ£ö duplicate Aadhaar last-4 + name raises mapped message with reg no (246.6343ms)
Γ£ö staff override inserts second row and records who and when (191.5552ms)
Γ£ö service_role cannot pass aadhaar override (45.3032ms)
Γ£ö rejects unknown role with 400 before database access (12.4149ms)
Γ£ö doctor: create provisions profile and invalidates doctors-list (8.6761ms)
Γ£ö doctor: reset password returns temporary password and invalidates cache (3.6376ms)
Γ£ö doctor: deactivate sets disabled_at, bans sign-in, invalidates cache (3.257ms)
Γ£ö doctor: reactivate clears disabled_at and invalidates cache (4.1477ms)
Γ£ö volunteer: create provisions profile and invalidates doctors-list (2.3638ms)
Γ£ö volunteer: reset password returns temporary password and invalidates cache (4.2204ms)
Γ£ö volunteer: deactivate sets disabled_at, bans sign-in, invalidates cache (1.0169ms)
Γ£ö volunteer: reactivate clears disabled_at and invalidates cache (1.2779ms)
Γ£ö admin cannot deactivate their own account (1.5201ms)
Γ£ö GET list returns staff rows for the path role (1.4739ms)
Γ£ö GET test-sms requires admin and reports configuration (11.5862ms)
Γ£ö POST test-sms rejects unconfigured provider (4.5131ms)
Γ£ö doctor assign of registered returns check_in_required and leaves row unchanged (162.5687ms)
Γ£ö volunteer assign of registered returns check_in_required (75.3891ms)
Γ£ö waiting patient transitions to seen once and preserves check-in fields (100.335ms)
Γ£ö repeat assign on seen is terminal and never reassigns doctor (159.8413ms)
Γ£ö concurrent assign cannot produce different doctors or skip waiting rule (209.527ms)
Γ£ö reg holds day lock while admin lowers limit ΓåÆ edit rejects; limit ΓëÑ count (512.2497ms)
Γ£ö edit locks first then reg follows ΓåÆ capacity preserved (reg full) (398.1272ms)
Γ£ö two concurrent regs at final seat ΓåÆ at most one success (183.6289ms)
Γ£ö edit equal/above count succeeds; below returns SEAT_LIMIT_BELOW_ASSIGNED (158.2433ms)
Γ£ö smoke: not-found, wrong camp, non-admin permission (134.2181ms)
Γ£ö stress: repeated edit/reg interleavings complete without deadlock (933.4372ms)
Γ£ö Realtime patient subscription modules are gone (4.2234ms)
Γ£ö src has no postgres_changes or supabase channel subscribe for desks (27.9308ms)
Γ£ö public/register SeatBoard call sites never pass live (1.3393ms)
Γ£ö staff desks enable live seat board or live bridge (1.5545ms)
Γ£ö #50 doctor station marks seen without confirm dialog copy (1.357ms)
Γ£ö #57 doctor registered review has no Mark seen; check-in instruction present (1.0349ms)
Γ£ö #58 scanner uses camera session + decode orchestrator generation guards (0.8601ms)
Γ£ö SeatBoard live defaults false; staff path uses shared desk owner (0.8957ms)
Γ£ö staff queue/seat use shared camp desk live owner (1.0244ms)
Γ£ö #56 continuous ~20s poll is the staff freshness owner (0.9833ms)
Γ£ö doctor bridge polls continuously without Realtime (1.1835ms)
Γ£ö #56 no staff copy instructs manual-only refresh on live desks (1.7604ms)
Γ£ö #26 no unstable_cache in src/ (21.3919ms)
Γ£ö #26 doctor list uses use cache + doctors-list tag (0.6926ms)
Γ£ö #26 active camp snapshot uses use cache + tag (0.681ms)
Γ£ö out-of-order: only latest generation applies (241.5737ms)
Γ£ö two subscribers share one owner and one in-flight fetch (3.6982ms)
Γ£ö pending removals are id-keyed and independent (24.9748ms)
Γ£ö failed refresh after client snapshot preserves rows and marks stale-error (61.4055ms)
Γ£ö pre-reg stays registered and is excluded from waiting queue (132.7719ms)
Γ£ö check_in is idempotent for waiting and blocks seen (214.7137ms)
Γ£ö queue order is by check-in time not registration time (153.7884ms)
Γ£ö name search returns only registered for active camp (70.4901ms)
Γ£ö name search finds one-character typo via trigram (#61) (66.4654ms)
Γ£ö name search finds simple transposition via trigram (#61) (59.1295ms)
Γ£ö exact prefix ranks before fuzzy matches (#61) (102.0869ms)
Γ£ö name search excludes other camp and seen (#61) (100.5151ms)
Γ£ö name search returns at most 10 deterministic rows (#61) (104.8976ms)
Γ£ö search plan uses registered filter and name index path (#61 EXPLAIN) (60.1733ms)
Γ£ö Aadhaar helpers normalize without retaining extra digits (2.4016ms)
Γ£ö Aadhaar checksum rejects malformed and repeated values (0.5628ms)
Γ£ö gender normalization accepts common provider values (0.4863ms)
Γ£ö QR parser accepts staff-scan identifiers only (1.5381ms)
Γ£ö QR parser handles noisy camera reads and length bounds (0.6271ms)
Γ£ö isPatientUuid and resolveOrigin validate inputs (0.3459ms)
Γ£ö Staff excludes doctor; Camp crew includes all three desk roles (0.5943ms)
Γ£ö production CSP script-src uses nonce without unsafe-inline (1.0319ms)
Γ£ö registration number parser rejects overflow and malformed values (0.4701ms)
Γ£ö password policy matches Supabase Auth minimum length (0.5163ms)
Γ£ö patient URLs are staff-scan canonical and staff passwords avoid ambiguous characters (1.0689ms)
Γ£ö sensitive provider URLs require a secure transport (0.5279ms)
Γ£ö admin bootstrap sends its service key only to the exact Supabase project (1.2701ms)
Γ£ö rate limits enforce both client IP and supplied subject (44.4834ms)
Γ£ö rate limits block IP burst and subject rotation independently (2.8128ms)
Γ£ö notification phone normalization accepts common Indian formats (0.6267ms)
Γ£ö only a completed, error-free doctor assignment is successful (0.3966ms)
Γ£ö queue labels and tones map known statuses (0.3453ms)
[reminder-sms] job done {
  tomorrow: '2026-07-27',
  considered: 0,
  sent: 0,
  skipped: 0,
  failed: 0,
  ambiguous: 0,
  ok: true
}
[reminder-sms] list failed relation missing
[sms-failure] {
  template: 'reminder',
  detail: 'relation missing',
  phoneLast4: undefined
}
Γ£ö cron rejects unauthenticated calls (12.1162ms)
Γ£ö cron with valid secret runs job (empty candidates) (8.8191ms)
Γ£ö cron list failure returns non-2xx and ok:false (5.235ms)
DESK_LIVE_PAYLOAD_100_BYTES 12314
Γ£ö 100-waiting desk-live payload stays small (closing evidence) (4.0025ms)
Γ£ö desk-live route source never loads doctors or staff KPIs (1.3714ms)
Γ£ö GET /api/desk/live rejects unauthenticated and non-crew (9.7791ms)
Γ£ö GET /api/desk/live requires campId UUID (2.1152ms)
[db-error] desk-ops.lookup {
  code: '08006',
  message: 'connection_failure',
  details: undefined,
  hint: undefined,
  status: undefined,
  category: 'transient',
  retryable: true
}
[db-error] desk-ops.lookup {
  code: '08006',
  message: 'connection_failure',
  details: undefined,
  hint: undefined,
  status: undefined,
  category: 'transient',
  retryable: true
}
[db-error] desk-ops.lookup {
  code: '08006',
  message: 'connection_failure',
  details: undefined,
  hint: undefined,
  status: undefined,
  category: 'transient',
  retryable: true
}
[db-error] desk-ops.lookup {
  code: '40001',
  message: 'could not serialize access',
  details: undefined,
  hint: undefined,
  status: undefined,
  category: 'transient',
  retryable: true
}
[db-error] desk-ops.lookup {
  code: '42501',
  message: 'permission denied for table patients',
  details: undefined,
  hint: undefined,
  status: undefined,
  category: 'permission',
  retryable: false
}
[db-error] desk-ops.assign {
  code: '57014',
  message: 'canceling statement due to statement timeout',
  details: undefined,
  hint: undefined,
  status: undefined,
  category: 'timeout',
  retryable: true
}
[db-error] desk-ops.assign {
  code: '57014',
  message: 'canceling statement due to statement timeout',
  details: undefined,
  hint: undefined,
  status: undefined,
  category: 'timeout',
  retryable: true
}
[db-error] desk-ops.assign {
  code: '57014',
  message: 'canceling statement due to statement timeout',
  details: undefined,
  hint: undefined,
  status: undefined,
  category: 'timeout',
  retryable: true
}
[db-error] desk-ops.assign {
  code: '08006',
  message: 'connection_failure',
  details: undefined,
  hint: undefined,
  status: undefined,
  category: 'transient',
  retryable: true
}
[db-error] desk-ops.assign {
  code: '08006',
  message: 'connection_failure',
  details: undefined,
  hint: undefined,
  status: undefined,
  category: 'transient',
  retryable: true
}
[db-error] desk-ops.assign {
  code: '08006',
  message: 'connection_failure',
  details: undefined,
  hint: undefined,
  status: undefined,
  category: 'transient',
  retryable: true
}
[db-error] desk-ops.assign {
  code: '57014',
  message: 'canceling statement due to statement timeout',
  details: undefined,
  hint: undefined,
  status: undefined,
  category: 'timeout',
  retryable: true
}
[db-error] desk-ops.change-day {
  code: undefined,
  message: 'Failed to fetch',
  details: undefined,
  hint: undefined,
  status: undefined,
  category: 'transient',
  retryable: true
}
[db-error] desk-ops.change-day {
  code: undefined,
  message: 'Failed to fetch',
  details: undefined,
  hint: undefined,
  status: undefined,
  category: 'transient',
  retryable: true
}
[db-error] desk-ops.change-day {
  code: undefined,
  message: 'Failed to fetch',
  details: undefined,
  hint: undefined,
  status: undefined,
  category: 'transient',
  retryable: true
}
[db-error] desk-ops.change-day {
  code: 'P0001',
  message: 'That day is full (40 seats taken)',
  details: undefined,
  hint: undefined,
  status: undefined,
  category: 'capacity',
  retryable: false
}
[db-error] desk-ops.change-day {
  code: '42501',
  message: 'permission denied for function change_camp_day',
  details: undefined,
  hint: undefined,
  status: undefined,
  category: 'permission',
  retryable: false
}
[db-error] desk-ops.change-day {
  code: '08006',
  message: 'connection_failure',
  details: undefined,
  hint: undefined,
  status: undefined,
  category: 'transient',
  retryable: true
}
[db-error] desk-ops.change-day {
  code: 'XX000',
  message: 'weird internal',
  details: undefined,
  hint: undefined,
  status: undefined,
  category: 'unknown',
  retryable: false
}
[db-error] desk-ops.check-in {
  code: '08006',
  message: 'connection_failure',
  details: undefined,
  hint: undefined,
  status: undefined,
  category: 'transient',
  retryable: true
}
[db-error] desk-ops.check-in {
  code: '08006',
  message: 'connection_failure',
  details: undefined,
  hint: undefined,
  status: undefined,
  category: 'transient',
  retryable: true
}
[db-error] desk-ops.check-in {
  code: '08006',
  message: 'connection_failure',
  details: undefined,
  hint: undefined,
  status: undefined,
  category: 'transient',
  retryable: true
}
[db-error] desk-ops.check-in {
  code: '40001',
  message: 'could not serialize access',
  details: undefined,
  hint: undefined,
  status: undefined,
  category: 'transient',
  retryable: true
}
[db-error] desk-ops.check-in {
  code: '42501',
  message: 'permission denied for function check_in_patient',
  details: undefined,
  hint: undefined,
  status: undefined,
  category: 'permission',
  retryable: false
}
[db-error] desk-ops.search {
  code: '42501',
  message: 'permission denied for function search_registered_patients',
  details: undefined,
  hint: undefined,
  status: undefined,
  category: 'permission',
  retryable: false
}
[db-error] desk-ops.search {
  code: undefined,
  message: 'Failed to fetch',
  details: undefined,
  hint: undefined,
  status: undefined,
  category: 'transient',
  retryable: true
}
[db-error] desk-ops.search {
  code: undefined,
  message: 'Failed to fetch',
  details: undefined,
  hint: undefined,
  status: undefined,
  category: 'transient',
  retryable: true
}
[db-error] desk-ops.search {
  code: undefined,
  message: 'Failed to fetch',
  details: undefined,
  hint: undefined,
  status: undefined,
  category: 'transient',
  retryable: true
}
[db-error] desk-ops.search {
  code: '57014',
  message: 'canceling statement due to statement timeout',
  details: undefined,
  hint: undefined,
  status: undefined,
  category: 'timeout',
  retryable: true
}
[db-error] desk-ops.search {
  code: 'XX000',
  message: 'relation patients exploded',
  details: undefined,
  hint: undefined,
  status: undefined,
  category: 'unknown',
  retryable: false
}
Γ£ö lookup retries twice on 08006 then surfaces exhausted copy (11.8462ms)
Γ£ö lookup success on second attempt after serialization_failure (1.0329ms)
Γ£ö lookup patient-not-found is not retried (0.5908ms)
Γ£ö lookup permission denial 42501 is not retried (1.4395ms)
Γ£ö assign retries twice on timeout then surfaces exhausted copy (3.6696ms)
Γ£ö assign keeps the same doctor id on every retry (no double-assign params) (2.6546ms)
Γ£ö assign already_seen after flaky first call is terminal success (no re-assign) (1.3293ms)
Γ£ö assign doctor_required is not retried (0.5268ms)
Γ£ö assign check_in_required is not retried and uses worker copy (0.7528ms)
Γ£ö change-day retries twice on thrown transport then surfaces exhausted copy (1.7744ms)
Γ£ö change-day business error (day full P0001) is not retried (0.821ms)
Γ£ö change-day RLS denial is not retried (0.7703ms)
Γ£ö change-day success on second attempt preserves day id arg (0.6636ms)
Γ£ö change-day unknown XX000 is terminal (not three internet retries) (0.5389ms)
Γ£ö check-in retries twice on 08006 then surfaces exhausted copy (1.5143ms)
Γ£ö check-in success on second attempt after serialization_failure (0.9892ms)
Γ£ö check-in already_seen is terminal and uses safe copy (0.8153ms)
Γ£ö check-in permission denial is not retried and hides raw text (1.0794ms)
Γ£ö check-in already_waiting success is not retried (0.5117ms)
Γ£ö search empty rows is success empty ΓÇö not an error (#61) (0.5988ms)
Γ£ö search RLS / permission is error not empty match (0.9067ms)
Γ£ö search transport failure retries then exhausted copy (1.0227ms)
Γ£ö search success on second attempt returns rows (0.5963ms)
Γ£ö search unknown XX000 is terminal error not empty (0.9174ms)
[db-error] staff-register.rpc {
  code: 'P0001',
  message: 'This day is full (40 seats). Choose another day.',
  details: undefined,
  hint: undefined,
  status: undefined,
  category: 'capacity',
  retryable: false
}
[db-error] staff-register.rpc {
  code: '42501',
  message: 'permission denied for function register_patient_idempotent',
  details: undefined,
  hint: undefined,
  status: undefined,
  category: 'permission',
  retryable: false
}
[db-error] staff-register.rpc {
  code: '08006',
  message: 'connection_failure',
  details: undefined,
  hint: undefined,
  status: undefined,
  category: 'transient',
  retryable: true
}
[db-error] staff-register.rpc {
  code: '08006',
  message: 'connection_failure',
  details: undefined,
  hint: undefined,
  status: undefined,
  category: 'transient',
  retryable: true
}
[db-error] staff-register.rpc {
  code: '08006',
  message: 'connection_failure',
  details: undefined,
  hint: undefined,
  status: undefined,
  category: 'transient',
  retryable: true
}
[db-error] staff-register.rpc {
  code: '08006',
  message: 'connection_failure',
  details: undefined,
  hint: undefined,
  status: undefined,
  category: 'transient',
  retryable: true
}
[db-error] staff-register.rpc {
  code: '08006',
  message: 'connection_failure',
  details: undefined,
  hint: undefined,
  status: undefined,
  category: 'transient',
  retryable: true
}
[db-error] staff-register.rpc {
  code: '08006',
  message: 'connection_failure',
  details: undefined,
  hint: undefined,
  status: undefined,
  category: 'transient',
  retryable: true
}
[db-error] staff-register.rpc {
  code: '08006',
  message: 'connection_failure',
  details: undefined,
  hint: undefined,
  status: undefined,
  category: 'transient',
  retryable: true
}
Γ£ö patientPrintPath points at auto-print slip route (2.4213ms)
Γ£ö acquireDeskPrintTarget: blocked null is distinct from valid handle (0.6521ms)
Γ£ö acquireDeskPrintTarget: opener severed before any caller await can run (1.8914ms)
Γ£ö acquireDeskPrintTarget: closed handle returns false and abandon closes blank tab (0.4529ms)
Γ£ö aadhaar/likely duplicates and terminal errors are not retryable; transport is (0.4249ms)
Γ£ö retries twice on retryable=true then surfaces the plain failure sentence (0.9894ms)
Γ£ö success on second attempt stops retries (0.5753ms)
Γ£ö aadhaar conflict is not retried (0.3702ms)
Γ£ö likely-duplicate warning is not retried (0.4237ms)
Γ£ö day-full structured error is not retried and keeps capacity copy (5.393ms)
Γ£ö permission denial is not retried (1.8017ms)
Γ£ö connection-class error is retried then exhausted with showTryAgain (3.0914ms)
Γ£ö runDeskRegisterAndPrint surfaces likelyDuplicateRegNo and abandons target (0.5492ms)
Γ£ö register-then-print: same request id on retries; navigate then onSuccess then rotate/reset (1.238ms)
Γ£ö blocked popup: registration succeeds once, print=recovery, no false navigate (0.667ms)
Γ£ö closed target after delay: recovery path, patient still registered (0.466ms)
Γ£ö failed register never navigates print or resets (2.5064ms)
Γ£ö noop openWindow features string never includes noopener in helper contract (0.6706ms)
Γ£ö default format is a4 multi-up (2.4592ms)
Γ£ö parse accepts a4 and thermal58 (case-insensitive) (0.5851ms)
Γ£ö isDeskSlipFormat is strict (0.3066ms)
Γ£ö labels and storage key stay stable for station setting (0.4009ms)
Γ£ö getDoctorsList: service-role present and query succeeds (4.1628ms)
Γ£ö getDoctorsList: service-role present and query errors throws (1.9783ms)
Γ£ö getDoctorsList: service-role key absent throws (0.8084ms)
Γ£ö getDoctorsList: empty result is success (not an error) (1.2783ms)
Γ£ö formatCampDay anchors YYYY-MM-DD at Asia/Kolkata midnight (2.379ms)
Γ£ö year-boundary date: IST convention disagrees with UTC-midnight-in-LA (1.9682ms)
Γ£ö formatCampDay is stable for a mid-year date (0.4284ms)
Γ£ö malformed input is returned unchanged (0.3828ms)
Γ£ö formatCampDaySms is compact GSM-7 (no weekday) (0.5983ms)
Γ£ö types re-exports the same formatter (9.1447ms)
Γ£ö old noon-local helper is still the shape we deleted (sanity) (0.935ms)
Γ£ö thirteenth readiness probe in the window is 429 (21.0459ms)
Γ£ö liveness is never rate-limited across thirty requests (13.8261ms)
Γ£ö ready-ok when fully aligned: 200 with all checks (5.1336ms)
Γ£ö migration-head discovery failure ΓåÆ 503 (never 200) (2.0707ms)
Γ£ö repository/applied head mismatch ΓåÆ 503 (2.0863ms)
Γ£ö missing critical function in catalog ΓåÆ 503 (1.5077ms)
Γ£ö missing sms_deliveries table ΓåÆ 503 on schema and sms_ledger (1.8043ms)
Γ£ö patients in Realtime publication ΓåÆ 503 (1.1844ms)
Γ£ö status_token grant to authenticated ΓåÆ 503 on rpc_grants (1.4214ms)
Γ£ö catalog probe RPC failure ΓåÆ 503 (1.1705ms)
Γ£ö database unreachable ΓåÆ 503 (1.2346ms)
Γ£ö probe timeout ΓåÆ 503 within budget (2518.1535ms)
Γ£ö no service-role client ΓåÆ 503 (1.4515ms)
Γ£ö non-critical historical object absent does not fail when not in contract (1.3038ms)
Γ£ö no code path references app_database_contract (30.0767ms)
Γ£ö checkBudgets fails when a route exceeds its gzipped budget (3.6652ms)
Γ£ö checkBudgets fails when a measured route has no budget entry (2.1411ms)
Γ£ö checkBudgets passes when every route is within budget (0.4478ms)
Γ£ö budgetFromMeasured rounds up slightly above the measurement (0.4801ms)
Γ£ö loadBudgets accepts flat map or { routes } wrapper (8.6954ms)
Γ£ö main exits non-zero when budgets are deliberately too low (242.834ms)
Γ£ö two connections same name+age: one insert, other LIKELY_DUPLICATE (385.377ms)
Γ£ö warned request can override once with attribution (161.1531ms)
Γ£ö shared family phone different person remains overridable (163.8629ms)
Γ£ö different duplicate keys proceed without soft-lock serialization (391.6342ms)
Γ£ö two-key inputs stress: no deadlock across concurrent desks (642.2925ms)
Γ£ö phone-only concurrent race serializes like name+age (256.7268ms)
Γ£ö name + age match in same camp raises LIKELY_DUPLICATE with reg no (148.6174ms)
Γ£ö phone match in same camp raises LIKELY_DUPLICATE (79.4793ms)
Γ£ö same name+age in a different camp does not warn (114.4721ms)
Γ£ö likely override inserts second row and records who and when; not sticky (95.2916ms)
Γ£ö check-in of soft-match reg creates no new patient (89.4546ms)
Γ£ö soft match query is indexed (name+age plan uses index) (7.121ms)
Γ£ö sendMsg91TemplateSms posts flow payload with authkey header (64.7232ms)
Γ£ö sendMsg91TemplateSms maps HTTP errors without throwing (1.6091ms)
Γ£ö catalog: link_patient_phone absent; patients.user_id absent; no role default (78.3902ms)
Γ£ö residual patient-role profile cannot read patients or change day (117.0807ms)
Γ£ö staff can change camp day; disabled staff denied (92.2163ms)
Γ£ö explicit staff profile insert works without handle_new_user side effect (16.9122ms)
Γ£ö local config disables public signup (repo source) (2.0902ms)
Γ£ö name + age only (no phone, no address) succeeds (2.7231ms)
Γ£ö missing name fails (0.506ms)
Γ£ö missing age fails (0.4351ms)
Γ£ö invalid phone fails; blank phone ok (0.8318ms)
Γ£ö aadhaar last-4 accepted when filled (0.5058ms)
Γ£ö full day rejected (0.4202ms)
Γ£ö doctor cannot select unrelated patient PHI or status_token (156.6525ms)
Γ£ö volunteer can select active-camp desk fields but not status_token (64.4468ms)
Γ£ö admin can select active-camp patients but not status_token via table grant (69.1635ms)
Γ£ö disabled volunteer cannot select patients (50.7188ms)
Γ£ö volunteer cannot select patients on inactive camp (55.1879ms)
Γ£ö staff registration notify RPC returns status_token; doctor cannot (110.5972ms)
Γ£ö patients table is absent from supabase_realtime publication (6.1926ms)
[db-error] test {
  code: undefined,
  message: 'day is full ΓÇö select a camp day with seats',
  details: undefined,
  hint: undefined,
  status: undefined,
  category: 'capacity',
  retryable: false
}
Γ£ö known Postgres unique violation maps to camp-worker copy (3.4891ms)
Γ£ö RLS / permission denial maps to permission copy (0.7342ms)
Γ£ö foreign key violation maps without leaking table names (0.4835ms)
Γ£ö AADHAAR_DUPLICATE keeps structured desk copy (0.7451ms)
Γ£ö registration day-full phrase maps (2.4377ms)
Γ£ö SEAT_LIMIT_BELOW_ASSIGNED maps to capacity copy with count (#66) (0.8161ms)
Γ£ö legacy seats-below-taken phrase still maps (#66) (0.3215ms)
Γ£ö unknown code maps to safe generic and never returns raw text (0.6834ms)
Γ£ö unknown error logs raw text when log is enabled (1.0197ms)
Γ£ö custom fallback is used when nothing matches (0.6659ms)
Γ£ö publicRegistrationError uses registration fallback (0.3782ms)
Γ£ö classify: transport failure flag (0.5326ms)
Γ£ö classify: timedOut flag (0.315ms)
Γ£ö classify: HTTP 503 (0.1715ms)
Γ£ö classify: connection failure 08006 (0.1211ms)
Γ£ö classify: serialization_failure 40001 (0.1547ms)
Γ£ö classify: deadlock 40P01 (0.2063ms)
Γ£ö classify: statement timeout 57014 (0.1804ms)
Γ£ö classify: browser Failed to fetch (legacy message fallback) (0.1301ms)
Γ£ö classify: insufficient privilege 42501 (0.2081ms)
Γ£ö classify: unique violation 23505 (0.1216ms)
Γ£ö classify: not found PGRST116 (0.1126ms)
Γ£ö classify: invalid input 22P02 (0.1225ms)
Γ£ö classify: schema cache / missing function PGRST202 (0.1022ms)
Γ£ö classify: undefined table 42P01 (0.0822ms)
Γ£ö classify: RPC raise day full (P0001) is terminal (0.1632ms)
Γ£ö classify: SEAT_LIMIT_BELOW_ASSIGNED is terminal capacity (0.107ms)
Γ£ö classify: inactive camp phrase is terminal (0.1581ms)
Γ£ö classify: unknown XX000 is terminal (not retried) (0.0898ms)
Γ£ö classify: AADHAAR_DUPLICATE is terminal (0.0989ms)
Γ£ö classify logs category and retryable without putting raw text in publicMessage (0.3682ms)
Γ£ö canUseNativeQrDetector is false without BarcodeDetector (2.2517ms)
Γ£ö canUseNativeQrDetector requires getSupportedFormats to list qr_code (0.571ms)
Γ£ö decodeQrFromImageData returns null when decoder finds nothing (0.3862ms)
Γ£ö freeze after terminal exhaustion blocks same-code re-arm until unfreeze (#61) (4.1628ms)
Γ£ö stop during pending detect produces no callback (2.1183ms)
Γ£ö unmount-style invalidate after acquire stops tracks and rejects stale stream (0.7185ms)
Γ£ö rapid begin A then B does not keep A's stream (0.4398ms)
Γ£ö pause then delayed detect does not callback; resume allows next (0.7353ms)
Γ£ö freeze blocks auto re-decode until unfreeze (0.4952ms)
Γ£ö debounce ignores same raw QR after mark-seen (0.6956ms)
Γ£ö single in-flight: second detect waits for first to finish (0.5278ms)
Γ£ö repo migration head matches EXPECTED_MIGRATION_HEAD constant (47.7401ms)
Γ£ö applied ledger head agrees with contract after clean migrations (3.8742ms)
Γ£ö readiness_catalog_probe returns full contract facts on clean DB (34.5509ms)
Γ£ö patients absent from supabase_realtime (catalog fact) (3.8263ms)
Γ£ö probe is not executable by anon or authenticated (3.4894ms)
Γ£ö evaluateCatalogFacts fails closed on missing critical column (1.9993ms)
Γ£ö probe output contains no PHI-looking fields (9.7303ms)
Γ£ö replay with null camp_day returns the original registration (108.1951ms)
Γ£ö N concurrent registrations against M seats yield exactly M successes (130.0225ms)
Γ£ö concurrent change_camp_day cannot overbook a full day (112.6447ms)
Γ£ö register_patient wrapper is gone from the catalog (2.9112ms)
[db-error] staff-register.rpc {
  code: undefined,
  message: 'temporary',
  details: undefined,
  hint: undefined,
  status: undefined,
  category: 'unknown',
  retryable: false
}
[db-error] staff-register.rpc {
  code: undefined,
  message: 'temporary',
  details: undefined,
  hint: undefined,
  status: undefined,
  category: 'unknown',
  retryable: false
}
[db-error] staff-register.rpc {
  code: undefined,
  message: 'temporary',
  details: undefined,
  hint: undefined,
  status: undefined,
  category: 'unknown',
  retryable: false
}
Γ£ö non-staff registration is rejected (desk only) (10.8843ms)
Γ£ö staff registration submit sends a non-empty UUID p_request_id to the RPC (1.154ms)
Γ£ö requestId is stable across retries of the same submission (5.258ms)
Γ£ö requestId rotates after success (next walk-in) and after resetForm (0.7022ms)
Γ£ö staff payload builder includes the attempt id (not optional) (0.3957ms)
Γ£ö parseAadhaarDuplicateError extracts reg no and ignores noise (1.627ms)
Γ£ö staff RPC passes one-shot aadhaar override flag (0.6038ms)
Γ£ö staff outbound surfaces aadhaarDuplicateRegNo from RPC error (0.4565ms)
Γ£ö parseLikelyDuplicateError extracts reg no (0.3364ms)
Γ£ö staff RPC passes one-shot likely-duplicate override flag (0.7415ms)
Γ£ö staff outbound surfaces likelyDuplicateRegNo from RPC error (0.5137ms)
[sms-failure] { template: 'registration', detail: 'MSG91 down', phoneLast4: '3210' }
[sms-failure] { template: 'registration', detail: 'fail-0', phoneLast4: undefined }
[sms-failure] { template: 'registration', detail: 'fail-1', phoneLast4: undefined }
[sms-failure] { template: 'registration', detail: 'fail-2', phoneLast4: undefined }
[sms-failure] { template: 'registration', detail: 'fail-3', phoneLast4: undefined }
[sms-failure] { template: 'registration', detail: 'fail-4', phoneLast4: undefined }
[sms-failure] { template: 'registration', detail: 'fail-5', phoneLast4: undefined }
[sms-failure] { template: 'registration', detail: 'fail-6', phoneLast4: undefined }
[sms-failure] { template: 'registration', detail: 'fail-7', phoneLast4: undefined }
[sms-failure] { template: 'registration', detail: 'fail-8', phoneLast4: undefined }
[sms-failure] { template: 'registration', detail: 'fail-9', phoneLast4: undefined }
[sms-failure] { template: 'registration', detail: 'fail-10', phoneLast4: undefined }
[sms-failure] { template: 'registration', detail: 'fail-11', phoneLast4: undefined }
[sms-failure] { template: 'registration', detail: 'fail-12', phoneLast4: undefined }
[sms-failure] { template: 'registration', detail: 'fail-13', phoneLast4: undefined }
[sms-failure] { template: 'registration', detail: 'fail-14', phoneLast4: undefined }
[sms-failure] { template: 'registration', detail: 'fail-15', phoneLast4: undefined }
[sms-failure] { template: 'registration', detail: 'fail-16', phoneLast4: undefined }
[sms-failure] { template: 'registration', detail: 'fail-17', phoneLast4: undefined }
[sms-failure] { template: 'registration', detail: 'fail-18', phoneLast4: undefined }
[sms-failure] { template: 'registration', detail: 'fail-19', phoneLast4: undefined }
[sms-failure] { template: 'registration', detail: 'fail-20', phoneLast4: undefined }
[sms-failure] { template: 'registration', detail: 'fail-21', phoneLast4: undefined }
[sms-failure] { template: 'registration', detail: 'fail-22', phoneLast4: undefined }
[sms-failure] { template: 'registration', detail: 'fail-23', phoneLast4: undefined }
[sms-failure] { template: 'registration', detail: 'fail-24', phoneLast4: undefined }
[sms-failure] { template: 'registration', detail: 'fail-25', phoneLast4: undefined }
[sms-failure] { template: 'registration', detail: 'fail-26', phoneLast4: undefined }
[sms-failure] { template: 'registration', detail: 'fail-27', phoneLast4: undefined }
[sms-failure] { template: 'registration', detail: 'fail-28', phoneLast4: undefined }
[sms-failure] { template: 'registration', detail: 'fail-29', phoneLast4: undefined }
[sms-failure] { template: 'registration', detail: 'fail-30', phoneLast4: undefined }
[sms-failure] { template: 'registration', detail: 'fail-31', phoneLast4: undefined }
[sms-failure] { template: 'registration', detail: 'fail-32', phoneLast4: undefined }
[sms-failure] { template: 'registration', detail: 'fail-33', phoneLast4: undefined }
[sms-failure] { template: 'registration', detail: 'fail-34', phoneLast4: undefined }
[sms-failure] { template: 'registration', detail: 'fail-35', phoneLast4: undefined }
[sms-failure] { template: 'registration', detail: 'fail-36', phoneLast4: undefined }
[sms-failure] { template: 'registration', detail: 'fail-37', phoneLast4: undefined }
[sms-failure] { template: 'registration', detail: 'fail-38', phoneLast4: undefined }
[sms-failure] { template: 'registration', detail: 'fail-39', phoneLast4: undefined }
[sms-failure] { template: 'registration', detail: 'fail-40', phoneLast4: undefined }
[sms-failure] { template: 'registration', detail: 'fail-41', phoneLast4: undefined }
[sms-failure] { template: 'registration', detail: 'fail-42', phoneLast4: undefined }
[sms-failure] { template: 'registration', detail: 'fail-43', phoneLast4: undefined }
[sms-failure] { template: 'registration', detail: 'fail-44', phoneLast4: undefined }
[sms-failure] { template: 'registration', detail: 'fail-45', phoneLast4: undefined }
[sms-failure] { template: 'registration', detail: 'fail-46', phoneLast4: undefined }
[sms-failure] { template: 'registration', detail: 'fail-47', phoneLast4: undefined }
[sms-failure] { template: 'registration', detail: 'fail-48', phoneLast4: undefined }
[sms-failure] { template: 'registration', detail: 'fail-49', phoneLast4: undefined }
[sms-failure] { template: 'registration', detail: 'fail-50', phoneLast4: undefined }
[sms-failure] { template: 'registration', detail: 'fail-51', phoneLast4: undefined }
[sms-failure] { template: 'registration', detail: 'fail-52', phoneLast4: undefined }
[sms-failure] { template: 'registration', detail: 'fail-53', phoneLast4: undefined }
[sms-failure] { template: 'registration', detail: 'fail-54', phoneLast4: undefined }
[sms-failure] { template: 'registration', detail: 'fail-55', phoneLast4: undefined }
[sms-failure] { template: 'registration', detail: 'fail-56', phoneLast4: undefined }
[sms-failure] { template: 'registration', detail: 'fail-57', phoneLast4: undefined }
[sms-failure] { template: 'registration', detail: 'fail-58', phoneLast4: undefined }
[sms-failure] { template: 'registration', detail: 'fail-59', phoneLast4: undefined }
Γ£ö DLT template is a fixed constant with {#var#} slots in order (2.4627ms)
Γ£ö max-length rendered registration SMS is <=160 GSM-7 chars (1.349ms)
Γ£ö non-GSM-7 characters cannot enter the message (1.358ms)
Γ£ö no phone skips send, records no failure (0.9561ms)
Γ£ö unconfigured provider skips without failing (0.933ms)
Γ£ö provider throw is recorded and does not throw to caller (2.9186ms)
Γ£ö provider failure does not fail desk registration (1.6704ms)
Γ£ö venue is truncated to keep one segment (0.3853ms)
Γ£ö recordSmsFailure keeps a bounded admin-visible log (6.6821ms)
REMINDER_MAX_SMS 104 SNP Camp: Kal aana. Reg #999999. 30 Sep 2026 pe aana, AAAAAAAAAAAAAAAAAAAAAAAAAAAAAAAAAAA. Slip rakhein.
[sms-failure] { template: 'reminder', detail: 'MSG91 down', phoneLast4: '3210' }
[sms-failure] { template: 'reminder', detail: 'provider outage', phoneLast4: '3210' }
[reminder-sms] job done {
  tomorrow: '2026-07-27',
  considered: 1,
  sent: 0,
  skipped: 0,
  failed: 0,
  ambiguous: 1,
  ok: true
}
[reminder-sms] job done {
  tomorrow: '2026-07-27',
  considered: 2,
  sent: 1,
  skipped: 1,
  failed: 0,
  ambiguous: 0,
  ok: true
}
[reminder-sms] job done {
  tomorrow: '2026-07-27',
  considered: 2,
  sent: 0,
  skipped: 2,
  failed: 0,
  ambiguous: 0,
  ok: true
}
[reminder-sms] list failed schema missing
[sms-failure] {
  template: 'reminder',
  detail: 'schema missing',
  phoneLast4: undefined
}
Γ£ö DLT reminder template is fixed with {#var#} slots in order (2.2541ms)
Γ£ö max-length rendered reminder SMS is <=160 GSM-7 chars (2.651ms)
Γ£ö kolkataDateIso anchors tomorrow in Asia/Kolkata (5.3678ms)
Γ£ö eligibility: only registered + phone + tomorrow + not yet sent (1.0928ms)
Γ£ö no phone skips send and is not an error (1.0563ms)
Γ£ö provider failure does not throw from send or job (6.1177ms)
Γ£ö running the job twice sends exactly once per patient (2.7559ms)
Γ£ö listCandidates failure marks job ok:false (1.3618ms)
Γ£ö isMsg91ReminderConfigured requires reminder template id (1.0862ms)
Γ£ö createRequestId returns a UUID v4-shaped string (9.4522ms)
Γ£ö createRequestId returns unique values across calls (0.7283ms)
Γ£ö createRequestId works when crypto.randomUUID is unavailable (1.6331ms)
Γ£ö fetchDeskSection requests only the named section (queue) (67.9153ms)
Γ£ö fetchDeskSection doctors retry never requests queue or kpis (3.1328ms)
Γ£ö fetchDeskSection maps HTTP failure to safe error (no raw body leak) (0.8573ms)
Γ£ö section key catalog is exhaustive for the API seam (0.6631ms)
Γ£ö initial fetch failure with no seed ΓåÆ freshness error (not empty success) (59.5891ms)
Γ£ö seeded waiting known + refresh fail ΓåÆ stale-error preserves rows (45.9647ms)
Γ£ö mapAuthError maps invalid credentials without leaking provider text (1.624ms)
Γ£ö mapAuthError unknown Auth error is generic and logs raw (1.2501ms)
Γ£ö mapAuthError change-password never returns raw weak-password stack (0.6968ms)
Γ£ö SectionLoadError requires onRetry and does not import useRouter (1.1961ms)
Γ£ö admin page section loaders do not throw inside Suspense children (0.9067ms)
Γ£ö volunteer page always mounts LiveQueue/SeatBoard for camp (no SectionLoadError gate) (0.6707ms)
Γ£ö doctor page uses isolated stats/seen islands (no Suspense throw loaders) (0.6205ms)
Γ£ö login and change-password use mapAuthError (0.7872ms)
Γ£ö mapDbError still maps RLS without raw table names (1.2223ms)
Γ£ö service-role key never appears in client components or browser client (21.6964ms)
Γ£ö service-role admin client is server-only (0.8892ms)
Γ£ö every public table in the baseline migration has RLS enabled (3.2189ms)
Γ£ö SQL is_staff and is_camp_crew role sets stay aligned (7.3943ms)
Γ£ö registration with phone enqueues pending delivery in same txn (205.41ms)
Γ£ö registration without phone creates no delivery (63.2104ms)
Γ£ö two connections claim same delivery: exactly one wins (115.0681ms)
Γ£ö timeout path completes as ambiguous and is not reclaimable (67.9629ms)
Γ£ö known failure is reclaimable; sent stores provider request id (68.9108ms)
Γ£ö stale sending lease is reclaimable (41.9023ms)
Γ£ö authenticated cannot select sms_deliveries table directly (37.5795ms)
Γ£ö ledger stores no full phone or message body columns (16.1388ms)
Γ£ö volunteer_my_counts is dropped from the catalog (46.2857ms)
Γ£ö active camp yields camp-scoped volunteer counts (112.7048ms)
Γ£ö null p_camp_id yields zeros (no all-time totals) (97.0705ms)
Γ£ö two waiting different timestamps ΓåÆ positions 1 and 2 (136.0025ms)
Γ£ö identical queued_at ordered by reg_no then id; unique consecutive positions (47.3093ms)
Γ£ö same queued_at and reg_no: id ASC is final tie-break (42.3613ms)
Γ£ö different camps never affect each other (53.2033ms)
Γ£ö seen/registered do not count ahead of waiting (32.1812ms)
Γ£ö waiting ΓåÆ seen loses position (NULL) (35.4814ms)
Γ£ö invalid/expired/random tokens return empty (same not-found shape) (47.8833ms)
Γ£ö authenticated cannot execute patient_status_by_token (69.0368ms)
Γ£ö null token input returns empty (not a fabricated number) (6.9909ms)
Γ£ö concurrent waiting peers get distinct ranks in one snapshot (78.9864ms)
Γ£ö least-privilege projection has no phone/token/queued_at columns (8.1422ms)
Γ£ö status page is a Server Component (no use client) (4.1851ms)
Γ£ö status page uses patient_status_by_token RPC only (1.1781ms)
Γ£ö status page treats RPC error as safe retry UI, zero rows as notFound (1.0418ms)
Γ£ö mapStatusRpcRow maps waiting position and nulls non-waiting (5.046ms)
Γ£ö generateStatusToken is 128-bit hex and unique across samples (3.8809ms)
Γ£ö isStatusTokenFormat rejects UUID, reg numbers, and short tokens (0.6225ms)
Γ£ö retries twice with 250 then 750 ms backoff by default (4.7287ms)
Γ£ö stops on first non-retryable result (1.0378ms)
Γ£ö success on second attempt does not take third (0.5196ms)
Γä╣ tests 340
Γä╣ suites 0
Γä╣ pass 340
Γä╣ fail 0
Γä╣ cancelled 0
Γä╣ skipped 0
Γä╣ todo 0
Γä╣ duration_ms 35207.0058

> snp-camps@0.1.0 build
> next build

Γû▓ Next.js 16.2.11 (Turbopack)
- Environments: .env.local, .env
- Cache Components enabled
- Experiments (use with caution):
  ┬╖ optimizePackageImports

  Creating an optimized production build ...
Γ£ô Compiled successfully in 6.7s
  Running TypeScript ...
  Finished TypeScript in 11.7s ...
  Collecting page data using 21 workers ...
  Generating static pages using 21 workers (0/22) ...
  Generating static pages using 21 workers (5/22) 
  Generating static pages using 21 workers (10/22) 
  Generating static pages using 21 workers (16/22) 
Γ£ô Generating static pages using 21 workers (22/22) in 1918ms
  Finalizing page optimization ...

Route (app)                   Revalidate  Expire
Γöî ΓùÉ /                                 5s      1y
Γö£ Γùï /_not-found
Γö£ ΓùÉ /admin
Γö£ ΓùÉ /admin/patients
Γö£ ╞Æ /api/aadhaar-lookup
Γö£ ╞Æ /api/admin/staff-detail
Γö£ ╞Æ /api/admin/staff/[role]
Γö£ ╞Æ /api/admin/test-sms
Γö£ ╞Æ /api/cron/reminder-sms
Γö£ ╞Æ /api/desk/live
Γö£ ╞Æ /api/desk/section
Γö£ ╞Æ /api/health
Γö£ ╞Æ /api/notify/registration
Γö£ ╞Æ /api/patients/[id]/print
Γö£ ΓùÉ /doctor
Γö£ Γùï /login
Γö£ ΓùÉ /p/[id]
Γöé Γöö /p/[id]
Γö£ ΓùÉ /print/[id]
Γöé Γöö /print/[id]
Γö£ ΓùÉ /print/batch
Γö£ ΓùÉ /register                         5s      1y
Γö£ ΓùÉ /s/[token]
Γöé Γöö /s/[token]
Γöö ΓùÉ /volunteer


╞Æ Proxy (Middleware)

Γùï  (Static)             prerendered as static content
ΓùÉ  (Partial Prerender)  prerendered as static HTML with dynamic server-streamed content
╞Æ  (Dynamic)            server-rendered on demand


> snp-camps@0.1.0 check:js-budget
> node scripts/check-js-budget.mjs

JS route budgets (gzipped bytes):
  ok        /                            actual=  202645 budget=  274000 raw=677981
  ok        /_global-error               actual=  187009 budget=  193000 raw=631831
  ok        /_not-found                  actual=  193136 budget=  199000 raw=649480
  ok        /admin                       actual=  459374 budget=  462000 raw=1542428
  ok        /admin/patients              actual=  396711 budget=  406000 raw=1356298
  ok        /doctor                      actual=  451370 budget=  461000 raw=1519811
  ok        /login                       actual=  266986 budget=  273000 raw=922332
  ok        /p/[id]                      actual=  193136 budget=  199000 raw=649480
  ok        /print/[id]                  actual=  210033 budget=  212000 raw=699983
  ok        /print/batch                 actual=  210280 budget=  217000 raw=701154
  ok        /register                    actual=  404922 budget=  410000 raw=1384517
  ok        /s/[token]                   actual=  193136 budget=  199000 raw=649480
  ok        /volunteer                   actual=  459767 budget=  464000 raw=1543933
All route JS budgets within limits.
