
> snp-camps@0.1.0 verify
> npm run lint && npm test && npm run build && npm run check:js-budget


> snp-camps@0.1.0 lint
> eslint


> snp-camps@0.1.0 test
> node --no-warnings --import ./tests/route-loader.mjs --test --test-concurrency=1 tests/*.test.mjs

✔ touch-min is 48px (3rem) (0.7434ms)
✔ focus-visible ring and prefers-reduced-motion stay on (0.1895ms)
✔ skip link + field Input errors use alert role (0.1636ms)
✔ shared Button/Input targets are ≥48px (min-h-12 or 3.25rem) (0.1001ms)
✔ palette pairs meet AA normal text (≥4.5:1) for body/labels (0.452ms)
✔ duplicate Aadhaar last-4 + name raises mapped message with reg no (78.7861ms)
✔ staff override inserts second row and records who and when (67.1633ms)
✔ service_role cannot pass aadhaar override (45.4577ms)
✔ rejects unknown role with 400 before database access (4.2282ms)
✔ doctor: create provisions profile and invalidates doctors-list (3.0448ms)
✔ doctor: reset password returns temporary password and invalidates cache (1.341ms)
✔ doctor: deactivate sets disabled_at, bans sign-in, invalidates cache (0.8679ms)
✔ doctor: reactivate clears disabled_at and invalidates cache (0.7211ms)
✔ volunteer: create provisions profile and invalidates doctors-list (0.567ms)
✔ volunteer: reset password returns temporary password and invalidates cache (0.3963ms)
✔ volunteer: deactivate sets disabled_at, bans sign-in, invalidates cache (1.1218ms)
✔ volunteer: reactivate clears disabled_at and invalidates cache (0.505ms)
✔ admin cannot deactivate their own account (0.475ms)
✔ GET list returns staff rows for the path role (0.4749ms)
✔ GET test-sms requires admin and reports configuration (3.9275ms)
✔ POST test-sms rejects unconfigured provider (2.1441ms)
✔ doctor assign of registered returns check_in_required and leaves row unchanged (122.5794ms)
✔ volunteer assign of registered returns check_in_required (64.3597ms)
✔ waiting patient transitions to seen once and preserves check-in fields (60.9057ms)
✔ repeat assign on seen is terminal and never reassigns doctor (165.9406ms)
✔ concurrent assign cannot produce different doctors or skip waiting rule (317.195ms)
✔ reg holds day lock while admin lowers limit → edit rejects; limit ≥ count (384.8932ms)
✔ edit locks first then reg follows → capacity preserved (reg full) (766.3862ms)
✔ two concurrent regs at final seat → at most one success (235.3934ms)
✔ edit equal/above count succeeds; below returns SEAT_LIMIT_BELOW_ASSIGNED (175.7514ms)
✔ smoke: not-found, wrong camp, non-admin permission (155.4103ms)
✔ stress: repeated edit/reg interleavings complete without deadlock (1010.6894ms)
✔ Realtime patient subscription modules are gone (1.1427ms)
✔ src has no postgres_changes or supabase channel subscribe for desks (11.6242ms)
✔ public/register SeatBoard call sites never pass live (0.7061ms)
✔ staff desks enable live seat board or live bridge (0.4636ms)
✔ #50 doctor station marks seen without confirm dialog copy (0.6278ms)
✔ #57 doctor registered review has no Mark seen; check-in instruction present (0.3528ms)
✔ #58 scanner uses camera session + decode orchestrator generation guards (0.2794ms)
✔ SeatBoard live defaults false; staff path uses shared desk owner (0.2559ms)
✔ staff queue/seat use shared camp desk live owner (0.3604ms)
✔ #56 continuous ~20s poll is the staff freshness owner (0.2913ms)
✔ doctor bridge polls continuously without Realtime (0.2538ms)
✔ #56 no staff copy instructs manual-only refresh on live desks (0.3271ms)
✔ #26 no unstable_cache in src/ (7.8391ms)
✔ #26 doctor list uses use cache + doctors-list tag (0.2462ms)
✔ #26 active camp snapshot uses use cache + tag (0.2237ms)
✔ out-of-order: only latest generation applies (133.6344ms)
✔ two subscribers share one owner and one in-flight fetch (0.6853ms)
✔ pending removals are id-keyed and independent (30.5152ms)
✔ failed refresh preserves rows and marks stale-error (63.7021ms)
✔ pre-reg stays registered and is excluded from waiting queue (47.6839ms)
✔ check_in is idempotent for waiting and blocks seen (154.0634ms)
✔ queue order is by check-in time not registration time (143.7976ms)
✔ name search returns only registered for active camp (45.8835ms)
✔ name search finds one-character typo via trigram (#61) (35.7973ms)
✔ name search finds simple transposition via trigram (#61) (209.2517ms)
✔ exact prefix ranks before fuzzy matches (#61) (36.5872ms)
✔ name search excludes other camp and seen (#61) (38.9866ms)
✔ name search returns at most 10 deterministic rows (#61) (83.4047ms)
✔ search plan uses registered filter and name index path (#61 EXPLAIN) (116.7051ms)
✔ Aadhaar helpers normalize without retaining extra digits (1.0134ms)
✔ Aadhaar checksum rejects malformed and repeated values (0.1746ms)
✔ gender normalization accepts common provider values (0.0987ms)
✔ QR parser accepts staff-scan identifiers only (0.4598ms)
✔ QR parser handles noisy camera reads and length bounds (0.1506ms)
✔ isPatientUuid and resolveOrigin validate inputs (0.114ms)
✔ Staff excludes doctor; Camp crew includes all three desk roles (0.1626ms)
✔ production CSP script-src uses nonce without unsafe-inline (0.3234ms)
✔ registration number parser rejects overflow and malformed values (0.1421ms)
✔ password policy matches Supabase Auth minimum length (0.1289ms)
✔ patient URLs are staff-scan canonical and staff passwords avoid ambiguous characters (0.3486ms)
✔ sensitive provider URLs require a secure transport (0.1656ms)
✔ admin bootstrap sends its service key only to the exact Supabase project (0.3865ms)
✔ rate limits enforce both client IP and supplied subject (15.4857ms)
✔ rate limits block IP burst and subject rotation independently (1.0404ms)
✔ notification phone normalization accepts common Indian formats (0.2089ms)
✔ only a completed, error-free doctor assignment is successful (0.1296ms)
✔ queue labels and tones map known statuses (0.1161ms)
[reminder-sms] job done {
  tomorrow: '2026-07-27',
  considered: 0,
  sent: 0,
  skipped: 0,
  failed: 0,
  ambiguous: 0,
  ok: true
}
[reminder-sms] list failed relation missing
[sms-failure] {
  template: 'reminder',
  detail: 'relation missing',
  phoneLast4: undefined
}
✔ cron rejects unauthenticated calls (3.6986ms)
✔ cron with valid secret runs job (empty candidates) (2.6808ms)
✔ cron list failure returns non-2xx and ok:false (1.368ms)
DESK_LIVE_PAYLOAD_100_BYTES 12314
✔ 100-waiting desk-live payload stays small (closing evidence) (1.4479ms)
✔ desk-live route source never loads doctors or staff KPIs (0.4444ms)
✔ GET /api/desk/live rejects unauthenticated and non-crew (3.7106ms)
✔ GET /api/desk/live requires campId UUID (0.8425ms)
[db-error] desk-ops.lookup {
  code: '08006',
  message: 'connection_failure',
  details: undefined,
  hint: undefined,
  status: undefined,
  category: 'transient',
  retryable: true
}
[db-error] desk-ops.lookup {
  code: '08006',
  message: 'connection_failure',
  details: undefined,
  hint: undefined,
  status: undefined,
  category: 'transient',
  retryable: true
}
[db-error] desk-ops.lookup {
  code: '08006',
  message: 'connection_failure',
  details: undefined,
  hint: undefined,
  status: undefined,
  category: 'transient',
  retryable: true
}
[db-error] desk-ops.lookup {
  code: '40001',
  message: 'could not serialize access',
  details: undefined,
  hint: undefined,
  status: undefined,
  category: 'transient',
  retryable: true
}
[db-error] desk-ops.lookup {
  code: '42501',
  message: 'permission denied for table patients',
  details: undefined,
  hint: undefined,
  status: undefined,
  category: 'permission',
  retryable: false
}
[db-error] desk-ops.assign {
  code: '57014',
  message: 'canceling statement due to statement timeout',
  details: undefined,
  hint: undefined,
  status: undefined,
  category: 'timeout',
  retryable: true
}
[db-error] desk-ops.assign {
  code: '57014',
  message: 'canceling statement due to statement timeout',
  details: undefined,
  hint: undefined,
  status: undefined,
  category: 'timeout',
  retryable: true
}
[db-error] desk-ops.assign {
  code: '57014',
  message: 'canceling statement due to statement timeout',
  details: undefined,
  hint: undefined,
  status: undefined,
  category: 'timeout',
  retryable: true
}
[db-error] desk-ops.assign {
  code: '08006',
  message: 'connection_failure',
  details: undefined,
  hint: undefined,
  status: undefined,
  category: 'transient',
  retryable: true
}
[db-error] desk-ops.assign {
  code: '08006',
  message: 'connection_failure',
  details: undefined,
  hint: undefined,
  status: undefined,
  category: 'transient',
  retryable: true
}
[db-error] desk-ops.assign {
  code: '08006',
  message: 'connection_failure',
  details: undefined,
  hint: undefined,
  status: undefined,
  category: 'transient',
  retryable: true
}
[db-error] desk-ops.assign {
  code: '57014',
  message: 'canceling statement due to statement timeout',
  details: undefined,
  hint: undefined,
  status: undefined,
  category: 'timeout',
  retryable: true
}
[db-error] desk-ops.change-day {
  code: undefined,
  message: 'Failed to fetch',
  details: undefined,
  hint: undefined,
  status: undefined,
  category: 'transient',
  retryable: true
}
[db-error] desk-ops.change-day {
  code: undefined,
  message: 'Failed to fetch',
  details: undefined,
  hint: undefined,
  status: undefined,
  category: 'transient',
  retryable: true
}
[db-error] desk-ops.change-day {
  code: undefined,
  message: 'Failed to fetch',
  details: undefined,
  hint: undefined,
  status: undefined,
  category: 'transient',
  retryable: true
}
[db-error] desk-ops.change-day {
  code: 'P0001',
  message: 'That day is full (40 seats taken)',
  details: undefined,
  hint: undefined,
  status: undefined,
  category: 'capacity',
  retryable: false
}
[db-error] desk-ops.change-day {
  code: '42501',
  message: 'permission denied for function change_camp_day',
  details: undefined,
  hint: undefined,
  status: undefined,
  category: 'permission',
  retryable: false
}
[db-error] desk-ops.change-day {
  code: '08006',
  message: 'connection_failure',
  details: undefined,
  hint: undefined,
  status: undefined,
  category: 'transient',
  retryable: true
}
[db-error] desk-ops.change-day {
  code: 'XX000',
  message: 'weird internal',
  details: undefined,
  hint: undefined,
  status: undefined,
  category: 'unknown',
  retryable: false
}
[db-error] desk-ops.check-in {
  code: '08006',
  message: 'connection_failure',
  details: undefined,
  hint: undefined,
  status: undefined,
  category: 'transient',
  retryable: true
}
[db-error] desk-ops.check-in {
  code: '08006',
  message: 'connection_failure',
  details: undefined,
  hint: undefined,
  status: undefined,
  category: 'transient',
  retryable: true
}
[db-error] desk-ops.check-in {
  code: '08006',
  message: 'connection_failure',
  details: undefined,
  hint: undefined,
  status: undefined,
  category: 'transient',
  retryable: true
}
[db-error] desk-ops.check-in {
  code: '40001',
  message: 'could not serialize access',
  details: undefined,
  hint: undefined,
  status: undefined,
  category: 'transient',
  retryable: true
}
[db-error] desk-ops.check-in {
  code: '42501',
  message: 'permission denied for function check_in_patient',
  details: undefined,
  hint: undefined,
  status: undefined,
  category: 'permission',
  retryable: false
}
[db-error] desk-ops.search {
  code: '42501',
  message: 'permission denied for function search_registered_patients',
  details: undefined,
  hint: undefined,
  status: undefined,
  category: 'permission',
  retryable: false
}
[db-error] desk-ops.search {
  code: undefined,
  message: 'Failed to fetch',
  details: undefined,
  hint: undefined,
  status: undefined,
  category: 'transient',
  retryable: true
}
[db-error] desk-ops.search {
  code: undefined,
  message: 'Failed to fetch',
  details: undefined,
  hint: undefined,
  status: undefined,
  category: 'transient',
  retryable: true
}
[db-error] desk-ops.search {
  code: undefined,
  message: 'Failed to fetch',
  details: undefined,
  hint: undefined,
  status: undefined,
  category: 'transient',
  retryable: true
}
[db-error] desk-ops.search {
  code: '57014',
  message: 'canceling statement due to statement timeout',
  details: undefined,
  hint: undefined,
  status: undefined,
  category: 'timeout',
  retryable: true
}
[db-error] desk-ops.search {
  code: 'XX000',
  message: 'relation patients exploded',
  details: undefined,
  hint: undefined,
  status: undefined,
  category: 'unknown',
  retryable: false
}
✔ lookup retries twice on 08006 then surfaces exhausted copy (3.4811ms)
✔ lookup success on second attempt after serialization_failure (0.3643ms)
✔ lookup patient-not-found is not retried (0.2221ms)
✔ lookup permission denial 42501 is not retried (0.4492ms)
✔ assign retries twice on timeout then surfaces exhausted copy (0.6584ms)
✔ assign keeps the same doctor id on every retry (no double-assign params) (0.5489ms)
✔ assign already_seen after flaky first call is terminal success (no re-assign) (0.3388ms)
✔ assign doctor_required is not retried (0.4233ms)
✔ assign check_in_required is not retried and uses worker copy (0.2701ms)
✔ change-day retries twice on thrown transport then surfaces exhausted copy (0.5909ms)
✔ change-day business error (day full P0001) is not retried (0.3628ms)
✔ change-day RLS denial is not retried (0.2582ms)
✔ change-day success on second attempt preserves day id arg (0.2849ms)
✔ change-day unknown XX000 is terminal (not three internet retries) (0.4767ms)
✔ check-in retries twice on 08006 then surfaces exhausted copy (0.3801ms)
✔ check-in success on second attempt after serialization_failure (0.2333ms)
✔ check-in already_seen is terminal and uses safe copy (0.1686ms)
✔ check-in permission denial is not retried and hides raw text (0.1854ms)
✔ check-in already_waiting success is not retried (0.1095ms)
✔ search empty rows is success empty — not an error (#61) (0.4171ms)
✔ search RLS / permission is error not empty match (0.3263ms)
✔ search transport failure retries then exhausted copy (0.2961ms)
✔ search success on second attempt returns rows (0.1626ms)
✔ search unknown XX000 is terminal error not empty (0.2198ms)
[db-error] staff-register.rpc {
  code: 'P0001',
  message: 'This day is full (40 seats). Choose another day.',
  details: undefined,
  hint: undefined,
  status: undefined,
  category: 'capacity',
  retryable: false
}
[db-error] staff-register.rpc {
  code: '42501',
  message: 'permission denied for function register_patient_idempotent',
  details: undefined,
  hint: undefined,
  status: undefined,
  category: 'permission',
  retryable: false
}
[db-error] staff-register.rpc {
  code: '08006',
  message: 'connection_failure',
  details: undefined,
  hint: undefined,
  status: undefined,
  category: 'transient',
  retryable: true
}
[db-error] staff-register.rpc {
  code: '08006',
  message: 'connection_failure',
  details: undefined,
  hint: undefined,
  status: undefined,
  category: 'transient',
  retryable: true
}
[db-error] staff-register.rpc {
  code: '08006',
  message: 'connection_failure',
  details: undefined,
  hint: undefined,
  status: undefined,
  category: 'transient',
  retryable: true
}
[db-error] staff-register.rpc {
  code: '08006',
  message: 'connection_failure',
  details: undefined,
  hint: undefined,
  status: undefined,
  category: 'transient',
  retryable: true
}
[db-error] staff-register.rpc {
  code: '08006',
  message: 'connection_failure',
  details: undefined,
  hint: undefined,
  status: undefined,
  category: 'transient',
  retryable: true
}
[db-error] staff-register.rpc {
  code: '08006',
  message: 'connection_failure',
  details: undefined,
  hint: undefined,
  status: undefined,
  category: 'transient',
  retryable: true
}
[db-error] staff-register.rpc {
  code: '08006',
  message: 'connection_failure',
  details: undefined,
  hint: undefined,
  status: undefined,
  category: 'transient',
  retryable: true
}
✔ patientPrintPath points at auto-print slip route (1.4896ms)
✔ acquireDeskPrintTarget: blocked null is distinct from valid handle (0.461ms)
✔ acquireDeskPrintTarget: opener severed before any caller await can run (1.5482ms)
✔ acquireDeskPrintTarget: closed handle returns false and abandon closes blank tab (0.1479ms)
✔ aadhaar/likely duplicates and terminal errors are not retryable; transport is (0.5895ms)
✔ retries twice on retryable=true then surfaces the plain failure sentence (0.3423ms)
✔ success on second attempt stops retries (0.3343ms)
✔ aadhaar conflict is not retried (0.1649ms)
✔ likely-duplicate warning is not retried (0.1621ms)
✔ day-full structured error is not retried and keeps capacity copy (2.7664ms)
✔ permission denial is not retried (1.4098ms)
✔ connection-class error is retried then exhausted with showTryAgain (1.0609ms)
✔ runDeskRegisterAndPrint surfaces likelyDuplicateRegNo and abandons target (0.1892ms)
✔ register-then-print: same request id on retries; navigate then onSuccess then rotate/reset (0.4232ms)
✔ blocked popup: registration succeeds once, print=recovery, no false navigate (0.2986ms)
✔ closed target after delay: recovery path, patient still registered (0.1518ms)
✔ failed register never navigates print or resets (0.5415ms)
✔ noop openWindow features string never includes noopener in helper contract (0.3265ms)
✔ default format is a4 multi-up (0.6487ms)
✔ parse accepts a4 and thermal58 (case-insensitive) (0.1214ms)
✔ isDeskSlipFormat is strict (0.091ms)
✔ labels and storage key stay stable for station setting (0.1008ms)
✔ getDoctorsList: service-role present and query succeeds (1.2355ms)
✔ getDoctorsList: service-role present and query errors throws (0.5683ms)
✔ getDoctorsList: service-role key absent throws (0.2537ms)
✔ getDoctorsList: empty result is success (not an error) (0.4209ms)
✔ formatCampDay anchors YYYY-MM-DD at Asia/Kolkata midnight (0.7998ms)
✔ year-boundary date: IST convention disagrees with UTC-midnight-in-LA (0.3921ms)
✔ formatCampDay is stable for a mid-year date (0.1246ms)
✔ malformed input is returned unchanged (0.119ms)
✔ formatCampDaySms is compact GSM-7 (no weekday) (0.1743ms)
✔ types re-exports the same formatter (3.3652ms)
✔ old noon-local helper is still the shape we deleted (sanity) (0.3023ms)
✔ thirteenth readiness probe in the window is 429 (6.7431ms)
✔ liveness is never rate-limited across thirty requests (3.8278ms)
✔ ready-ok when fully aligned: 200 with all checks (2.7577ms)
✔ migration-head discovery failure → 503 (never 200) (0.7527ms)
✔ repository/applied head mismatch → 503 (0.5421ms)
✔ missing critical function in catalog → 503 (0.5117ms)
✔ missing sms_deliveries table → 503 on schema and sms_ledger (1.114ms)
✔ patients in Realtime publication → 503 (0.7934ms)
✔ status_token grant to authenticated → 503 on rpc_grants (0.4445ms)
✔ catalog probe RPC failure → 503 (0.4017ms)
✔ database unreachable → 503 (0.3837ms)
✔ probe timeout → 503 within budget (2502.578ms)
✔ no service-role client → 503 (1.3234ms)
✔ non-critical historical object absent does not fail when not in contract (1.4187ms)
✔ no code path references app_database_contract (13.8725ms)
✔ checkBudgets fails when a route exceeds its gzipped budget (1.5113ms)
✔ checkBudgets fails when a measured route has no budget entry (0.5855ms)
✔ checkBudgets passes when every route is within budget (0.1056ms)
✔ budgetFromMeasured rounds up slightly above the measurement (0.1478ms)
✔ loadBudgets accepts flat map or { routes } wrapper (3.0768ms)
✔ main exits non-zero when budgets are deliberately too low (85.5135ms)
✔ two connections same name+age: one insert, other LIKELY_DUPLICATE (341.0281ms)
✔ warned request can override once with attribution (382.8417ms)
✔ shared family phone different person remains overridable (90.5605ms)
✔ different duplicate keys proceed without soft-lock serialization (295.1595ms)
✔ two-key inputs stress: no deadlock across concurrent desks (279.7844ms)
✔ phone-only concurrent race serializes like name+age (204.6283ms)
✔ name + age match in same camp raises LIKELY_DUPLICATE with reg no (62.9258ms)
✔ phone match in same camp raises LIKELY_DUPLICATE (36.89ms)
✔ same name+age in a different camp does not warn (72.8687ms)
✔ likely override inserts second row and records who and when; not sticky (83.1096ms)
✔ check-in of soft-match reg creates no new patient (46.1644ms)
✔ soft match query is indexed (name+age plan uses index) (5.7889ms)
✔ sendMsg91TemplateSms posts flow payload with authkey header (20.0105ms)
✔ sendMsg91TemplateSms maps HTTP errors without throwing (0.3379ms)
✔ catalog: link_patient_phone absent; patients.user_id absent; no role default (50.3784ms)
✔ residual patient-role profile cannot read patients or change day (39.7132ms)
✔ staff can change camp day; disabled staff denied (86.9023ms)
✔ explicit staff profile insert works without handle_new_user side effect (7.618ms)
✔ local config disables public signup (repo source) (0.5391ms)
✔ name + age only (no phone, no address) succeeds (0.9064ms)
✔ missing name fails (1.0006ms)
✔ missing age fails (0.1345ms)
✔ invalid phone fails; blank phone ok (0.2542ms)
✔ aadhaar last-4 accepted when filled (0.1202ms)
✔ full day rejected (0.0906ms)
✔ doctor cannot select unrelated patient PHI or status_token (157.0648ms)
✔ volunteer can select active-camp desk fields but not status_token (34.245ms)
✔ admin can select active-camp patients but not status_token via table grant (52.0464ms)
✔ disabled volunteer cannot select patients (29.4196ms)
✔ volunteer cannot select patients on inactive camp (27.6449ms)
✔ staff registration notify RPC returns status_token; doctor cannot (46.6969ms)
✔ patients table is absent from supabase_realtime publication (2.2932ms)
[db-error] test {
  code: undefined,
  message: 'day is full — select a camp day with seats',
  details: undefined,
  hint: undefined,
  status: undefined,
  category: 'capacity',
  retryable: false
}
✔ known Postgres unique violation maps to camp-worker copy (1.1912ms)
✔ RLS / permission denial maps to permission copy (0.2748ms)
✔ foreign key violation maps without leaking table names (0.1658ms)
✔ AADHAAR_DUPLICATE keeps structured desk copy (0.2575ms)
✔ registration day-full phrase maps (1.0913ms)
✔ SEAT_LIMIT_BELOW_ASSIGNED maps to capacity copy with count (#66) (0.3644ms)
✔ legacy seats-below-taken phrase still maps (#66) (0.1366ms)
✔ unknown code maps to safe generic and never returns raw text (0.2652ms)
✔ unknown error logs raw text when log is enabled (0.5759ms)
✔ custom fallback is used when nothing matches (0.3184ms)
✔ publicRegistrationError uses registration fallback (0.1337ms)
✔ classify: transport failure flag (0.2967ms)
✔ classify: timedOut flag (0.1179ms)
✔ classify: HTTP 503 (0.0665ms)
✔ classify: connection failure 08006 (0.0604ms)
✔ classify: serialization_failure 40001 (0.0644ms)
✔ classify: deadlock 40P01 (0.0644ms)
✔ classify: statement timeout 57014 (0.0403ms)
✔ classify: browser Failed to fetch (legacy message fallback) (0.0408ms)
✔ classify: insufficient privilege 42501 (0.0815ms)
✔ classify: unique violation 23505 (0.0559ms)
✔ classify: not found PGRST116 (0.0972ms)
✔ classify: invalid input 22P02 (0.0545ms)
✔ classify: schema cache / missing function PGRST202 (0.0403ms)
✔ classify: undefined table 42P01 (0.0396ms)
✔ classify: RPC raise day full (P0001) is terminal (0.0609ms)
✔ classify: SEAT_LIMIT_BELOW_ASSIGNED is terminal capacity (0.0403ms)
✔ classify: inactive camp phrase is terminal (0.0586ms)
✔ classify: unknown XX000 is terminal (not retried) (0.0305ms)
✔ classify: AADHAAR_DUPLICATE is terminal (0.0346ms)
✔ classify logs category and retryable without putting raw text in publicMessage (0.2432ms)
✔ canUseNativeQrDetector is false without BarcodeDetector (0.7012ms)
✔ canUseNativeQrDetector requires getSupportedFormats to list qr_code (0.1921ms)
✔ decodeQrFromImageData returns null when decoder finds nothing (0.1564ms)
✔ freeze after terminal exhaustion blocks same-code re-arm until unfreeze (#61) (2.0682ms)
✔ stop during pending detect produces no callback (0.9431ms)
✔ unmount-style invalidate after acquire stops tracks and rejects stale stream (0.253ms)
✔ rapid begin A then B does not keep A's stream (0.158ms)
✔ pause then delayed detect does not callback; resume allows next (0.3609ms)
✔ freeze blocks auto re-decode until unfreeze (0.1675ms)
✔ debounce ignores same raw QR after mark-seen (0.2332ms)
✔ single in-flight: second detect waits for first to finish (0.2933ms)
✔ repo migration head matches EXPECTED_MIGRATION_HEAD constant (20.7721ms)
✔ applied ledger head agrees with contract after clean migrations (2.5285ms)
✔ readiness_catalog_probe returns full contract facts on clean DB (19.683ms)
✔ patients absent from supabase_realtime (catalog fact) (2.191ms)
✔ probe is not executable by anon or authenticated (3.2ms)
✔ evaluateCatalogFacts fails closed on missing critical column (0.5103ms)
✔ probe output contains no PHI-looking fields (6.0094ms)
✔ replay with null camp_day returns the original registration (57.9145ms)
✔ N concurrent registrations against M seats yield exactly M successes (246.0641ms)
✔ concurrent change_camp_day cannot overbook a full day (162.6318ms)
✔ register_patient wrapper is gone from the catalog (1.4ms)
[db-error] staff-register.rpc {
  code: undefined,
  message: 'temporary',
  details: undefined,
  hint: undefined,
  status: undefined,
  category: 'unknown',
  retryable: false
}
[db-error] staff-register.rpc {
  code: undefined,
  message: 'temporary',
  details: undefined,
  hint: undefined,
  status: undefined,
  category: 'unknown',
  retryable: false
}
[db-error] staff-register.rpc {
  code: undefined,
  message: 'temporary',
  details: undefined,
  hint: undefined,
  status: undefined,
  category: 'unknown',
  retryable: false
}
✔ non-staff registration is rejected (desk only) (3.6216ms)
✔ staff registration submit sends a non-empty UUID p_request_id to the RPC (0.4011ms)
✔ requestId is stable across retries of the same submission (2.6724ms)
✔ requestId rotates after success (next walk-in) and after resetForm (3.4826ms)
✔ staff payload builder includes the attempt id (not optional) (0.3983ms)
✔ parseAadhaarDuplicateError extracts reg no and ignores noise (0.7831ms)
✔ staff RPC passes one-shot aadhaar override flag (0.1982ms)
✔ staff outbound surfaces aadhaarDuplicateRegNo from RPC error (0.1493ms)
✔ parseLikelyDuplicateError extracts reg no (0.1109ms)
✔ staff RPC passes one-shot likely-duplicate override flag (0.2102ms)
✔ staff outbound surfaces likelyDuplicateRegNo from RPC error (0.1659ms)
[sms-failure] { template: 'registration', detail: 'MSG91 down', phoneLast4: '3210' }
[sms-failure] { template: 'registration', detail: 'fail-0', phoneLast4: undefined }
[sms-failure] { template: 'registration', detail: 'fail-1', phoneLast4: undefined }
[sms-failure] { template: 'registration', detail: 'fail-2', phoneLast4: undefined }
[sms-failure] { template: 'registration', detail: 'fail-3', phoneLast4: undefined }
[sms-failure] { template: 'registration', detail: 'fail-4', phoneLast4: undefined }
[sms-failure] { template: 'registration', detail: 'fail-5', phoneLast4: undefined }
[sms-failure] { template: 'registration', detail: 'fail-6', phoneLast4: undefined }
[sms-failure] { template: 'registration', detail: 'fail-7', phoneLast4: undefined }
[sms-failure] { template: 'registration', detail: 'fail-8', phoneLast4: undefined }
[sms-failure] { template: 'registration', detail: 'fail-9', phoneLast4: undefined }
[sms-failure] { template: 'registration', detail: 'fail-10', phoneLast4: undefined }
[sms-failure] { template: 'registration', detail: 'fail-11', phoneLast4: undefined }
[sms-failure] { template: 'registration', detail: 'fail-12', phoneLast4: undefined }
[sms-failure] { template: 'registration', detail: 'fail-13', phoneLast4: undefined }
[sms-failure] { template: 'registration', detail: 'fail-14', phoneLast4: undefined }
[sms-failure] { template: 'registration', detail: 'fail-15', phoneLast4: undefined }
[sms-failure] { template: 'registration', detail: 'fail-16', phoneLast4: undefined }
[sms-failure] { template: 'registration', detail: 'fail-17', phoneLast4: undefined }
[sms-failure] { template: 'registration', detail: 'fail-18', phoneLast4: undefined }
[sms-failure] { template: 'registration', detail: 'fail-19', phoneLast4: undefined }
[sms-failure] { template: 'registration', detail: 'fail-20', phoneLast4: undefined }
[sms-failure] { template: 'registration', detail: 'fail-21', phoneLast4: undefined }
[sms-failure] { template: 'registration', detail: 'fail-22', phoneLast4: undefined }
[sms-failure] { template: 'registration', detail: 'fail-23', phoneLast4: undefined }
[sms-failure] { template: 'registration', detail: 'fail-24', phoneLast4: undefined }
[sms-failure] { template: 'registration', detail: 'fail-25', phoneLast4: undefined }
[sms-failure] { template: 'registration', detail: 'fail-26', phoneLast4: undefined }
[sms-failure] { template: 'registration', detail: 'fail-27', phoneLast4: undefined }
[sms-failure] { template: 'registration', detail: 'fail-28', phoneLast4: undefined }
[sms-failure] { template: 'registration', detail: 'fail-29', phoneLast4: undefined }
[sms-failure] { template: 'registration', detail: 'fail-30', phoneLast4: undefined }
[sms-failure] { template: 'registration', detail: 'fail-31', phoneLast4: undefined }
[sms-failure] { template: 'registration', detail: 'fail-32', phoneLast4: undefined }
[sms-failure] { template: 'registration', detail: 'fail-33', phoneLast4: undefined }
[sms-failure] { template: 'registration', detail: 'fail-34', phoneLast4: undefined }
[sms-failure] { template: 'registration', detail: 'fail-35', phoneLast4: undefined }
[sms-failure] { template: 'registration', detail: 'fail-36', phoneLast4: undefined }
[sms-failure] { template: 'registration', detail: 'fail-37', phoneLast4: undefined }
[sms-failure] { template: 'registration', detail: 'fail-38', phoneLast4: undefined }
[sms-failure] { template: 'registration', detail: 'fail-39', phoneLast4: undefined }
[sms-failure] { template: 'registration', detail: 'fail-40', phoneLast4: undefined }
[sms-failure] { template: 'registration', detail: 'fail-41', phoneLast4: undefined }
[sms-failure] { template: 'registration', detail: 'fail-42', phoneLast4: undefined }
[sms-failure] { template: 'registration', detail: 'fail-43', phoneLast4: undefined }
[sms-failure] { template: 'registration', detail: 'fail-44', phoneLast4: undefined }
[sms-failure] { template: 'registration', detail: 'fail-45', phoneLast4: undefined }
[sms-failure] { template: 'registration', detail: 'fail-46', phoneLast4: undefined }
[sms-failure] { template: 'registration', detail: 'fail-47', phoneLast4: undefined }
[sms-failure] { template: 'registration', detail: 'fail-48', phoneLast4: undefined }
[sms-failure] { template: 'registration', detail: 'fail-49', phoneLast4: undefined }
[sms-failure] { template: 'registration', detail: 'fail-50', phoneLast4: undefined }
[sms-failure] { template: 'registration', detail: 'fail-51', phoneLast4: undefined }
[sms-failure] { template: 'registration', detail: 'fail-52', phoneLast4: undefined }
[sms-failure] { template: 'registration', detail: 'fail-53', phoneLast4: undefined }
[sms-failure] { template: 'registration', detail: 'fail-54', phoneLast4: undefined }
[sms-failure] { template: 'registration', detail: 'fail-55', phoneLast4: undefined }
[sms-failure] { template: 'registration', detail: 'fail-56', phoneLast4: undefined }
[sms-failure] { template: 'registration', detail: 'fail-57', phoneLast4: undefined }
[sms-failure] { template: 'registration', detail: 'fail-58', phoneLast4: undefined }
[sms-failure] { template: 'registration', detail: 'fail-59', phoneLast4: undefined }
✔ DLT template is a fixed constant with {#var#} slots in order (0.8511ms)
✔ max-length rendered registration SMS is <=160 GSM-7 chars (0.4411ms)
✔ non-GSM-7 characters cannot enter the message (0.488ms)
✔ no phone skips send, records no failure (0.2965ms)
✔ unconfigured provider skips without failing (0.3362ms)
✔ provider throw is recorded and does not throw to caller (1.1094ms)
✔ provider failure does not fail desk registration (0.6605ms)
✔ venue is truncated to keep one segment (0.1381ms)
✔ recordSmsFailure keeps a bounded admin-visible log (1.3358ms)
REMINDER_MAX_SMS 104 SNP Camp: Kal aana. Reg #999999. 30 Sep 2026 pe aana, AAAAAAAAAAAAAAAAAAAAAAAAAAAAAAAAAAA. Slip rakhein.
[sms-failure] { template: 'reminder', detail: 'MSG91 down', phoneLast4: '3210' }
[sms-failure] { template: 'reminder', detail: 'provider outage', phoneLast4: '3210' }
[reminder-sms] job done {
  tomorrow: '2026-07-27',
  considered: 1,
  sent: 0,
  skipped: 0,
  failed: 0,
  ambiguous: 1,
  ok: true
}
[reminder-sms] job done {
  tomorrow: '2026-07-27',
  considered: 2,
  sent: 1,
  skipped: 1,
  failed: 0,
  ambiguous: 0,
  ok: true
}
[reminder-sms] job done {
  tomorrow: '2026-07-27',
  considered: 2,
  sent: 0,
  skipped: 2,
  failed: 0,
  ambiguous: 0,
  ok: true
}
[reminder-sms] list failed schema missing
[sms-failure] {
  template: 'reminder',
  detail: 'schema missing',
  phoneLast4: undefined
}
✔ DLT reminder template is fixed with {#var#} slots in order (1.0182ms)
✔ max-length rendered reminder SMS is <=160 GSM-7 chars (0.9401ms)
✔ kolkataDateIso anchors tomorrow in Asia/Kolkata (1.02ms)
✔ eligibility: only registered + phone + tomorrow + not yet sent (0.2819ms)
✔ no phone skips send and is not an error (0.2773ms)
✔ provider failure does not throw from send or job (1.5404ms)
✔ running the job twice sends exactly once per patient (0.9639ms)
✔ listCandidates failure marks job ok:false (0.5263ms)
✔ isMsg91ReminderConfigured requires reminder template id (0.2696ms)
✔ createRequestId returns a UUID v4-shaped string (3.5365ms)
✔ createRequestId returns unique values across calls (0.2334ms)
✔ createRequestId works when crypto.randomUUID is unavailable (0.6549ms)
✔ service-role key never appears in client components or browser client (8.3916ms)
✔ service-role admin client is server-only (0.2781ms)
✔ every public table in the baseline migration has RLS enabled (1.0542ms)
✔ SQL is_staff and is_camp_crew role sets stay aligned (6.047ms)
✔ registration with phone enqueues pending delivery in same txn (616.2927ms)
✔ registration without phone creates no delivery (58.7963ms)
✔ two connections claim same delivery: exactly one wins (93.9374ms)
✔ timeout path completes as ambiguous and is not reclaimable (68.7144ms)
✔ known failure is reclaimable; sent stores provider request id (46.3176ms)
✔ stale sending lease is reclaimable (39.7835ms)
✔ authenticated cannot select sms_deliveries table directly (20.8444ms)
✔ ledger stores no full phone or message body columns (5.734ms)
✔ volunteer_my_counts is dropped from the catalog (17.3201ms)
✔ active camp yields camp-scoped volunteer counts (61.7677ms)
✔ null p_camp_id yields zeros (no all-time totals) (44.6644ms)
✔ two waiting different timestamps → positions 1 and 2 (59.5853ms)
✔ identical queued_at ordered by reg_no then id; unique consecutive positions (89.1037ms)
✔ same queued_at and reg_no: id ASC is final tie-break (121.7439ms)
✔ different camps never affect each other (115.5702ms)
✔ seen/registered do not count ahead of waiting (23.8255ms)
✔ waiting → seen loses position (NULL) (25.9162ms)
✔ invalid/expired/random tokens return empty (same not-found shape) (26.7873ms)
✔ authenticated cannot execute patient_status_by_token (130.9144ms)
✔ null token input returns empty (not a fabricated number) (5.6209ms)
✔ concurrent waiting peers get distinct ranks in one snapshot (48.8054ms)
✔ least-privilege projection has no phone/token/queued_at columns (2.6447ms)
✔ status page is a Server Component (no use client) (1.0514ms)
✔ status page uses patient_status_by_token RPC only (0.3656ms)
✔ status page treats RPC error as safe retry UI, zero rows as notFound (0.3096ms)
✔ mapStatusRpcRow maps waiting position and nulls non-waiting (1.2468ms)
✔ generateStatusToken is 128-bit hex and unique across samples (1.0204ms)
✔ isStatusTokenFormat rejects UUID, reg numbers, and short tokens (0.1166ms)
✔ retries twice with 250 then 750 ms backoff by default (1.1154ms)
✔ stops on first non-retryable result (0.1472ms)
✔ success on second attempt does not take third (0.1478ms)
ℹ tests 316
ℹ suites 0
ℹ pass 316
ℹ fail 0
ℹ cancelled 0
ℹ skipped 0
ℹ todo 0
ℹ duration_ms 26367.9278

> snp-camps@0.1.0 build
> next build

▲ Next.js 16.2.11 (Turbopack)
- Environments: .env.local, .env
- Cache Components enabled
- Experiments (use with caution):
  · optimizePackageImports

  Creating an optimized production build ...
✓ Compiled successfully in 3.7s
  Running TypeScript ...
  Finished TypeScript in 4.4s ...
  Collecting page data using 21 workers ...
  Generating static pages using 21 workers (0/20) ...
  Generating static pages using 21 workers (5/20) 
  Generating static pages using 21 workers (10/20) 
  Generating static pages using 21 workers (15/20) 
✓ Generating static pages using 21 workers (20/20) in 780ms
  Finalizing page optimization ...

Route (app)                   Revalidate  Expire
┌ ◐ /                                 5s      1y
├ ○ /_not-found
├ ◐ /admin
├ ◐ /admin/patients
├ ƒ /api/aadhaar-lookup
├ ƒ /api/admin/staff-detail
├ ƒ /api/admin/staff/[role]
├ ƒ /api/admin/test-sms
├ ƒ /api/cron/reminder-sms
├ ƒ /api/desk/live
├ ƒ /api/health
├ ƒ /api/notify/registration
├ ƒ /api/patients/[id]/print
├ ◐ /doctor
├ ○ /login
├ ◐ /p/[id]
│ └ /p/[id]
├ ◐ /print/[id]
│ └ /print/[id]
├ ◐ /register                         5s      1y
├ ◐ /s/[token]
│ └ /s/[token]
└ ◐ /volunteer


ƒ Proxy (Middleware)

○  (Static)             prerendered as static content
◐  (Partial Prerender)  prerendered as static HTML with dynamic server-streamed content
ƒ  (Dynamic)            server-rendered on demand


> snp-camps@0.1.0 check:js-budget
> node scripts/check-js-budget.mjs

JS route budgets (gzipped bytes):
  ok        /                            actual=  201766 budget=  274000 raw=673818
  ok        /_global-error               actual=  187009 budget=  193000 raw=631831
  ok        /_not-found                  actual=  192890 budget=  199000 raw=648218
  ok        /admin                       actual=  453221 budget=  462000 raw=1526443
  ok        /admin/patients              actual=  394519 budget=  406000 raw=1346756
  ok        /doctor                      actual=  449472 budget=  461000 raw=1510841
  ok        /login                       actual=  264252 budget=  273000 raw=913774
  ok        /p/[id]                      actual=  192890 budget=  199000 raw=648218
  ok        /print/[id]                  actual=  207353 budget=  212000 raw=690667
  ok        /register                    actual=  401363 budget=  410000 raw=1371025
  ok        /s/[token]                   actual=  192890 budget=  199000 raw=648218
  ok        /volunteer                   actual=  453761 budget=  464000 raw=1528612
All route JS budgets within limits.
