Resetting local database...
Recreating database...
Initialising schema...
Seeding globals from roles.sql...
Applying migration 20260725134338_baseline_current_schema.sql...
Applying migration 20260725193254_split_staff_camp_crew.sql...
Applying migration 20260725201500_passcode_issued_at.sql...
Applying migration 20260725210000_drop_account_provisioning_token.sql...
Applying migration 20260725213000_fix_register_patient_idempotent_replay.sql...
Applying migration 20260725220000_link_patient_phone_household_candidates.sql...
Applying migration 20260725230000_unify_volunteer_kpis.sql...
Applying migration 20260725231000_db_consistency_pass.sql...
Applying migration 20260725232000_retire_app_database_contract.sql...
Applying migration 20260725234000_patients_realtime_desk.sql...
Applying migration 20260726090000_patients_status_token_drop_passcode.sql...
Applying migration 20260726120000_two_round_check_in.sql...
Applying migration 20260726130000_likely_duplicate_warn.sql...
Applying migration 20260726140000_reminder_sms_sent_at.sql...
Applying migration 20260726150000_retire_patient_realtime_least_privilege.sql...
Applying migration 20260726160000_assign_waiting_before_seen.sql...
Applying migration 20260726170000_retire_patient_auth_capabilities.sql...
NOTICE (00000): function public.link_patient_phone(text) does not exist, skipping
NOTICE (00000): retire_patient_auth: patients.user_id non-null before detach = 0
Applying migration 20260726180000_serialize_likely_duplicate_checks.sql...
Applying migration 20260726190000_sms_deliveries_ledger.sql...
Applying migration 20260726200000_status_queue_position_fcfs.sql...
Applying migration 20260726210000_serialize_camp_day_capacity.sql...
WARN: no files matched pattern: supabase/seed.sql
Restarting containers...
Finished supabase db reset on branch fix/gate-a-56-57-58.
