
> snp-camps@0.1.0 verify
> npm run lint && npm test && npm run build && npm run check:js-budget


> snp-camps@0.1.0 lint
> eslint


> snp-camps@0.1.0 test
> node --no-warnings --import ./tests/route-loader.mjs --test --test-concurrency=1 tests/*.test.mjs

Γ£ö touch-min is 48px (3rem) (1.3017ms)
Γ£ö focus-visible ring and prefers-reduced-motion stay on (0.2571ms)
Γ£ö skip link + field Input errors use alert role (0.2008ms)
Γ£ö shared Button/Input targets are ΓëÑ48px (min-h-12 or 3.25rem) (0.1329ms)
Γ£ö palette pairs meet AA normal text (ΓëÑ4.5:1) for body/labels (0.539ms)
Γ£ö duplicate Aadhaar last-4 + name raises mapped message with reg no (87.7997ms)
Γ£ö staff override inserts second row and records who and when (39.5523ms)
Γ£ö service_role cannot pass aadhaar override (20.8515ms)
Γ£ö rejects unknown role with 400 before database access (4.5863ms)
Γ£ö doctor: create provisions profile and invalidates doctors-list (2.9ms)
Γ£ö doctor: reset password returns temporary password and invalidates cache (1.3549ms)
Γ£ö doctor: deactivate sets disabled_at, bans sign-in, invalidates cache (1.0589ms)
Γ£ö doctor: reactivate clears disabled_at and invalidates cache (0.9202ms)
Γ£ö volunteer: create provisions profile and invalidates doctors-list (0.711ms)
Γ£ö volunteer: reset password returns temporary password and invalidates cache (0.4644ms)
Γ£ö volunteer: deactivate sets disabled_at, bans sign-in, invalidates cache (1.043ms)
Γ£ö volunteer: reactivate clears disabled_at and invalidates cache (0.4699ms)
Γ£ö admin cannot deactivate their own account (0.5431ms)
Γ£ö GET list returns staff rows for the path role (0.5306ms)
Γ£ö GET test-sms requires admin and reports configuration (4.3141ms)
Γ£ö POST test-sms rejects unconfigured provider (1.6683ms)
Γ£ö doctor assign of registered returns check_in_required and leaves row unchanged (77.5234ms)
Γ£ö volunteer assign of registered returns check_in_required (38.3575ms)
Γ£ö waiting patient transitions to seen once and preserves check-in fields (75.7929ms)
Γ£ö repeat assign on seen is terminal and never reassigns doctor (130.0444ms)
Γ£ö concurrent assign cannot produce different doctors or skip waiting rule (284.6945ms)
Γ£ö reg holds day lock while admin lowers limit ΓåÆ edit rejects; limit ΓëÑ count (354.159ms)
Γ£ö edit locks first then reg follows ΓåÆ capacity preserved (reg full) (834.5265ms)
Γ£ö two concurrent regs at final seat ΓåÆ at most one success (150.0347ms)
Γ£ö edit equal/above count succeeds; below returns SEAT_LIMIT_BELOW_ASSIGNED (144.5775ms)
Γ£ö smoke: not-found, wrong camp, non-admin permission (132.87ms)
Γ£ö stress: repeated edit/reg interleavings complete without deadlock (642.6759ms)
Γ£ö Realtime patient subscription modules are gone (0.8988ms)
Γ£ö src has no postgres_changes or supabase channel subscribe for desks (8.1129ms)
Γ£ö public/register SeatBoard call sites never pass live (0.4101ms)
Γ£ö staff desks enable live seat board or live bridge (0.3598ms)
Γ£ö #50 doctor station marks seen without confirm dialog copy (0.3881ms)
Γ£ö #57 doctor registered review has no Mark seen; check-in instruction present (0.3474ms)
Γ£ö #58 scanner uses camera session + decode orchestrator generation guards (0.3635ms)
Γ£ö SeatBoard live defaults false; staff path uses shared desk owner (0.2602ms)
Γ£ö staff queue/seat use shared camp desk live owner (0.3396ms)
Γ£ö #56 continuous ~20s poll is the staff freshness owner (0.3047ms)
Γ£ö doctor bridge polls continuously without Realtime (0.502ms)
Γ£ö #56 no staff copy instructs manual-only refresh on live desks (0.7779ms)
Γ£ö #26 no unstable_cache in src/ (21.9848ms)
Γ£ö #26 doctor list uses use cache + doctors-list tag (0.5421ms)
Γ£ö #26 active camp snapshot uses use cache + tag (0.3802ms)
Γ£ö out-of-order: only latest generation applies (148.1339ms)
Γ£ö two subscribers share one owner and one in-flight fetch (0.9346ms)
Γ£ö pending removals are id-keyed and independent (34.2858ms)
Γ£ö failed refresh preserves rows and marks stale-error (58.2239ms)
Γ£ö pre-reg stays registered and is excluded from waiting queue (63.9881ms)
Γ£ö check_in is idempotent for waiting and blocks seen (137.0716ms)
Γ£ö queue order is by check-in time not registration time (161.2215ms)
Γ£ö name search returns only registered for active camp (83.1108ms)
Γ£ö name search finds one-character typo via trigram (#61) (87.9876ms)
Γ£ö name search finds simple transposition via trigram (#61) (46.1195ms)
Γ£ö exact prefix ranks before fuzzy matches (#61) (79.0365ms)
Γ£ö name search excludes other camp and seen (#61) (107.8531ms)
Γ£ö name search returns at most 10 deterministic rows (#61) (97.7169ms)
Γ£ö search plan uses registered filter and name index path (#61 EXPLAIN) (81.9756ms)
Γ£ö Aadhaar helpers normalize without retaining extra digits (0.8083ms)
Γ£ö Aadhaar checksum rejects malformed and repeated values (0.1743ms)
Γ£ö gender normalization accepts common provider values (0.1351ms)
Γ£ö QR parser accepts staff-scan identifiers only (0.4456ms)
Γ£ö QR parser handles noisy camera reads and length bounds (0.1576ms)
Γ£ö isPatientUuid and resolveOrigin validate inputs (0.1038ms)
Γ£ö Staff excludes doctor; Camp crew includes all three desk roles (0.1694ms)
Γ£ö production CSP script-src uses nonce without unsafe-inline (0.3499ms)
Γ£ö registration number parser rejects overflow and malformed values (0.1453ms)
Γ£ö password policy matches Supabase Auth minimum length (0.1384ms)
Γ£ö patient URLs are staff-scan canonical and staff passwords avoid ambiguous characters (0.5046ms)
Γ£ö sensitive provider URLs require a secure transport (0.1977ms)
Γ£ö admin bootstrap sends its service key only to the exact Supabase project (0.6123ms)
Γ£ö rate limits enforce both client IP and supplied subject (16.9321ms)
Γ£ö rate limits block IP burst and subject rotation independently (0.8746ms)
Γ£ö notification phone normalization accepts common Indian formats (0.204ms)
Γ£ö only a completed, error-free doctor assignment is successful (0.1289ms)
Γ£ö queue labels and tones map known statuses (0.1124ms)
[reminder-sms] job done {
  tomorrow: '2026-07-27',
  considered: 0,
  sent: 0,
  skipped: 0,
  failed: 0,
  ambiguous: 0,
  ok: true
}
[reminder-sms] list failed relation missing
[sms-failure] {
  template: 'reminder',
  detail: 'relation missing',
  phoneLast4: undefined
}
Γ£ö cron rejects unauthenticated calls (3.9413ms)
Γ£ö cron with valid secret runs job (empty candidates) (2.9725ms)
Γ£ö cron list failure returns non-2xx and ok:false (1.9812ms)
DESK_LIVE_PAYLOAD_100_BYTES 12314
Γ£ö 100-waiting desk-live payload stays small (closing evidence) (1.4546ms)
Γ£ö desk-live route source never loads doctors or staff KPIs (0.5534ms)
Γ£ö GET /api/desk/live rejects unauthenticated and non-crew (3.3108ms)
Γ£ö GET /api/desk/live requires campId UUID (0.684ms)
[db-error] desk-ops.lookup {
  code: '08006',
  message: 'connection_failure',
  details: undefined,
  hint: undefined,
  status: undefined,
  category: 'transient',
  retryable: true
}
[db-error] desk-ops.lookup {
  code: '08006',
  message: 'connection_failure',
  details: undefined,
  hint: undefined,
  status: undefined,
  category: 'transient',
  retryable: true
}
[db-error] desk-ops.lookup {
  code: '08006',
  message: 'connection_failure',
  details: undefined,
  hint: undefined,
  status: undefined,
  category: 'transient',
  retryable: true
}
[db-error] desk-ops.lookup {
  code: '40001',
  message: 'could not serialize access',
  details: undefined,
  hint: undefined,
  status: undefined,
  category: 'transient',
  retryable: true
}
[db-error] desk-ops.lookup {
  code: '42501',
  message: 'permission denied for table patients',
  details: undefined,
  hint: undefined,
  status: undefined,
  category: 'permission',
  retryable: false
}
[db-error] desk-ops.assign {
  code: '57014',
  message: 'canceling statement due to statement timeout',
  details: undefined,
  hint: undefined,
  status: undefined,
  category: 'timeout',
  retryable: true
}
[db-error] desk-ops.assign {
  code: '57014',
  message: 'canceling statement due to statement timeout',
  details: undefined,
  hint: undefined,
  status: undefined,
  category: 'timeout',
  retryable: true
}
[db-error] desk-ops.assign {
  code: '57014',
  message: 'canceling statement due to statement timeout',
  details: undefined,
  hint: undefined,
  status: undefined,
  category: 'timeout',
  retryable: true
}
[db-error] desk-ops.assign {
  code: '08006',
  message: 'connection_failure',
  details: undefined,
  hint: undefined,
  status: undefined,
  category: 'transient',
  retryable: true
}
[db-error] desk-ops.assign {
  code: '08006',
  message: 'connection_failure',
  details: undefined,
  hint: undefined,
  status: undefined,
  category: 'transient',
  retryable: true
}
[db-error] desk-ops.assign {
  code: '08006',
  message: 'connection_failure',
  details: undefined,
  hint: undefined,
  status: undefined,
  category: 'transient',
  retryable: true
}
[db-error] desk-ops.assign {
  code: '57014',
  message: 'canceling statement due to statement timeout',
  details: undefined,
  hint: undefined,
  status: undefined,
  category: 'timeout',
  retryable: true
}
[db-error] desk-ops.change-day {
  code: undefined,
  message: 'Failed to fetch',
  details: undefined,
  hint: undefined,
  status: undefined,
  category: 'transient',
  retryable: true
}
[db-error] desk-ops.change-day {
  code: undefined,
  message: 'Failed to fetch',
  details: undefined,
  hint: undefined,
  status: undefined,
  category: 'transient',
  retryable: true
}
[db-error] desk-ops.change-day {
  code: undefined,
  message: 'Failed to fetch',
  details: undefined,
  hint: undefined,
  status: undefined,
  category: 'transient',
  retryable: true
}
[db-error] desk-ops.change-day {
  code: 'P0001',
  message: 'That day is full (40 seats taken)',
  details: undefined,
  hint: undefined,
  status: undefined,
  category: 'capacity',
  retryable: false
}
[db-error] desk-ops.change-day {
  code: '42501',
  message: 'permission denied for function change_camp_day',
  details: undefined,
  hint: undefined,
  status: undefined,
  category: 'permission',
  retryable: false
}
[db-error] desk-ops.change-day {
  code: '08006',
  message: 'connection_failure',
  details: undefined,
  hint: undefined,
  status: undefined,
  category: 'transient',
  retryable: true
}
[db-error] desk-ops.change-day {
  code: 'XX000',
  message: 'weird internal',
  details: undefined,
  hint: undefined,
  status: undefined,
  category: 'unknown',
  retryable: false
}
[db-error] desk-ops.check-in {
  code: '08006',
  message: 'connection_failure',
  details: undefined,
  hint: undefined,
  status: undefined,
  category: 'transient',
  retryable: true
}
[db-error] desk-ops.check-in {
  code: '08006',
  message: 'connection_failure',
  details: undefined,
  hint: undefined,
  status: undefined,
  category: 'transient',
  retryable: true
}
[db-error] desk-ops.check-in {
  code: '08006',
  message: 'connection_failure',
  details: undefined,
  hint: undefined,
  status: undefined,
  category: 'transient',
  retryable: true
}
[db-error] desk-ops.check-in {
  code: '40001',
  message: 'could not serialize access',
  details: undefined,
  hint: undefined,
  status: undefined,
  category: 'transient',
  retryable: true
}
[db-error] desk-ops.check-in {
  code: '42501',
  message: 'permission denied for function check_in_patient',
  details: undefined,
  hint: undefined,
  status: undefined,
  category: 'permission',
  retryable: false
}
[db-error] desk-ops.search {
  code: '42501',
  message: 'permission denied for function search_registered_patients',
  details: undefined,
  hint: undefined,
  status: undefined,
  category: 'permission',
  retryable: false
}
[db-error] desk-ops.search {
  code: undefined,
  message: 'Failed to fetch',
  details: undefined,
  hint: undefined,
  status: undefined,
  category: 'transient',
  retryable: true
}
[db-error] desk-ops.search {
  code: undefined,
  message: 'Failed to fetch',
  details: undefined,
  hint: undefined,
  status: undefined,
  category: 'transient',
  retryable: true
}
[db-error] desk-ops.search {
  code: undefined,
  message: 'Failed to fetch',
  details: undefined,
  hint: undefined,
  status: undefined,
  category: 'transient',
  retryable: true
}
[db-error] desk-ops.search {
  code: '57014',
  message: 'canceling statement due to statement timeout',
  details: undefined,
  hint: undefined,
  status: undefined,
  category: 'timeout',
  retryable: true
}
[db-error] desk-ops.search {
  code: 'XX000',
  message: 'relation patients exploded',
  details: undefined,
  hint: undefined,
  status: undefined,
  category: 'unknown',
  retryable: false
}
Γ£ö lookup retries twice on 08006 then surfaces exhausted copy (5.3897ms)
Γ£ö lookup success on second attempt after serialization_failure (0.3306ms)
Γ£ö lookup patient-not-found is not retried (0.1786ms)
Γ£ö lookup permission denial 42501 is not retried (0.6762ms)
Γ£ö assign retries twice on timeout then surfaces exhausted copy (0.9624ms)
Γ£ö assign keeps the same doctor id on every retry (no double-assign params) (0.6722ms)
Γ£ö assign already_seen after flaky first call is terminal success (no re-assign) (0.4254ms)
Γ£ö assign doctor_required is not retried (0.2397ms)
Γ£ö assign check_in_required is not retried and uses worker copy (0.3317ms)
Γ£ö change-day retries twice on thrown transport then surfaces exhausted copy (1.3716ms)
Γ£ö change-day business error (day full P0001) is not retried (0.3537ms)
Γ£ö change-day RLS denial is not retried (0.2729ms)
Γ£ö change-day success on second attempt preserves day id arg (0.2786ms)
Γ£ö change-day unknown XX000 is terminal (not three internet retries) (0.313ms)
Γ£ö check-in retries twice on 08006 then surfaces exhausted copy (0.7011ms)
Γ£ö check-in success on second attempt after serialization_failure (0.397ms)
Γ£ö check-in already_seen is terminal and uses safe copy (0.2721ms)
Γ£ö check-in permission denial is not retried and hides raw text (0.531ms)
Γ£ö check-in already_waiting success is not retried (0.1672ms)
Γ£ö search empty rows is success empty ΓÇö not an error (#61) (0.2616ms)
Γ£ö search RLS / permission is error not empty match (0.3772ms)
Γ£ö search transport failure retries then exhausted copy (0.3185ms)
Γ£ö search success on second attempt returns rows (0.2003ms)
Γ£ö search unknown XX000 is terminal error not empty (0.2588ms)
[db-error] staff-register.rpc {
  code: 'P0001',
  message: 'This day is full (40 seats). Choose another day.',
  details: undefined,
  hint: undefined,
  status: undefined,
  category: 'capacity',
  retryable: false
}
[db-error] staff-register.rpc {
  code: '42501',
  message: 'permission denied for function register_patient_idempotent',
  details: undefined,
  hint: undefined,
  status: undefined,
  category: 'permission',
  retryable: false
}
[db-error] staff-register.rpc {
  code: '08006',
  message: 'connection_failure',
  details: undefined,
  hint: undefined,
  status: undefined,
  category: 'transient',
  retryable: true
}
[db-error] staff-register.rpc {
  code: '08006',
  message: 'connection_failure',
  details: undefined,
  hint: undefined,
  status: undefined,
  category: 'transient',
  retryable: true
}
[db-error] staff-register.rpc {
  code: '08006',
  message: 'connection_failure',
  details: undefined,
  hint: undefined,
  status: undefined,
  category: 'transient',
  retryable: true
}
[db-error] staff-register.rpc {
  code: '08006',
  message: 'connection_failure',
  details: undefined,
  hint: undefined,
  status: undefined,
  category: 'transient',
  retryable: true
}
[db-error] staff-register.rpc {
  code: '08006',
  message: 'connection_failure',
  details: undefined,
  hint: undefined,
  status: undefined,
  category: 'transient',
  retryable: true
}
[db-error] staff-register.rpc {
  code: '08006',
  message: 'connection_failure',
  details: undefined,
  hint: undefined,
  status: undefined,
  category: 'transient',
  retryable: true
}
[db-error] staff-register.rpc {
  code: '08006',
  message: 'connection_failure',
  details: undefined,
  hint: undefined,
  status: undefined,
  category: 'transient',
  retryable: true
}
Γ£ö aadhaar/likely duplicates and terminal errors are not retryable; transport is (1.1378ms)
Γ£ö retries twice on retryable=true then surfaces the plain failure sentence (0.8406ms)
Γ£ö success on second attempt stops retries (0.1674ms)
Γ£ö aadhaar conflict is not retried (0.1348ms)
Γ£ö likely-duplicate warning is not retried (0.1639ms)
Γ£ö day-full structured error is not retried and keeps capacity copy (4.0124ms)
Γ£ö permission denial is not retried (0.7883ms)
Γ£ö connection-class error is retried then exhausted (1.4478ms)
Γ£ö runDeskRegisterAndPrint surfaces likelyDuplicateRegNo (0.3745ms)
Γ£ö register-then-print: same request id on retries; print then reset order (1.0623ms)
Γ£ö failed register never opens print or resets (1.3433ms)
Γ£ö default format is a4 multi-up (0.9998ms)
Γ£ö parse accepts a4 and thermal58 (case-insensitive) (0.1421ms)
Γ£ö isDeskSlipFormat is strict (0.0954ms)
Γ£ö labels and storage key stay stable for station setting (0.1234ms)
Γ£ö getDoctorsList: service-role present and query succeeds (1.2887ms)
Γ£ö getDoctorsList: service-role present and query errors throws (0.6132ms)
Γ£ö getDoctorsList: service-role key absent throws (0.2948ms)
Γ£ö getDoctorsList: empty result is success (not an error) (0.4754ms)
Γ£ö formatCampDay anchors YYYY-MM-DD at Asia/Kolkata midnight (0.8984ms)
Γ£ö year-boundary date: IST convention disagrees with UTC-midnight-in-LA (0.3957ms)
Γ£ö formatCampDay is stable for a mid-year date (0.1473ms)
Γ£ö malformed input is returned unchanged (0.1368ms)
Γ£ö formatCampDaySms is compact GSM-7 (no weekday) (0.2039ms)
Γ£ö types re-exports the same formatter (3.0971ms)
Γ£ö old noon-local helper is still the shape we deleted (sanity) (0.3128ms)
Γ£ö thirteenth readiness probe in the window is 429 (7.8505ms)
Γ£ö liveness is never rate-limited across thirty requests (4.2883ms)
Γ£ö ready-ok when fully aligned: 200 with all checks (1.4519ms)
Γ£ö migration-head discovery failure ΓåÆ 503 (never 200) (0.6664ms)
Γ£ö repository/applied head mismatch ΓåÆ 503 (0.4966ms)
Γ£ö missing critical function in catalog ΓåÆ 503 (0.4953ms)
Γ£ö missing sms_deliveries table ΓåÆ 503 on schema and sms_ledger (0.5441ms)
Γ£ö patients in Realtime publication ΓåÆ 503 (0.3762ms)
Γ£ö status_token grant to authenticated ΓåÆ 503 on rpc_grants (0.7073ms)
Γ£ö catalog probe RPC failure ΓåÆ 503 (0.7164ms)
Γ£ö database unreachable ΓåÆ 503 (0.3726ms)
Γ£ö probe timeout ΓåÆ 503 within budget (2507.6365ms)
Γ£ö no service-role client ΓåÆ 503 (1.5724ms)
Γ£ö non-critical historical object absent does not fail when not in contract (1.968ms)
Γ£ö no code path references app_database_contract (22.6429ms)
Γ£ö checkBudgets fails when a route exceeds its gzipped budget (0.98ms)
Γ£ö checkBudgets fails when a measured route has no budget entry (0.626ms)
Γ£ö checkBudgets passes when every route is within budget (0.1143ms)
Γ£ö budgetFromMeasured rounds up slightly above the measurement (0.157ms)
Γ£ö loadBudgets accepts flat map or { routes } wrapper (2.8201ms)
Γ£ö main exits non-zero when budgets are deliberately too low (78.8581ms)
Γ£ö two connections same name+age: one insert, other LIKELY_DUPLICATE (268.9221ms)
Γ£ö warned request can override once with attribution (552.6039ms)
Γ£ö shared family phone different person remains overridable (76.2767ms)
Γ£ö different duplicate keys proceed without soft-lock serialization (311.6922ms)
Γ£ö two-key inputs stress: no deadlock across concurrent desks (382.4403ms)
Γ£ö phone-only concurrent race serializes like name+age (300.2745ms)
Γ£ö name + age match in same camp raises LIKELY_DUPLICATE with reg no (81.3603ms)
Γ£ö phone match in same camp raises LIKELY_DUPLICATE (35.62ms)
Γ£ö same name+age in a different camp does not warn (104.9306ms)
Γ£ö likely override inserts second row and records who and when; not sticky (64.9964ms)
Γ£ö check-in of soft-match reg creates no new patient (41.792ms)
Γ£ö soft match query is indexed (name+age plan uses index) (2.9492ms)
Γ£ö sendMsg91TemplateSms posts flow payload with authkey header (19.1042ms)
Γ£ö sendMsg91TemplateSms maps HTTP errors without throwing (0.3697ms)
Γ£ö catalog: link_patient_phone absent; patients.user_id absent; no role default (35.1085ms)
Γ£ö residual patient-role profile cannot read patients or change day (137.5824ms)
Γ£ö staff can change camp day; disabled staff denied (44.9752ms)
Γ£ö explicit staff profile insert works without handle_new_user side effect (24.201ms)
Γ£ö local config disables public signup (repo source) (0.7691ms)
Γ£ö name + age only (no phone, no address) succeeds (1.3874ms)
Γ£ö missing name fails (0.1211ms)
Γ£ö missing age fails (0.0932ms)
Γ£ö invalid phone fails; blank phone ok (0.2344ms)
Γ£ö aadhaar last-4 accepted when filled (0.105ms)
Γ£ö full day rejected (0.0839ms)
Γ£ö doctor cannot select unrelated patient PHI or status_token (103.165ms)
Γ£ö volunteer can select active-camp desk fields but not status_token (26.1342ms)
Γ£ö admin can select active-camp patients but not status_token via table grant (51.614ms)
Γ£ö disabled volunteer cannot select patients (33.0698ms)
Γ£ö volunteer cannot select patients on inactive camp (21.0165ms)
Γ£ö staff registration notify RPC returns status_token; doctor cannot (116.7475ms)
Γ£ö patients table is absent from supabase_realtime publication (2.0308ms)
[db-error] test {
  code: undefined,
  message: 'day is full ΓÇö select a camp day with seats',
  details: undefined,
  hint: undefined,
  status: undefined,
  category: 'capacity',
  retryable: false
}
Γ£ö known Postgres unique violation maps to camp-worker copy (1.2488ms)
Γ£ö RLS / permission denial maps to permission copy (0.3005ms)
Γ£ö foreign key violation maps without leaking table names (0.1641ms)
Γ£ö AADHAAR_DUPLICATE keeps structured desk copy (0.268ms)
Γ£ö registration day-full phrase maps (0.8468ms)
Γ£ö SEAT_LIMIT_BELOW_ASSIGNED maps to capacity copy with count (#66) (0.2693ms)
Γ£ö legacy seats-below-taken phrase still maps (#66) (0.1195ms)
Γ£ö unknown code maps to safe generic and never returns raw text (0.2189ms)
Γ£ö unknown error logs raw text when log is enabled (0.3403ms)
Γ£ö custom fallback is used when nothing matches (0.1912ms)
Γ£ö publicRegistrationError uses registration fallback (0.1335ms)
Γ£ö classify: transport failure flag (0.3059ms)
Γ£ö classify: timedOut flag (0.201ms)
Γ£ö classify: HTTP 503 (0.1065ms)
Γ£ö classify: connection failure 08006 (0.1983ms)
Γ£ö classify: serialization_failure 40001 (0.1751ms)
Γ£ö classify: deadlock 40P01 (0.0678ms)
Γ£ö classify: statement timeout 57014 (0.0372ms)
Γ£ö classify: browser Failed to fetch (legacy message fallback) (0.0347ms)
Γ£ö classify: insufficient privilege 42501 (0.1553ms)
Γ£ö classify: unique violation 23505 (0.0681ms)
Γ£ö classify: not found PGRST116 (0.0467ms)
Γ£ö classify: invalid input 22P02 (0.0386ms)
Γ£ö classify: schema cache / missing function PGRST202 (0.045ms)
Γ£ö classify: undefined table 42P01 (0.0345ms)
Γ£ö classify: RPC raise day full (P0001) is terminal (0.0608ms)
Γ£ö classify: SEAT_LIMIT_BELOW_ASSIGNED is terminal capacity (0.0412ms)
Γ£ö classify: inactive camp phrase is terminal (0.0597ms)
Γ£ö classify: unknown XX000 is terminal (not retried) (0.0392ms)
Γ£ö classify: AADHAAR_DUPLICATE is terminal (0.0377ms)
Γ£ö classify logs category and retryable without putting raw text in publicMessage (0.2456ms)
Γ£ö canUseNativeQrDetector is false without BarcodeDetector (1.7519ms)
Γ£ö canUseNativeQrDetector requires getSupportedFormats to list qr_code (0.1936ms)
Γ£ö decodeQrFromImageData returns null when decoder finds nothing (0.1421ms)
Γ£ö freeze after terminal exhaustion blocks same-code re-arm until unfreeze (#61) (1.6059ms)
Γ£ö stop during pending detect produces no callback (0.8639ms)
Γ£ö unmount-style invalidate after acquire stops tracks and rejects stale stream (0.231ms)
Γ£ö rapid begin A then B does not keep A's stream (0.1515ms)
Γ£ö pause then delayed detect does not callback; resume allows next (0.2102ms)
Γ£ö freeze blocks auto re-decode until unfreeze (0.3069ms)
Γ£ö debounce ignores same raw QR after mark-seen (0.222ms)
Γ£ö single in-flight: second detect waits for first to finish (0.1954ms)
Γ£ö repo migration head matches EXPECTED_MIGRATION_HEAD constant (18.2852ms)
Γ£ö applied ledger head agrees with contract after clean migrations (2.3536ms)
Γ£ö readiness_catalog_probe returns full contract facts on clean DB (19.1326ms)
Γ£ö patients absent from supabase_realtime (catalog fact) (1.7327ms)
Γ£ö probe is not executable by anon or authenticated (1.5176ms)
Γ£ö evaluateCatalogFacts fails closed on missing critical column (1.3737ms)
Γ£ö probe output contains no PHI-looking fields (10.8751ms)
Γ£ö replay with null camp_day returns the original registration (71.6533ms)
Γ£ö N concurrent registrations against M seats yield exactly M successes (81.0571ms)
Γ£ö concurrent change_camp_day cannot overbook a full day (53.0345ms)
Γ£ö register_patient wrapper is gone from the catalog (1.164ms)
[db-error] staff-register.rpc {
  code: undefined,
  message: 'temporary',
  details: undefined,
  hint: undefined,
  status: undefined,
  category: 'unknown',
  retryable: false
}
[db-error] staff-register.rpc {
  code: undefined,
  message: 'temporary',
  details: undefined,
  hint: undefined,
  status: undefined,
  category: 'unknown',
  retryable: false
}
[db-error] staff-register.rpc {
  code: undefined,
  message: 'temporary',
  details: undefined,
  hint: undefined,
  status: undefined,
  category: 'unknown',
  retryable: false
}
Γ£ö non-staff registration is rejected (desk only) (3.3562ms)
Γ£ö staff registration submit sends a non-empty UUID p_request_id to the RPC (0.4665ms)
Γ£ö requestId is stable across retries of the same submission (2.1057ms)
Γ£ö requestId rotates after success (next walk-in) and after resetForm (0.4174ms)
Γ£ö staff payload builder includes the attempt id (not optional) (0.1755ms)
Γ£ö parseAadhaarDuplicateError extracts reg no and ignores noise (0.7302ms)
Γ£ö staff RPC passes one-shot aadhaar override flag (0.2514ms)
Γ£ö staff outbound surfaces aadhaarDuplicateRegNo from RPC error (0.196ms)
Γ£ö parseLikelyDuplicateError extracts reg no (0.2222ms)
Γ£ö staff RPC passes one-shot likely-duplicate override flag (0.3117ms)
Γ£ö staff outbound surfaces likelyDuplicateRegNo from RPC error (0.2128ms)
[sms-failure] { template: 'registration', detail: 'MSG91 down', phoneLast4: '3210' }
[sms-failure] { template: 'registration', detail: 'fail-0', phoneLast4: undefined }
[sms-failure] { template: 'registration', detail: 'fail-1', phoneLast4: undefined }
[sms-failure] { template: 'registration', detail: 'fail-2', phoneLast4: undefined }
[sms-failure] { template: 'registration', detail: 'fail-3', phoneLast4: undefined }
[sms-failure] { template: 'registration', detail: 'fail-4', phoneLast4: undefined }
[sms-failure] { template: 'registration', detail: 'fail-5', phoneLast4: undefined }
[sms-failure] { template: 'registration', detail: 'fail-6', phoneLast4: undefined }
[sms-failure] { template: 'registration', detail: 'fail-7', phoneLast4: undefined }
[sms-failure] { template: 'registration', detail: 'fail-8', phoneLast4: undefined }
[sms-failure] { template: 'registration', detail: 'fail-9', phoneLast4: undefined }
[sms-failure] { template: 'registration', detail: 'fail-10', phoneLast4: undefined }
[sms-failure] { template: 'registration', detail: 'fail-11', phoneLast4: undefined }
[sms-failure] { template: 'registration', detail: 'fail-12', phoneLast4: undefined }
[sms-failure] { template: 'registration', detail: 'fail-13', phoneLast4: undefined }
[sms-failure] { template: 'registration', detail: 'fail-14', phoneLast4: undefined }
[sms-failure] { template: 'registration', detail: 'fail-15', phoneLast4: undefined }
[sms-failure] { template: 'registration', detail: 'fail-16', phoneLast4: undefined }
[sms-failure] { template: 'registration', detail: 'fail-17', phoneLast4: undefined }
[sms-failure] { template: 'registration', detail: 'fail-18', phoneLast4: undefined }
[sms-failure] { template: 'registration', detail: 'fail-19', phoneLast4: undefined }
[sms-failure] { template: 'registration', detail: 'fail-20', phoneLast4: undefined }
[sms-failure] { template: 'registration', detail: 'fail-21', phoneLast4: undefined }
[sms-failure] { template: 'registration', detail: 'fail-22', phoneLast4: undefined }
[sms-failure] { template: 'registration', detail: 'fail-23', phoneLast4: undefined }
[sms-failure] { template: 'registration', detail: 'fail-24', phoneLast4: undefined }
[sms-failure] { template: 'registration', detail: 'fail-25', phoneLast4: undefined }
[sms-failure] { template: 'registration', detail: 'fail-26', phoneLast4: undefined }
[sms-failure] { template: 'registration', detail: 'fail-27', phoneLast4: undefined }
[sms-failure] { template: 'registration', detail: 'fail-28', phoneLast4: undefined }
[sms-failure] { template: 'registration', detail: 'fail-29', phoneLast4: undefined }
[sms-failure] { template: 'registration', detail: 'fail-30', phoneLast4: undefined }
[sms-failure] { template: 'registration', detail: 'fail-31', phoneLast4: undefined }
[sms-failure] { template: 'registration', detail: 'fail-32', phoneLast4: undefined }
[sms-failure] { template: 'registration', detail: 'fail-33', phoneLast4: undefined }
[sms-failure] { template: 'registration', detail: 'fail-34', phoneLast4: undefined }
[sms-failure] { template: 'registration', detail: 'fail-35', phoneLast4: undefined }
[sms-failure] { template: 'registration', detail: 'fail-36', phoneLast4: undefined }
[sms-failure] { template: 'registration', detail: 'fail-37', phoneLast4: undefined }
[sms-failure] { template: 'registration', detail: 'fail-38', phoneLast4: undefined }
[sms-failure] { template: 'registration', detail: 'fail-39', phoneLast4: undefined }
[sms-failure] { template: 'registration', detail: 'fail-40', phoneLast4: undefined }
[sms-failure] { template: 'registration', detail: 'fail-41', phoneLast4: undefined }
[sms-failure] { template: 'registration', detail: 'fail-42', phoneLast4: undefined }
[sms-failure] { template: 'registration', detail: 'fail-43', phoneLast4: undefined }
[sms-failure] { template: 'registration', detail: 'fail-44', phoneLast4: undefined }
[sms-failure] { template: 'registration', detail: 'fail-45', phoneLast4: undefined }
[sms-failure] { template: 'registration', detail: 'fail-46', phoneLast4: undefined }
[sms-failure] { template: 'registration', detail: 'fail-47', phoneLast4: undefined }
[sms-failure] { template: 'registration', detail: 'fail-48', phoneLast4: undefined }
[sms-failure] { template: 'registration', detail: 'fail-49', phoneLast4: undefined }
[sms-failure] { template: 'registration', detail: 'fail-50', phoneLast4: undefined }
[sms-failure] { template: 'registration', detail: 'fail-51', phoneLast4: undefined }
[sms-failure] { template: 'registration', detail: 'fail-52', phoneLast4: undefined }
[sms-failure] { template: 'registration', detail: 'fail-53', phoneLast4: undefined }
[sms-failure] { template: 'registration', detail: 'fail-54', phoneLast4: undefined }
[sms-failure] { template: 'registration', detail: 'fail-55', phoneLast4: undefined }
[sms-failure] { template: 'registration', detail: 'fail-56', phoneLast4: undefined }
[sms-failure] { template: 'registration', detail: 'fail-57', phoneLast4: undefined }
[sms-failure] { template: 'registration', detail: 'fail-58', phoneLast4: undefined }
[sms-failure] { template: 'registration', detail: 'fail-59', phoneLast4: undefined }
Γ£ö DLT template is a fixed constant with {#var#} slots in order (0.797ms)
Γ£ö max-length rendered registration SMS is <=160 GSM-7 chars (0.4489ms)
Γ£ö non-GSM-7 characters cannot enter the message (0.4585ms)
Γ£ö no phone skips send, records no failure (0.3221ms)
Γ£ö unconfigured provider skips without failing (0.321ms)
Γ£ö provider throw is recorded and does not throw to caller (1.0712ms)
Γ£ö provider failure does not fail desk registration (0.5214ms)
Γ£ö venue is truncated to keep one segment (0.1284ms)
Γ£ö recordSmsFailure keeps a bounded admin-visible log (1.6602ms)
REMINDER_MAX_SMS 104 SNP Camp: Kal aana. Reg #999999. 30 Sep 2026 pe aana, AAAAAAAAAAAAAAAAAAAAAAAAAAAAAAAAAAA. Slip rakhein.
[sms-failure] { template: 'reminder', detail: 'MSG91 down', phoneLast4: '3210' }
[sms-failure] { template: 'reminder', detail: 'provider outage', phoneLast4: '3210' }
[reminder-sms] job done {
  tomorrow: '2026-07-27',
  considered: 1,
  sent: 0,
  skipped: 0,
  failed: 0,
  ambiguous: 1,
  ok: true
}
[reminder-sms] job done {
  tomorrow: '2026-07-27',
  considered: 2,
  sent: 1,
  skipped: 1,
  failed: 0,
  ambiguous: 0,
  ok: true
}
[reminder-sms] job done {
  tomorrow: '2026-07-27',
  considered: 2,
  sent: 0,
  skipped: 2,
  failed: 0,
  ambiguous: 0,
  ok: true
}
[reminder-sms] list failed schema missing
[sms-failure] {
  template: 'reminder',
  detail: 'schema missing',
  phoneLast4: undefined
}
Γ£ö DLT reminder template is fixed with {#var#} slots in order (0.9369ms)
Γ£ö max-length rendered reminder SMS is <=160 GSM-7 chars (1.1089ms)
Γ£ö kolkataDateIso anchors tomorrow in Asia/Kolkata (1.0441ms)
Γ£ö eligibility: only registered + phone + tomorrow + not yet sent (0.3255ms)
Γ£ö no phone skips send and is not an error (0.296ms)
Γ£ö provider failure does not throw from send or job (1.5996ms)
Γ£ö running the job twice sends exactly once per patient (1.003ms)
Γ£ö listCandidates failure marks job ok:false (0.5891ms)
Γ£ö isMsg91ReminderConfigured requires reminder template id (1.2167ms)
Γ£ö createRequestId returns a UUID v4-shaped string (3.5714ms)
Γ£ö createRequestId returns unique values across calls (0.3216ms)
Γ£ö createRequestId works when crypto.randomUUID is unavailable (0.5328ms)
Γ£ö service-role key never appears in client components or browser client (8.517ms)
Γ£ö service-role admin client is server-only (0.2559ms)
Γ£ö every public table in the baseline migration has RLS enabled (1.2445ms)
Γ£ö SQL is_staff and is_camp_crew role sets stay aligned (5.4845ms)
Γ£ö registration with phone enqueues pending delivery in same txn (120.9489ms)
Γ£ö registration without phone creates no delivery (37.2453ms)
Γ£ö two connections claim same delivery: exactly one wins (127.5049ms)
Γ£ö timeout path completes as ambiguous and is not reclaimable (64.7671ms)
Γ£ö known failure is reclaimable; sent stores provider request id (186.402ms)
Γ£ö stale sending lease is reclaimable (23.3042ms)
Γ£ö authenticated cannot select sms_deliveries table directly (26.3916ms)
Γ£ö ledger stores no full phone or message body columns (5.6876ms)
Γ£ö volunteer_my_counts is dropped from the catalog (19.0031ms)
Γ£ö active camp yields camp-scoped volunteer counts (173.8517ms)
Γ£ö null p_camp_id yields zeros (no all-time totals) (44.7124ms)
Γ£ö two waiting different timestamps ΓåÆ positions 1 and 2 (82.3189ms)
Γ£ö identical queued_at ordered by reg_no then id; unique consecutive positions (32.6137ms)
Γ£ö same queued_at and reg_no: id ASC is final tie-break (78.7182ms)
Γ£ö different camps never affect each other (126.1788ms)
Γ£ö seen/registered do not count ahead of waiting (16.8225ms)
Γ£ö waiting ΓåÆ seen loses position (NULL) (58.4171ms)
Γ£ö invalid/expired/random tokens return empty (same not-found shape) (27.3444ms)
Γ£ö authenticated cannot execute patient_status_by_token (105.6087ms)
Γ£ö null token input returns empty (not a fabricated number) (6.5592ms)
Γ£ö concurrent waiting peers get distinct ranks in one snapshot (180.2509ms)
Γ£ö least-privilege projection has no phone/token/queued_at columns (4.0291ms)
Γ£ö status page is a Server Component (no use client) (0.8014ms)
Γ£ö status page uses patient_status_by_token RPC only (0.3061ms)
Γ£ö status page treats RPC error as safe retry UI, zero rows as notFound (0.2491ms)
Γ£ö mapStatusRpcRow maps waiting position and nulls non-waiting (1.1536ms)
Γ£ö generateStatusToken is 128-bit hex and unique across samples (1.167ms)
Γ£ö isStatusTokenFormat rejects UUID, reg numbers, and short tokens (0.1349ms)
Γ£ö retries twice with 250 then 750 ms backoff by default (1.2128ms)
Γ£ö stops on first non-retryable result (0.3041ms)
Γ£ö success on second attempt does not take third (0.1706ms)
Γä╣ tests 309
Γä╣ suites 0
Γä╣ pass 309
Γä╣ fail 0
Γä╣ cancelled 0
Γä╣ skipped 0
Γä╣ todo 0
Γä╣ duration_ms 25990.5841

> snp-camps@0.1.0 build
> next build

Γû▓ Next.js 16.2.11 (Turbopack)
- Environments: .env.local, .env
- Cache Components enabled
- Experiments (use with caution):
  ┬╖ optimizePackageImports

  Creating an optimized production build ...
Γ£ô Compiled successfully in 3.9s
  Running TypeScript ...
  Finished TypeScript in 4.5s ...
  Collecting page data using 21 workers ...
  Generating static pages using 21 workers (0/20) ...
  Generating static pages using 21 workers (5/20) 
  Generating static pages using 21 workers (10/20) 
  Generating static pages using 21 workers (15/20) 
Γ£ô Generating static pages using 21 workers (20/20) in 2.1s
  Finalizing page optimization ...

Route (app)                   Revalidate  Expire
Γöî ΓùÉ /                                 5s      1y
Γö£ Γùï /_not-found
Γö£ ΓùÉ /admin
Γö£ ΓùÉ /admin/patients
Γö£ ╞Æ /api/aadhaar-lookup
Γö£ ╞Æ /api/admin/staff-detail
Γö£ ╞Æ /api/admin/staff/[role]
Γö£ ╞Æ /api/admin/test-sms
Γö£ ╞Æ /api/cron/reminder-sms
Γö£ ╞Æ /api/desk/live
Γö£ ╞Æ /api/health
Γö£ ╞Æ /api/notify/registration
Γö£ ╞Æ /api/patients/[id]/print
Γö£ ΓùÉ /doctor
Γö£ Γùï /login
Γö£ ΓùÉ /p/[id]
Γöé Γöö /p/[id]
Γö£ ΓùÉ /print/[id]
Γöé Γöö /print/[id]
Γö£ ΓùÉ /register                         5s      1y
Γö£ ΓùÉ /s/[token]
Γöé Γöö /s/[token]
Γöö ΓùÉ /volunteer


╞Æ Proxy (Middleware)

Γùï  (Static)             prerendered as static content
ΓùÉ  (Partial Prerender)  prerendered as static HTML with dynamic server-streamed content
╞Æ  (Dynamic)            server-rendered on demand


> snp-camps@0.1.0 check:js-budget
> node scripts/check-js-budget.mjs

JS route budgets (gzipped bytes):
  ok        /                            actual=  201766 budget=  274000 raw=673818
  ok        /_global-error               actual=  187009 budget=  193000 raw=631831
  ok        /_not-found                  actual=  192890 budget=  199000 raw=648218
  ok        /admin                       actual=  453221 budget=  462000 raw=1526443
  ok        /admin/patients              actual=  394519 budget=  406000 raw=1346756
  ok        /doctor                      actual=  449472 budget=  461000 raw=1510841
  ok        /login                       actual=  264252 budget=  273000 raw=913774
  ok        /p/[id]                      actual=  192890 budget=  199000 raw=648218
  ok        /print/[id]                  actual=  207353 budget=  212000 raw=690667
  ok        /register                    actual=  400753 budget=  410000 raw=1368875
  ok        /s/[token]                   actual=  192890 budget=  199000 raw=648218
  ok        /volunteer                   actual=  453761 budget=  464000 raw=1528612
All route JS budgets within limits.
